07-26 00:20:41.722  1228  1520 D ConnectivityService: reportNetworkConnectivity(131, true) by 10028
07-26 00:20:41.723  1228  1520 D ConnectivityService: reportNetworkConnectivity(131, true) by 10028
07-26 00:49:32.699  1228  1520 D ConnectivityService: reportNetworkConnectivity(131, true) by 10028
07-26 00:49:32.699  1228  1520 D ConnectivityService: reportNetworkConnectivity(131, true) by 10028
07-26 01:17:59.655  1228  1520 D ConnectivityService: NetworkAgentInfo [WIFI () - 131] validation failed
07-26 01:18:23.685  1228  1520 D ConnectivityService: reportNetworkConnectivity(131, true) by 10028
07-26 01:18:23.685  1228  1520 D ConnectivityService: reportNetworkConnectivity(131, true) by 10028
07-26 01:33:29.677  1625  1625 I chatty  : uid=10072(com.android.systemui) expire 45 lines
07-26 01:47:14.669  1228  1520 D ConnectivityService: reportNetworkConnectivity(131, true) by 10028
07-26 01:47:14.669  1228  1520 D ConnectivityService: reportNetworkConnectivity(131, true) by 10028
07-26 02:16:05.664  1228  1520 D ConnectivityService: reportNetworkConnectivity(131, true) by 10028
07-26 02:16:05.664  1228  1520 D ConnectivityService: reportNetworkConnectivity(131, true) by 10028
07-26 02:25:27.638  1228  1228 D DevicePolicyManager: updateSystemUpdateFreezePeriodsRecord
07-26 02:25:27.776  1228  1250 I ActivityManager: Start proc 22650:com.google.android.apps.turbo:aab/u0a32 for service com.google.android.apps.turbo/com.google.android.libraries.smartbattery.appusage.library.InferAppBucketsJob
07-26 02:25:27.787  1228  3119 W BroadcastQueue: Background execution not allowed: receiving Intent { act=android.intent.action.DATE_CHANGED flg=0x20200010 } to com.google.android.apps.turbo/com.google.android.libraries.smartbattery.appusage.features.TimeChangedReceiver
07-26 02:25:27.788  1228  1248 W BroadcastQueue: Background execution not allowed: receiving Intent { act=android.intent.action.DATE_CHANGED flg=0x20200010 } to com.google.android.calendar/com.android.calendar.widget.CalendarAppWidgetProvider
07-26 02:25:27.789  1228  1248 W BroadcastQueue: Background execution not allowed: receiving Intent { act=android.intent.action.DATE_CHANGED flg=0x20200010 } to com.google.android.calendar/.widgetmonth.MonthViewWidgetProvider
07-26 02:25:27.789  1228  1248 W BroadcastQueue: Background execution not allowed: receiving Intent { act=android.intent.action.DATE_CHANGED flg=0x20200010 } to com.google.android.calendar/com.google.android.apps.calendar.usernotifications.NotificationsInitializer$NotificationsRelevantUpdatesReceiver
07-26 02:25:27.789  1228  1248 W BroadcastQueue: Background execution not allowed: receiving Intent { act=android.intent.action.DATE_CHANGED flg=0x20200010 } to com.google.android.gms/.chimera.GmsIntentOperationService$PersistentTrustedReceiver
07-26 02:25:27.796  1228  1250 I ActivityManager: Start proc 22656:com.google.android.as:nonpersistent/u0a11 for service com.google.android.as/com.google.android.apps.miphone.aiai.allapps.backgroundjob.BackgroundJobService
07-26 02:25:27.961  1228  1250 I ActivityManager: Start proc 22709:com.google.android.apps.maps/u0a128 for service com.google.android.apps.maps/com.google.android.apps.gmm.shared.cache.glide.GlideDiskCacheExpirationService
07-26 02:25:28.125  1228  1250 I ActivityManager: Start proc 22730:com.google.android.apps.gcs/u0a14 for broadcast com.google.android.apps.gcs/com.google.android.libraries.vpn.gcs.core.receiver.ConnectivityTest
07-26 02:25:28.190  1228  1541 D ConnectivityService: Returning UNBLOCKED NetworkInfo to uid=10032
07-26 02:25:28.375  1228  3119 D ConnectivityService: Returning UNBLOCKED NetworkInfo to uid=10014
07-26 02:25:28.387  1228  3119 D ConnectivityService: requestNetwork for uid/pid:10014/22730 NetworkRequest [ TRACK_DEFAULT id=7846, [ Capabilities: INTERNET&NOT_RESTRICTED&TRUSTED Unwanted:  Uid: 10014] ]
07-26 02:25:28.549  1228  3119 D ConnectivityService: Returning UNBLOCKED NetworkInfo to uid=10128
07-26 02:25:28.715  1228  1250 I ActivityManager: Start proc 22790:com.android.vending/u0a21 for service com.android.vending/com.google.android.finsky.contentfilterui.ContentFiltersService
07-26 02:25:29.047  1228  2365 D ConnectivityService: requestNetwork for uid/pid:10021/22790 NetworkRequest [ TRACK_DEFAULT id=7847, [ Capabilities: INTERNET&NOT_RESTRICTED&TRUSTED Unwanted:  Uid: 10021] ]
07-26 02:25:29.305  1228  3119 D ConnectivityService: requestNetwork for uid/pid:10128/22709 NetworkRequest [ TRACK_DEFAULT id=7849, [ Capabilities: INTERNET&NOT_RESTRICTED&TRUSTED Unwanted:  Uid: 10128] ]
07-26 02:25:29.376  1228  1250 I ActivityManager: Start proc 22938:com.android.vending:download_service/u0a21 for service com.android.vending/com.google.android.finsky.ipcservers.downloadservice.DownloadServiceGrpcServerAndroidService
07-26 02:25:29.515  1228  4735 D ConnectivityService: requestNetwork for uid/pid:10021/22938 NetworkRequest [ TRACK_DEFAULT id=7851, [ Capabilities: INTERNET&NOT_RESTRICTED&TRUSTED Unwanted:  Uid: 10021] ]
07-26 02:25:29.575  1228  1248 W BroadcastQueue: Background execution not allowed: receiving Intent { act=android.intent.action.DROPBOX_ENTRY_ADDED flg=0x10 (has extras) } to com.google.android.gms/.stats.service.DropBoxEntryAddedReceiver
07-26 02:25:29.575  1228  1248 W BroadcastQueue: Background execution not allowed: receiving Intent { act=android.intent.action.DROPBOX_ENTRY_ADDED flg=0x10 (has extras) } to com.google.android.gms/.chimera.GmsIntentOperationService$PersistentTrustedReceiver
07-26 02:25:29.643  1228  1248 W BroadcastQueue: Background execution not allowed: receiving Intent { act=android.intent.action.DROPBOX_ENTRY_ADDED flg=0x10 (has extras) } to com.google.android.gms/.stats.service.DropBoxEntryAddedReceiver
07-26 02:25:29.643  1228  1248 W BroadcastQueue: Background execution not allowed: receiving Intent { act=android.intent.action.DROPBOX_ENTRY_ADDED flg=0x10 (has extras) } to com.google.android.gms/.chimera.GmsIntentOperationService$PersistentTrustedReceiver
07-26 02:25:30.206  1228  1541 D ConnectivityService: requestNetwork for uid/pid:10073/1632 NetworkRequest [ REQUEST id=7852, [ Transports: CELLULAR Capabilities: INTERNET&NOT_RESTRICTED&TRUSTED&NOT_VPN Unwanted:  Uid: 10073] ]
07-26 02:25:30.721  1228  1250 I ActivityManager: Start proc 23008:com.google.android.partnersetup/u0a13 for service com.google.android.partnersetup/.InstalledAppJobService
07-26 02:25:30.735  1228  1250 I ActivityManager: Start proc 23021:com.google.android.configupdater/u0a51 for service com.google.android.configupdater/.MainJobService
07-26 02:25:30.793  1228  1250 I ActivityManager: Start proc 23040:com.google.android.apps.messaging/u0a108 for service com.google.android.apps.messaging/.shared.datamodel.action.execution.ActionJobService
07-26 02:25:30.832  1228  1520 D ConnectivityService: NetworkAgentInfo [WIFI () - 131] validation failed
07-26 02:25:30.849  1228  1250 I ActivityManager: Start proc 23065:android.process.media/u0a8 for content provider com.android.providers.media/.MediaProvider
07-26 02:25:30.867  1228  1250 I ActivityManager: Start proc 23074:com.google.android.setupwizard/u0a59 for service com.google.android.setupwizard/.deferred.DeferredSetupScheduler
07-26 02:25:31.272  1228  1907 W ActivityManager: Background start not allowed: service Intent { cmp=com.google.android.apps.messaging/.shared.datamodel.action.execution.ActionExecutorImpl$EmptyService } to com.google.android.apps.messaging/.shared.datamodel.action.execution.ActionExecutorImpl$EmptyService from pid=23040 uid=10108 pkg=com.google.android.apps.messaging startFg?=false
07-26 02:25:31.314  1228  3119 W ActivityManager: Background start not allowed: service Intent { cmp=com.google.android.apps.messaging/.shared.datamodel.action.execution.ActionExecutorImpl$EmptyService } to com.google.android.apps.messaging/.shared.datamodel.action.execution.ActionExecutorImpl$EmptyService from pid=23040 uid=10108 pkg=com.google.android.apps.messaging startFg?=false
07-26 02:25:31.330  1228  1250 I ActivityManager: Start proc 23158:com.google.android.apps.wellbeing/u0a64 for service com.google.android.apps.wellbeing/androidx.work.impl.background.systemjob.SystemJobService
07-26 02:25:31.375  1228  1907 I ActivityManager: Killing 21536:com.google.android.euicc/u0a36 (adj 906): empty #17
07-26 02:25:31.376  1228  1907 I ActivityManager: Killing 22112:com.google.android.projection.gearhead:car/u0a109 (adj 906): empty #17
07-26 02:25:31.440  1228  1250 I ActivityManager: Start proc 23184:com.google.android.GoogleCamera/u0a130 for content provider com.google.android.GoogleCamera/com.google.android.apps.camera.contentprovider.CameraContentProvider
07-26 02:25:31.791  1228  9534 W ActivityManager: No permission grants found for com.google.android.apps.photos
07-26 02:25:31.800  1228  8657 W ActivityManager: No permission grants found for com.google.android.apps.photos
07-26 02:25:32.092  1228  1250 I ActivityManager: Start proc 23240:com.google.android.gms.ui/u0a28 for service com.google.android.gms/.chimera.UiIntentOperationService
07-26 02:25:32.222  1228  9534 W ActivityManager: No permission grants found for com.google.android.apps.photos
07-26 02:25:32.233  1228  1496 W ActivityManager: No permission grants found for com.google.android.apps.photos
07-26 02:25:32.241  1228  9534 I ActivityManager: Killing 22048:com.google.android.projection.gearhead:shared/u0a109 (adj 906): empty #17
07-26 02:25:32.361  1228  6081 W ActivityManager: Failure disconnecting service ComponentInfo{com.google.android.projection.gearhead/com.google.android.gearhead.service.SharedService} to connection android.os.BinderProxy@80ec51a (in com.google.android.projection.gearhead:shared)
07-26 02:25:32.361  1228  6081 W ActivityManager: android.os.DeadObjectException
07-26 02:25:32.361  1228  6081 W ActivityManager: 	at android.os.BinderProxy.transactNative(Native Method)
07-26 02:25:32.361  1228  6081 W ActivityManager: 	at android.os.BinderProxy.transact(Binder.java:1127)
07-26 02:25:32.361  1228  6081 W ActivityManager: 	at android.app.IServiceConnection$Stub$Proxy.connected(IServiceConnection.java:99)
07-26 02:25:32.361  1228  6081 W ActivityManager: 	at com.android.server.am.ActiveServices.bringDownServiceLocked(ActiveServices.java:2668)
07-26 02:25:32.361  1228  6081 W ActivityManager: 	at com.android.server.am.ActiveServices.bringDownServiceIfNeededLocked(ActiveServices.java:2651)
07-26 02:25:32.361  1228  6081 W ActivityManager: 	at com.android.server.am.ActiveServices.removeConnectionLocked(ActiveServices.java:2912)
07-26 02:25:32.361  1228  6081 W ActivityManager: 	at com.android.server.am.ActiveServices.killServicesLocked(ActiveServices.java:3293)
07-26 02:25:32.361  1228  6081 W ActivityManager: 	at com.android.server.am.ActivityManagerService.cleanUpApplicationRecordLocked(ActivityManagerService.java:20202)
07-26 02:25:32.361  1228  6081 W ActivityManager: 	at com.android.server.am.ActivityManagerService.handleAppDiedLocked(ActivityManagerService.java:5898)
07-26 02:25:32.361  1228  6081 W ActivityManager: 	at com.android.server.am.ActivityManagerService.appDiedLocked(ActivityManagerService.java:6093)
07-26 02:25:32.361  1228  6081 W ActivityManager: 	at com.android.server.am.ActivityManagerService$AppDeathRecipient.binderDied(ActivityManagerService.java:1891)
07-26 02:25:32.361  1228  6081 W ActivityManager: 	at android.os.BinderProxy.sendDeathNotice(Binder.java:1193)
07-26 02:25:32.415  1228  1228 I NotificationService: Cannot find enqueued record for key: 0|com.google.android.setupwizard|3|DeferredSetupNotification|10059
07-26 02:25:32.442  1228  6081 I ActivityManager: Killing 22181:com.google.android.gms:car/u0a28 (adj 906): empty #17
07-26 02:25:32.482  1228  5931 I ActivityManager: Killing 22145:com.google.android.dialer/u0a46 (adj 906): empty #17
07-26 02:25:32.517  1228 11186 W ActivityManager: No permission grants found for com.google.android.apps.photos
07-26 02:25:32.521  1228 11186 W ActivityManager: No permission grants found for com.google.android.apps.photos
07-26 02:25:32.909  3061  3873 W PackageParser: Unknown element under <manifest>: queries at /data/user_de/0/com.google.android.gms/app_chimera/m/00000088/dl-AdsFdrDynamite.integ_21880100000.apk Binary XML file line #5
07-26 02:25:32.944  3061  3873 W PackageParser: Unknown element under <manifest>: queries at /data/user_de/0/com.google.android.gms/app_chimera/m/00000083/dl-Payments.integ_202390001100400.apk Binary XML file line #5
07-26 02:25:33.020  3061  3873 W PackageParser: Unknown element under <manifest>: queries at /data/user_de/0/com.google.android.gms/app_chimera/m/00000088/dl-AdsFdrDynamite.integ_21880100000.apk Binary XML file line #5
07-26 02:25:33.044  3061  3873 W PackageParser: Unknown element under <manifest>: queries at /data/user_de/0/com.google.android.gms/app_chimera/m/00000077/dl-Payments.integ_202112000100400.apk Binary XML file line #5
07-26 02:25:33.121  3061  3873 W PackageParser: Unknown element under <manifest>: queries at /data/user_de/0/com.google.android.gms/app_chimera/m/00000088/dl-AdsFdrDynamite.integ_21880100000.apk Binary XML file line #5
07-26 02:25:35.783  1625  1625 I chatty  : uid=10072(com.android.systemui) expire 13 lines
07-26 02:25:36.703  1228  7148 D ConnectivityService: requestNetwork for uid/pid:10108/23040 NetworkRequest [ TRACK_DEFAULT id=7853, [ Capabilities: INTERNET&NOT_RESTRICTED&TRUSTED Unwanted:  Uid: 10108] ]
07-26 02:25:36.823  1228 11186 D ConnectivityService: Returning UNBLOCKED NetworkInfo to uid=10108
07-26 02:25:36.828  1228 11186 D ConnectivityService: requestNetwork for uid/pid:10108/23040 NetworkRequest [ TRACK_DEFAULT id=7855, [ Capabilities: INTERNET&NOT_RESTRICTED&TRUSTED Unwanted:  Uid: 10108] ]
07-26 02:25:39.761  1228  5931 I ActivityManager: Killing 22352:com.google.android.apps.docs/u0a134 (adj 906): empty #17
07-26 02:25:42.368  1228  2353 W ActivityManager: Background start not allowed: service Intent { cmp=com.google.android.apps.messaging/.shared.datamodel.action.execution.ActionExecutorImpl$EmptyService } to com.google.android.apps.messaging/.shared.datamodel.action.execution.ActionExecutorImpl$EmptyService from pid=23040 uid=10108 pkg=com.google.android.apps.messaging startFg?=false
07-26 02:25:42.376  1228  2353 I chatty  : uid=1000(system) Binder:1228_9 identical 1 line
07-26 02:25:42.766  1228  2353 W ActivityManager: Background start not allowed: service Intent { cmp=com.google.android.apps.messaging/.shared.datamodel.action.execution.ActionExecutorImpl$EmptyService } to com.google.android.apps.messaging/.shared.datamodel.action.execution.ActionExecutorImpl$EmptyService from pid=23040 uid=10108 pkg=com.google.android.apps.messaging startFg?=false
07-26 02:25:42.998  1228  1520 D ConnectivityService: NetworkAgentInfo [WIFI () - 131] validation failed
07-26 02:25:45.070  1228  2353 I ActivityManager: Killing 22204:com.google.android.gm/u0a107 (adj 906): empty #17
07-26 02:25:45.128  1228  2353 D ConnectivityService: ConnectivityService NetworkRequestInfo binderDied(NetworkRequest [ TRACK_DEFAULT id=7844, [ Capabilities: INTERNET&NOT_RESTRICTED&TRUSTED Unwanted:  Uid: 10107] ], android.os.BinderProxy@bce6378)
07-26 02:25:45.128  1228  7148 D ConnectivityService: ConnectivityService NetworkRequestInfo binderDied(NetworkRequest [ LISTEN id=7845, [ Capabilities: INTERNET&NOT_RESTRICTED&TRUSTED Unwanted:  Uid: 10107] ], android.os.BinderProxy@fff1a51)
07-26 02:25:45.128  1228  1520 D ConnectivityService: releasing NetworkRequest [ TRACK_DEFAULT id=7844, [ Capabilities: INTERNET&NOT_RESTRICTED&TRUSTED Unwanted:  Uid: 10107] ] (release request)
07-26 02:25:50.034  1228 11186 I ActivityManager: Killing 20816:com.google.android.gms.unstable/u0a28 (adj 906): empty #17
07-26 02:25:51.639  1228  1860 I ActivityManager: Killing 22435:com.google.android.apps.tips/u0a71 (adj 906): empty #17
07-26 02:25:51.899  1228  6081 I ActivityManager: Killing 22650:com.google.android.apps.turbo:aab/u0a32 (adj 906): empty #17
07-26 02:25:51.902  1228  6081 I ActivityManager: Killing 22577:com.google.android.apps.turbo/u0a32 (adj 906): empty #18
07-26 02:25:53.417  1228  2365 I ActivityManager: Killing 22463:com.google.android.calendar/u0a124 (adj 906): empty #17
07-26 02:25:53.418  1228  2365 I ActivityManager: Killing 22709:com.google.android.apps.maps/u0a128 (adj 906): empty #18
07-26 02:25:53.514  1228  3624 D ConnectivityService: ConnectivityService NetworkRequestInfo binderDied(NetworkRequest [ TRACK_DEFAULT id=7849, [ Capabilities: INTERNET&NOT_RESTRICTED&TRUSTED Unwanted:  Uid: 10128] ], android.os.BinderProxy@2949bb7)
07-26 02:25:53.514  1228  7148 D ConnectivityService: ConnectivityService NetworkRequestInfo binderDied(NetworkRequest [ LISTEN id=7850, [ Capabilities: INTERNET&NOT_RESTRICTED&TRUSTED Unwanted:  Uid: 10128] ], android.os.BinderProxy@54912b6)
07-26 02:25:53.514  1228  1520 D ConnectivityService: releasing NetworkRequest [ TRACK_DEFAULT id=7849, [ Capabilities: INTERNET&NOT_RESTRICTED&TRUSTED Unwanted:  Uid: 10128] ] (release request)
07-26 02:25:54.166  1625  1625 I chatty  : uid=10072(com.android.systemui) expire 68 lines
07-26 02:25:58.016  1228  2368 I ActivityManager: Killing 22489:com.android.providers.calendar/u0a27 (adj 906): empty #17
07-26 02:27:59.651  1228  1250 I ActivityManager: Start proc 23358:com.google.android.apps.turbo/u0a32 for broadcast com.google.android.apps.turbo/.nudges.broadcasts.BatteryStatusChangedReceiver
07-26 02:29:31.684  1228  1724 D ConnectivityService: Returning BLOCKED NetworkInfo to uid=10032
07-26 02:54:49.705  1228  1520 D ConnectivityService: reportNetworkConnectivity(131, true) by 10028
07-26 02:54:49.706  1228  1520 D ConnectivityService: reportNetworkConnectivity(131, true) by 10028
07-26 03:23:40.569  1228  1520 D ConnectivityService: NetworkAgentInfo [WIFI () - 131] validation failed
07-26 03:23:40.665  1228  1520 D ConnectivityService: reportNetworkConnectivity(131, true) by 10028
07-26 03:23:40.665  1228  1520 D ConnectivityService: reportNetworkConnectivity(131, true) by 10028
07-26 03:52:31.586  1228  1520 D ConnectivityService: reportNetworkConnectivity(131, true) by 10028
07-26 03:52:31.586  1228  1520 D ConnectivityService: reportNetworkConnectivity(131, true) by 10028
07-26 04:21:22.578  1228  1520 D ConnectivityService: reportNetworkConnectivity(131, true) by 10028
07-26 04:21:22.578  1228  1520 D ConnectivityService: reportNetworkConnectivity(131, true) by 10028
07-26 04:28:00.625  1625  1625 I chatty  : uid=10072(com.android.systemui) expire 11 lines
07-26 04:50:13.557  1228  1520 D ConnectivityService: reportNetworkConnectivity(131, true) by 10028
07-26 04:50:13.558  1228  1520 D ConnectivityService: reportNetworkConnectivity(131, true) by 10028
07-26 04:57:59.734  1228  1520 D ConnectivityService: NetworkAgentInfo [WIFI () - 131] validation failed
07-26 05:19:04.540  1228  1520 D ConnectivityService: reportNetworkConnectivity(131, true) by 10028
07-26 05:19:04.542  1228  1520 D ConnectivityService: reportNetworkConnectivity(131, true) by 10028
07-26 05:28:00.602  1228  7148 I ActivityManager: Killing 22656:com.google.android.as:nonpersistent/u0a11 (adj 906): empty #17
07-26 05:38:00.493  1228  1520 D ConnectivityService: releasing NetworkRequest [ REQUEST id=7852, [ Transports: CELLULAR Capabilities: INTERNET&NOT_RESTRICTED&TRUSTED&NOT_VPN Unwanted:  Uid: 10073] ] (release request)
07-26 05:47:55.530  1228  1520 D ConnectivityService: reportNetworkConnectivity(131, true) by 10028
07-26 05:47:55.531  1228  1520 D ConnectivityService: reportNetworkConnectivity(131, true) by 10028
07-26 06:16:46.510  1228  1520 D ConnectivityService: reportNetworkConnectivity(131, true) by 10028
07-26 06:16:46.510  1228  1520 D ConnectivityService: reportNetworkConnectivity(131, true) by 10028
07-26 06:45:37.493  1228  1520 D ConnectivityService: reportNetworkConnectivity(131, true) by 10028
07-26 06:45:37.494  1228  1520 D ConnectivityService: reportNetworkConnectivity(131, true) by 10028
07-26 06:47:46.811  1228  1520 D ConnectivityService: NetworkAgentInfo [WIFI () - 131] validation failed
07-26 07:00:01.460  1228  1228 D ConditionProviders.SCP: onReceive ScheduleConditionProvider.EVALUATE
07-26 07:00:01.461  1228  1228 D ConditionProviders.SCP: evaluateSubscriptionLocked cal=ScheduleCalendar[mDays={1, 2, 3, 4, 5, 6, 7}, mSchedule=ScheduleInfo{days=[1, 2, 3, 4, 5, 6, 7], startHour=22, startMinute=0, endHour=7, endMinute=0, exitAtAlarm=true, nextAlarm=Thu Jan 01 01:00:00 GMT+01:00 1970 (0)}], now=Sun Jul 26 07:00:01 GMT+02:00 2020 (1595739601460), nextUserAlarmTime=Thu Jan 01 01:00:00 GMT+01:00 1970 (0)
07-26 07:00:01.461  1228  1228 D ConditionProviders.SCP: notifyCondition condition://android/schedule?days=1.2.3.4.5.6.7&start=22.0&end=7.0&exitAtAlarm=true STATE_FALSE reason=!meetsSchedule
07-26 07:00:01.462  1228  1228 D ConditionProviders.SCP: Scheduling evaluate for Sun Jul 26 22:00:00 GMT+02:00 2020 (1595793600000), in +14h59m58s540ms, now=Sun Jul 26 07:00:01 GMT+02:00 2020 (1595739601460)
07-26 07:00:01.470  1625  1625 I chatty  : uid=10072(com.android.systemui) expire 14 lines
07-26 07:00:01.541  1228  1228 W ConditionProviders: Unable to subscribe to ComponentInfo{com.google.android.gms/com.google.android.location.settings.DrivingConditionProvider} condition://com.google.android.gms/false/4?provider=Driving
07-26 07:00:01.543  1228  1228 V SettingsProvider: Notifying for 0: content://settings/global/zen_mode_config_etag
07-26 07:14:28.472  1228  1520 D ConnectivityService: reportNetworkConnectivity(131, true) by 10028
07-26 07:14:28.472  1228  1520 D ConnectivityService: reportNetworkConnectivity(131, true) by 10028
07-26 07:43:19.462  1228  1520 D ConnectivityService: reportNetworkConnectivity(131, true) by 10028
07-26 07:43:19.463  1228  1520 D ConnectivityService: reportNetworkConnectivity(131, true) by 10028
07-26 08:12:10.453  1228  1520 D ConnectivityService: reportNetworkConnectivity(131, true) by 10028
07-26 08:12:10.453  1228  1520 D ConnectivityService: reportNetworkConnectivity(131, true) by 10028
07-26 08:19:07.508  1228  1250 I ActivityManager: Start proc 23420:com.google.android.as:nonpersistent/u0a11 for service com.google.android.as/com.google.android.apps.miphone.aiai.allapps.backgroundjob.BackgroundJobService
07-26 08:19:07.519  1228  2362 W ActivityManager: Background start not allowed: service Intent { cmp=com.google.android.apps.messaging/.shared.datamodel.action.execution.ActionExecutorImpl$EmptyService } to com.google.android.apps.messaging/.shared.datamodel.action.execution.ActionExecutorImpl$EmptyService from pid=23040 uid=10108 pkg=com.google.android.apps.messaging startFg?=false
07-26 08:19:07.543  1228  1250 I ActivityManager: Start proc 23434:com.google.android.apps.turbo:aab/u0a32 for service com.google.android.apps.turbo/com.google.android.libraries.smartbattery.appusage.library.InferAppBucketsJob
07-26 08:19:07.616  1228  3512 W ActivityManager: Background start not allowed: service Intent { cmp=com.google.android.apps.messaging/.shared.datamodel.action.execution.ActionExecutorImpl$EmptyService } to com.google.android.apps.messaging/.shared.datamodel.action.execution.ActionExecutorImpl$EmptyService from pid=23040 uid=10108 pkg=com.google.android.apps.messaging startFg?=false
07-26 08:19:07.641  1228  1250 I ActivityManager: Start proc 23467:com.android.providers.calendar/u0a27 for broadcast com.android.providers.calendar/.CalendarProviderBroadcastReceiver
07-26 08:19:07.967  1228  2362 D ConnectivityService: Returning UNBLOCKED NetworkInfo to uid=10032
07-26 08:19:08.022  1228  1724 D ConnectivityService: Returning BLOCKED NetworkInfo to uid=10014
07-26 08:19:08.049  1228  1483 W BroadcastQueue: Background execution not allowed: receiving Intent { act=android.intent.action.DROPBOX_ENTRY_ADDED flg=0x10 (has extras) } to com.google.android.gms/.stats.service.DropBoxEntryAddedReceiver
07-26 08:19:08.050  1228  1248 W BroadcastQueue: Background execution not allowed: receiving Intent { act=android.intent.action.DROPBOX_ENTRY_ADDED flg=0x10 (has extras) } to com.google.android.gms/.chimera.GmsIntentOperationService$PersistentTrustedReceiver
07-26 08:19:08.050  1228  1248 W BroadcastQueue: Background execution not allowed: receiving Intent { act=android.intent.action.DROPBOX_ENTRY_ADDED flg=0x10 (has extras) } to com.google.android.gms/.stats.service.DropBoxEntryAddedReceiver
07-26 08:19:08.050  1228  1248 W BroadcastQueue: Background execution not allowed: receiving Intent { act=android.intent.action.DROPBOX_ENTRY_ADDED flg=0x10 (has extras) } to com.google.android.gms/.chimera.GmsIntentOperationService$PersistentTrustedReceiver
07-26 08:19:08.222  1228  1520 D ConnectivityService: NetworkAgentInfo [WIFI () - 131] validation failed
07-26 08:19:09.260  1228  1250 I ActivityManager: Start proc 23592:com.google.android.gms.unstable/u0a28 for service com.google.android.gms/.droidguard.DroidGuardService
07-26 08:19:10.257  1228  5931 D ConnectivityService: requestNetwork for uid/pid:10073/1632 NetworkRequest [ REQUEST id=7856, [ Transports: CELLULAR Capabilities: INTERNET&NOT_RESTRICTED&TRUSTED&NOT_VPN Unwanted:  Uid: 10073] ]
07-26 08:19:10.495  1228  1461 I WatchlistLoggingHandler: Start aggregating watchlist records.
07-26 08:19:10.504  1228  1228 V SettingsProvider: Notifying for 0: content://settings/global/network_watchlist_last_report_time
07-26 08:19:10.676  1228  5931 D ConnectivityService: requestNetwork for uid/pid:10064/23158 NetworkRequest [ TRACK_DEFAULT id=7857, [ Capabilities: INTERNET&NOT_RESTRICTED&TRUSTED Unwanted:  Uid: 10064] ]
07-26 08:19:10.697  1228  1248 W BroadcastQueue: Background execution not allowed: receiving Intent { act=android.intent.action.DROPBOX_ENTRY_ADDED flg=0x10 (has extras) } to com.google.android.gms/.stats.service.DropBoxEntryAddedReceiver
07-26 08:19:10.697  1228  1248 W BroadcastQueue: Background execution not allowed: receiving Intent { act=android.intent.action.DROPBOX_ENTRY_ADDED flg=0x10 (has extras) } to com.google.android.gms/.chimera.GmsIntentOperationService$PersistentTrustedReceiver
07-26 08:19:10.711  1228  1461 I WatchlistLoggingHandler: Milliseconds spent on tryAggregateRecords(): 216
07-26 08:19:12.282  1625  1625 I chatty  : uid=10072(com.android.systemui) expire 60 lines
07-26 08:19:14.503  1228  1248 W BroadcastQueue: Permission Denial: broadcasting Intent { act=com.google.android.checkin.CHECKIN_COMPLETE flg=0x1000010 (has extras) } from com.google.android.gms (pid=3061, uid=10028) is not exported from uid 10021 due to receiver com.android.vending/com.google.android.finsky.checkin.CheckinReceiver
07-26 08:19:17.356  1228  1520 D ConnectivityService: NetworkAgentInfo [WIFI () - 131] validation failed
07-26 08:19:24.398  1228  1724 I ActivityManager: Killing 23008:com.google.android.partnersetup/u0a13 (adj 906): empty #17
07-26 08:19:24.781  1625  1625 I chatty  : uid=10072(com.android.systemui) expire 21 lines
07-26 08:19:27.223  1228 11186 I ActivityManager: Killing 23021:com.google.android.configupdater/u0a51 (adj 906): empty #17
07-26 08:19:28.446  1228  1520 D ConnectivityService: NetworkAgentInfo [WIFI () - 131] validation failed
07-26 08:19:29.550  1228  5931 I ActivityManager: Killing 23065:android.process.media/u0a8 (adj 906): empty #17
07-26 08:19:29.551  1228  5931 I ActivityManager: Killing 23240:com.google.android.gms.ui/u0a28 (adj 906): empty #18
07-26 08:19:29.551  1228  5931 I ActivityManager: Killing 23184:com.google.android.GoogleCamera/u0a130 (adj 906): empty #19
07-26 08:48:29.429  1228  1520 D ConnectivityService: reportNetworkConnectivity(131, true) by 10028
07-26 08:48:29.429  1228  1520 D ConnectivityService: reportNetworkConnectivity(131, true) by 10028
07-26 08:48:29.429  1625  1625 I chatty  : uid=10072(com.android.systemui) expire 58 lines
07-26 09:17:20.409  1228  1520 D ConnectivityService: reportNetworkConnectivity(131, true) by 10028
07-26 09:17:20.409  1228  1520 D ConnectivityService: reportNetworkConnectivity(131, true) by 10028
07-26 09:46:11.399  1228  1520 D ConnectivityService: reportNetworkConnectivity(131, true) by 10028
07-26 09:46:11.400  1228  1520 D ConnectivityService: reportNetworkConnectivity(131, true) by 10028
07-26 09:47:47.342  1228  1520 D ConnectivityService: NetworkAgentInfo [WIFI () - 131] validation failed
07-26 10:15:02.382  1228  1520 D ConnectivityService: reportNetworkConnectivity(131, true) by 10028
07-26 10:15:02.382  1228  1520 D ConnectivityService: reportNetworkConnectivity(131, true) by 10028
07-26 10:43:53.364  1228  1520 D ConnectivityService: reportNetworkConnectivity(131, true) by 10028
07-26 10:43:53.365  1228  1520 D ConnectivityService: reportNetworkConnectivity(131, true) by 10028
07-26 11:12:44.342  1228  1520 D ConnectivityService: reportNetworkConnectivity(131, true) by 10028
07-26 11:12:44.343  1228  1520 D ConnectivityService: reportNetworkConnectivity(131, true) by 10028
07-26 11:12:44.470  1228  1520 D ConnectivityService: releasing NetworkRequest [ REQUEST id=7856, [ Transports: CELLULAR Capabilities: INTERNET&NOT_RESTRICTED&TRUSTED&NOT_VPN Unwanted:  Uid: 10073] ] (release request)
07-26 11:38:00.294  1228  1520 D ConnectivityService: NetworkAgentInfo [WIFI () - 131] validation failed
07-26 11:41:35.334  1228  1520 D ConnectivityService: reportNetworkConnectivity(131, true) by 10028
07-26 11:41:35.334  1228  1520 D ConnectivityService: reportNetworkConnectivity(131, true) by 10028
07-26 12:10:26.319  1228  1520 D ConnectivityService: reportNetworkConnectivity(131, true) by 10028
07-26 12:10:26.320  1228  1520 D ConnectivityService: reportNetworkConnectivity(131, true) by 10028
07-26 12:18:00.277  1625  1625 I chatty  : uid=10072(com.android.systemui) expire 12 lines
07-26 12:39:17.305  1228  1520 D ConnectivityService: reportNetworkConnectivity(131, true) by 10028
07-26 12:39:17.305  1228  1520 D ConnectivityService: reportNetworkConnectivity(131, true) by 10028
07-26 13:08:08.282  1228  1520 D ConnectivityService: reportNetworkConnectivity(131, true) by 10028
07-26 13:08:08.282  1228  1520 D ConnectivityService: reportNetworkConnectivity(131, true) by 10028
07-26 13:18:00.231  1228  1520 D ConnectivityService: NetworkAgentInfo [WIFI () - 131] validation failed
07-26 13:36:59.269  1228  1520 D ConnectivityService: reportNetworkConnectivity(131, true) by 10028
07-26 13:36:59.269  1228  1520 D ConnectivityService: reportNetworkConnectivity(131, true) by 10028
07-26 14:05:50.265  1228  1520 D ConnectivityService: reportNetworkConnectivity(131, true) by 10028
07-26 14:05:50.265  1228  1520 D ConnectivityService: reportNetworkConnectivity(131, true) by 10028
07-26 14:15:29.272  1228  1250 I ActivityManager: Start proc 23672:android.process.media/u0a8 for content provider com.android.providers.downloads/.DownloadProvider
07-26 14:15:29.386  1228  1520 D ConnectivityService: reportNetworkConnectivity(131, true) by 10028
07-26 14:15:29.386  1228  1520 D ConnectivityService: reportNetworkConnectivity(131, true) by 10028
07-26 14:15:29.948  1228  1250 I ActivityManager: Start proc 23723:com.google.android.apps.turbo:ssb/u0a32 for broadcast com.google.android.apps.turbo/com.google.android.libraries.smartbattery.brightness.library.PhenotypeUpdatedReceiver
07-26 14:15:30.141  1228 11186 D ActivityManager: Raise procstate to external provider: ProcessRecord{4d0cb87 23467:com.android.providers.calendar/u0a27}
07-26 14:15:32.342  1228  1250 I ActivityManager: Start proc 23821:com.google.android.dialer/u0a46 for service com.google.android.dialer/com.google.android.libraries.internal.growth.growthkit.internal.jobs.impl.GrowthKitJobService
07-26 14:15:32.368  1228  1250 I ActivityManager: Start proc 23834:com.google.android.apps.docs/u0a134 for service com.google.android.apps.docs/com.google.android.libraries.internal.growth.growthkit.internal.jobs.impl.GrowthKitJobService
07-26 14:15:32.384  1228  1250 I ActivityManager: Start proc 23847:com.google.android.contacts/u0a83 for service com.google.android.contacts/com.google.android.libraries.internal.growth.growthkit.internal.jobs.impl.GrowthKitJobService
07-26 14:15:32.495  1228  2367 D ConnectivityService: requestNetwork for uid/pid:10073/1632 NetworkRequest [ REQUEST id=7858, [ Transports: CELLULAR Capabilities: INTERNET&NOT_RESTRICTED&TRUSTED&NOT_VPN Unwanted:  Uid: 10073] ]
07-26 14:15:32.858  1228  1520 D ConnectivityService: NetworkAgentInfo [WIFI () - 131] validation failed
07-26 14:15:33.112  1625  1625 I chatty  : uid=10072(com.android.systemui) expire 70 lines
07-26 14:15:33.536  1228  1248 W BroadcastQueue: Background execution not allowed: receiving Intent { act=android.intent.action.DROPBOX_ENTRY_ADDED flg=0x10 (has extras) } to com.google.android.gms/.stats.service.DropBoxEntryAddedReceiver
07-26 14:15:33.536  1228  1248 W BroadcastQueue: Background execution not allowed: receiving Intent { act=android.intent.action.DROPBOX_ENTRY_ADDED flg=0x10 (has extras) } to com.google.android.gms/.chimera.GmsIntentOperationService$PersistentTrustedReceiver
07-26 14:15:33.580  1228  1248 W BroadcastQueue: Background execution not allowed: receiving Intent { act=android.intent.action.DROPBOX_ENTRY_ADDED flg=0x10 (has extras) } to com.google.android.gms/.stats.service.DropBoxEntryAddedReceiver
07-26 14:15:33.580  1228  1248 W BroadcastQueue: Background execution not allowed: receiving Intent { act=android.intent.action.DROPBOX_ENTRY_ADDED flg=0x10 (has extras) } to com.google.android.gms/.chimera.GmsIntentOperationService$PersistentTrustedReceiver
07-26 14:15:36.598  3061 18416 W PackageParser: Unknown element under <manifest>: queries at /data/user_de/0/com.google.android.gms/app_chimera/m/00000088/dl-AdsFdrDynamite.integ_21880100000.apk Binary XML file line #5
07-26 14:15:36.616  3061 18416 W PackageParser: Unknown element under <manifest>: queries at /data/user_de/0/com.google.android.gms/app_chimera/m/00000083/dl-Payments.integ_202390001100400.apk Binary XML file line #5
07-26 14:15:36.786  3061 18416 W PackageParser: Unknown element under <manifest>: queries at /data/user_de/0/com.google.android.gms/app_chimera/m/00000088/dl-AdsFdrDynamite.integ_21880100000.apk Binary XML file line #5
07-26 14:15:36.809  3061 18416 W PackageParser: Unknown element under <manifest>: queries at /data/user_de/0/com.google.android.gms/app_chimera/m/00000077/dl-Payments.integ_202112000100400.apk Binary XML file line #5
07-26 14:15:36.917  3061 18416 W PackageParser: Unknown element under <manifest>: queries at /data/user_de/0/com.google.android.gms/app_chimera/m/00000088/dl-AdsFdrDynamite.integ_21880100000.apk Binary XML file line #5
07-26 14:15:37.030  1228  1250 I ActivityManager: Start proc 23992:com.google.android.googlequicksearchbox/u0a73 for broadcast com.google.android.googlequicksearchbox/com.google.android.libraries.phenotype.client.stable.PhenotypeUpdateBroadcastReceiver
07-26 14:15:37.359  1228  1248 W BroadcastQueue: Background execution not allowed: receiving Intent { act=com.google.android.systemui.OPA_ENABLED flg=0x10000010 (has extras) } to com.google.android.apps.nexuslauncher/.qsb.OPAStatusReceiver
07-26 14:15:44.272  1228  1250 I ActivityManager: Start proc 24030:com.android.vending:instant_app_installer/u0a21 for service com.android.vending/com.google.android.finsky.instantapps.hint.AppPreloadHygieneService
07-26 14:15:44.539  1228 11186 W BroadcastQueue: Permission Denial: receiving Intent { act=com.google.gservices.intent.action.GSERVICES_OVERRIDE flg=0x1000010 (has extras) } to com.google.android.ims/.receivers.RcsAutoStartReceiver requires com.google.android.providers.gsf.permission.WRITE_GSERVICES due to sender com.android.vending (uid 10021)
07-26 14:15:44.559  1228  1250 I ActivityManager: Start proc 24072:com.android.connectivity.metrics/u0a9 for broadcast com.android.connectivity.metrics/.SnapshotSchedulingReceiver
07-26 14:15:44.770  1228 11186 I ActivityManager: Killing 23074:com.google.android.setupwizard/u0a59 (adj 906): empty #17
07-26 14:15:45.017  1228  1520 D ConnectivityService: NetworkAgentInfo [WIFI () - 131] validation failed
07-26 14:15:45.130  1228  3597 I ActivityManager: Killing 22093:com.google.android.apps.photos/u0a131 (adj 906): empty #17
07-26 14:15:45.145  1228  1250 I ActivityManager: Start proc 24102:com.google.android.apps.multidevice.client/u0a91 for broadcast com.google.android.apps.multidevice.client/.ui.pixel.SettingsActivityAvailabilityReceiver
07-26 14:15:45.264  1228  3119 I ActivityManager: Killing 22938:com.android.vending:download_service/u0a21 (adj 906): empty #17
07-26 14:15:45.285  1228  2368 D ConnectivityService: ConnectivityService NetworkRequestInfo binderDied(NetworkRequest [ TRACK_DEFAULT id=7851, [ Capabilities: INTERNET&NOT_RESTRICTED&TRUSTED Unwanted:  Uid: 10021] ], android.os.BinderProxy@814cf3c)
07-26 14:15:45.285  1228  1520 D ConnectivityService: releasing NetworkRequest [ TRACK_DEFAULT id=7851, [ Capabilities: INTERNET&NOT_RESTRICTED&TRUSTED Unwanted:  Uid: 10021] ] (release request)
07-26 14:15:45.325  1228  1250 I ActivityManager: Start proc 24118:com.google.android.euicc/u0a36 for broadcast com.google.android.euicc/com.android.euicc.receiver.GservicesChangedReceiver
07-26 14:15:45.776  1228  3119 I ActivityManager: Killing 23040:com.google.android.apps.messaging/u0a108 (adj 906): empty #17
07-26 14:15:45.873  1228  9534 D ConnectivityService: ConnectivityService NetworkRequestInfo binderDied(NetworkRequest [ TRACK_DEFAULT id=7855, [ Capabilities: INTERNET&NOT_RESTRICTED&TRUSTED Unwanted:  Uid: 10108] ], android.os.BinderProxy@577af40)
07-26 14:15:45.873  1228  9534 D ConnectivityService: ConnectivityService NetworkRequestInfo binderDied(NetworkRequest [ TRACK_DEFAULT id=7853, [ Capabilities: INTERNET&NOT_RESTRICTED&TRUSTED Unwanted:  Uid: 10108] ], android.os.BinderProxy@6db4e79)
07-26 14:15:45.873  1228  9534 D ConnectivityService: ConnectivityService NetworkRequestInfo binderDied(NetworkRequest [ LISTEN id=7854, [ Capabilities: INTERNET&NOT_RESTRICTED&TRUSTED Unwanted:  Uid: 10108] ], android.os.BinderProxy@7df77be)
07-26 14:15:45.874  1228  1520 D ConnectivityService: releasing NetworkRequest [ TRACK_DEFAULT id=7855, [ Capabilities: INTERNET&NOT_RESTRICTED&TRUSTED Unwanted:  Uid: 10108] ] (release request)
07-26 14:15:45.874  1228  1520 D ConnectivityService: releasing NetworkRequest [ TRACK_DEFAULT id=7853, [ Capabilities: INTERNET&NOT_RESTRICTED&TRUSTED Unwanted:  Uid: 10108] ] (release request)
07-26 14:15:45.913  1228  1250 I ActivityManager: Start proc 24156:com.google.android.partnersetup/u0a13 for broadcast com.google.android.partnersetup/.RlzPingBroadcastReceiver
07-26 14:15:46.118  3061 24144 W PackageParser: Unknown element under <manifest>: queries at /data/user_de/0/com.google.android.gms/app_chimera/m/00000088/dl-AdsFdrDynamite.integ_21880100000.apk Binary XML file line #5
07-26 14:15:46.151  3061 24144 W PackageParser: Unknown element under <manifest>: queries at /data/user_de/0/com.google.android.gms/app_chimera/m/00000083/dl-Payments.integ_202390001100400.apk Binary XML file line #5
07-26 14:15:46.165  1228  4735 I ActivityManager: Killing 23723:com.google.android.apps.turbo:ssb/u0a32 (adj 906): empty #17
07-26 14:15:46.178  1228  1250 I ActivityManager: Start proc 24176:com.google.intelligence.sense/u0a23 for broadcast com.google.intelligence.sense/.phenotype.SystemBroadcastReceiver
07-26 14:15:46.621  1228  2362 I SoundTriggerService: deleteSoundModel(): id = 9f6ad62a-1f0b-11e7-87c5-40a8f03d3f15
07-26 14:15:46.622  1228  2362 W SoundTriggerHelper: Unload error: Attempting unload invalid generic model with id:9f6ad62a-1f0b-11e7-87c5-40a8f03d3f15
07-26 14:15:46.672  1228  2362 I ActivityManager: Killing 23358:com.google.android.apps.turbo/u0a32 (adj 906): empty #17
07-26 14:15:46.722  3061 24144 W PackageParser: Unknown element under <manifest>: queries at /data/user_de/0/com.google.android.gms/app_chimera/m/00000088/dl-AdsFdrDynamite.integ_21880100000.apk Binary XML file line #5
07-26 14:15:46.767  3061 24144 W PackageParser: Unknown element under <manifest>: queries at /data/user_de/0/com.google.android.gms/app_chimera/m/00000077/dl-Payments.integ_202112000100400.apk Binary XML file line #5
07-26 14:15:46.772  1228  2362 I SoundTriggerService: deleteSoundModel(): id = 9f6ad62a-1f0b-11e7-87c5-40a8f03d3f15
07-26 14:15:46.772  1228  2362 W SoundTriggerHelper: Unload error: Attempting unload invalid generic model with id:9f6ad62a-1f0b-11e7-87c5-40a8f03d3f15
07-26 14:15:47.086  3061 24144 W PackageParser: Unknown element under <manifest>: queries at /data/user_de/0/com.google.android.gms/app_chimera/m/00000088/dl-AdsFdrDynamite.integ_21880100000.apk Binary XML file line #5
07-26 14:15:48.323  3061  3142 W PackageParser: Unknown element under <manifest>: queries at /data/user_de/0/com.google.android.gms/app_chimera/m/00000088/dl-AdsFdrDynamite.integ_21880100000.apk Binary XML file line #5
07-26 14:15:48.359  3061  3142 W PackageParser: Unknown element under <manifest>: queries at /data/user_de/0/com.google.android.gms/app_chimera/m/00000083/dl-Payments.integ_202390001100400.apk Binary XML file line #5
07-26 14:15:48.914  3061  3142 W PackageParser: Unknown element under <manifest>: queries at /data/user_de/0/com.google.android.gms/app_chimera/m/00000088/dl-AdsFdrDynamite.integ_21880100000.apk Binary XML file line #5
07-26 14:15:48.944  3061  3142 W PackageParser: Unknown element under <manifest>: queries at /data/user_de/0/com.google.android.gms/app_chimera/m/00000077/dl-Payments.integ_202112000100400.apk Binary XML file line #5
07-26 14:15:49.168  3061  3142 W PackageParser: Unknown element under <manifest>: queries at /data/user_de/0/com.google.android.gms/app_chimera/m/00000088/dl-AdsFdrDynamite.integ_21880100000.apk Binary XML file line #5
07-26 14:15:51.459  1228  8657 I ActivityManager: Killing 23672:android.process.media/u0a8 (adj 906): empty #17
07-26 14:15:52.017  1625  1625 I chatty  : uid=10072(com.android.systemui) expire 11 lines
07-26 14:15:53.112  1228  1496 I ActivityManager: Killing 23420:com.google.android.as:nonpersistent/u0a11 (adj 906): empty #17
07-26 14:15:53.112  1228  1496 I ActivityManager: Killing 23434:com.google.android.apps.turbo:aab/u0a32 (adj 906): empty #18
07-26 14:15:54.484  1228  7148 I ActivityManager: Killing 23158:com.google.android.apps.wellbeing/u0a64 (adj 906): empty #17
07-26 14:15:54.515  1228  2362 D ConnectivityService: ConnectivityService NetworkRequestInfo binderDied(NetworkRequest [ TRACK_DEFAULT id=7857, [ Capabilities: INTERNET&NOT_RESTRICTED&TRUSTED Unwanted:  Uid: 10064] ], android.os.BinderProxy@77bd124)
07-26 14:15:54.515  1228  1520 D ConnectivityService: releasing NetworkRequest [ TRACK_DEFAULT id=7857, [ Capabilities: INTERNET&NOT_RESTRICTED&TRUSTED Unwanted:  Uid: 10064] ] (release request)
07-26 14:15:56.351  1228  1724 I ActivityManager: Killing 23821:com.google.android.dialer/u0a46 (adj 906): empty #17
07-26 14:38:00.242  1228  1250 I ActivityManager: Start proc 24222:com.google.android.apps.turbo/u0a32 for broadcast com.google.android.apps.turbo/.nudges.broadcasts.BatteryStatusChangedReceiver
07-26 14:44:51.325  1228  1520 D ConnectivityService: reportNetworkConnectivity(131, true) by 10028
07-26 14:44:51.329  1228  1724 D ConnectivityService: Returning BLOCKED NetworkInfo to uid=10032
07-26 14:44:51.330  1228  1520 D ConnectivityService: reportNetworkConnectivity(131, true) by 10028
07-26 15:13:42.220  1228  1520 D ConnectivityService: reportNetworkConnectivity(131, true) by 10028
07-26 15:13:42.220  1228  1520 D ConnectivityService: reportNetworkConnectivity(131, true) by 10028
07-26 15:18:00.181  1625  1625 I chatty  : uid=10072(com.android.systemui) expire 19 lines
07-26 15:33:43.162  1228  1247 I UsageStatsService: User[0] Rolling over usage stats
07-26 15:33:43.162  1228  1247 I UsageStatsService: User[0] Flushing usage stats to disk
07-26 15:33:43.292  1228  1247 I UsageStatsService: User[0] Rollover scheduled @ 2020-07-27 15:33:43(1595856823162)
07-26 15:33:43.293  1228  1247 I UsageStatsService: User[0] Rolling over usage stats complete. Took 130 milliseconds
07-26 15:38:00.149  1228  1247 E NetdConnector: NDC Command {26040 firewall set_uid_rule standby 10107 deny} took too long (256842ms)
07-26 15:42:33.157  1228  1520 D ConnectivityService: NetworkAgentInfo [WIFI () - 131] validation failed
07-26 15:42:33.205  1228  1520 D ConnectivityService: reportNetworkConnectivity(131, true) by 10028
07-26 15:42:33.205  1228  1520 D ConnectivityService: reportNetworkConnectivity(131, true) by 10028
07-26 16:11:24.257  1228  1520 D ConnectivityService: reportNetworkConnectivity(131, true) by 10028
07-26 16:11:24.257  1228  1520 D ConnectivityService: reportNetworkConnectivity(131, true) by 10028
07-26 16:40:15.159  1228  1520 D ConnectivityService: reportNetworkConnectivity(131, true) by 10028
07-26 16:40:15.160  1228  1520 D ConnectivityService: reportNetworkConnectivity(131, true) by 10028
07-26 16:40:15.165  1625  1625 I chatty  : uid=10072(com.android.systemui) expire 52 lines
07-26 17:09:06.244  1228  1520 D ConnectivityService: releasing NetworkRequest [ REQUEST id=7858, [ Transports: CELLULAR Capabilities: INTERNET&NOT_RESTRICTED&TRUSTED&NOT_VPN Unwanted:  Uid: 10073] ] (release request)
07-26 17:09:06.451  1228  1520 D ConnectivityService: reportNetworkConnectivity(131, true) by 10028
07-26 17:09:06.451  1228  1520 D ConnectivityService: reportNetworkConnectivity(131, true) by 10028
07-26 17:18:00.273  1228  1520 D ConnectivityService: NetworkAgentInfo [WIFI () - 131] validation failed
07-26 17:37:58.160  1228  1520 D ConnectivityService: reportNetworkConnectivity(131, true) by 10028
07-26 17:37:58.161  1228  1520 D ConnectivityService: reportNetworkConnectivity(131, true) by 10028
07-26 18:06:49.129  1228  1520 D ConnectivityService: reportNetworkConnectivity(131, true) by 10028
07-26 18:06:49.129  1228  1520 D ConnectivityService: reportNetworkConnectivity(131, true) by 10028
07-26 18:35:40.061  1228  1520 D ConnectivityService: NetworkAgentInfo [WIFI () - 131] validation failed
07-26 18:35:40.096  1228  1520 D ConnectivityService: reportNetworkConnectivity(131, true) by 10028
07-26 18:35:40.096  1228  1520 D ConnectivityService: reportNetworkConnectivity(131, true) by 10028
07-26 19:04:31.084  1228  1520 D ConnectivityService: reportNetworkConnectivity(131, true) by 10028
07-26 19:04:31.084  1228  1520 D ConnectivityService: reportNetworkConnectivity(131, true) by 10028
07-26 19:28:00.138  1625  1625 I chatty  : uid=10072(com.android.systemui) expire 11 lines
07-26 19:33:22.062  1228  1520 D ConnectivityService: reportNetworkConnectivity(131, true) by 10028
07-26 19:33:22.062  1228  1520 D ConnectivityService: reportNetworkConnectivity(131, true) by 10028
07-26 20:02:13.059  1228  1520 D ConnectivityService: reportNetworkConnectivity(131, true) by 10028
07-26 20:02:13.060  1228  1520 D ConnectivityService: reportNetworkConnectivity(131, true) by 10028
07-26 20:05:57.014  1228  1248 I ActivityManager: Killing 23834:com.google.android.apps.docs/u0a134 (adj 906): empty #17
07-26 20:05:57.174  1228  1250 I ActivityManager: Start proc 24290:com.google.android.apps.turbo:aab/u0a32 for service com.google.android.apps.turbo/com.google.android.libraries.smartbattery.appusage.library.InferAppBucketsJob
07-26 20:05:57.191  1228  1250 I ActivityManager: Start proc 24302:com.google.android.as:nonpersistent/u0a11 for service com.google.android.as/com.google.android.apps.miphone.aiai.allapps.backgroundjob.BackgroundJobService
07-26 20:05:57.526  1228  1520 D ConnectivityService: NetworkAgentInfo [WIFI () - 131] validation failed
07-26 20:05:57.630  1228 11750 D ConnectivityService: Returning UNBLOCKED NetworkInfo to uid=10032
07-26 20:05:57.744  1228  1250 I ActivityManager: Start proc 24368:com.google.android.apps.wallpaper/u0a49 for broadcast com.google.android.apps.wallpaper/com.android.wallpaper.module.DailyLoggingAlarmReceiver
07-26 20:05:57.975  1228  1250 I ActivityManager: Start proc 24392:com.google.android.apps.carrier.log/u0a86 for broadcast com.google.android.apps.carrier.log/.LogDataReceiver
07-26 20:05:58.068  1228  1907 W BroadcastQueue: Background execution not allowed: receiving Intent { act=android.intent.action.DROPBOX_ENTRY_ADDED flg=0x10 (has extras) } to com.google.android.gms/.stats.service.DropBoxEntryAddedReceiver
07-26 20:05:58.070  1228  1248 W BroadcastQueue: Background execution not allowed: receiving Intent { act=android.intent.action.DROPBOX_ENTRY_ADDED flg=0x10 (has extras) } to com.google.android.gms/.chimera.GmsIntentOperationService$PersistentTrustedReceiver
07-26 20:05:58.070  1228  1248 W BroadcastQueue: Background execution not allowed: receiving Intent { act=android.intent.action.DROPBOX_ENTRY_ADDED flg=0x10 (has extras) } to com.google.android.gms/.stats.service.DropBoxEntryAddedReceiver
07-26 20:05:58.070  1228  1248 W BroadcastQueue: Background execution not allowed: receiving Intent { act=android.intent.action.DROPBOX_ENTRY_ADDED flg=0x10 (has extras) } to com.google.android.gms/.chimera.GmsIntentOperationService$PersistentTrustedReceiver
07-26 20:05:58.155  1228  2368 I ActivityManager: Killing 23847:com.google.android.contacts/u0a83 (adj 906): empty #17
07-26 20:05:59.680  1228  1909 D ConnectivityService: requestNetwork for uid/pid:10073/1632 NetworkRequest [ REQUEST id=7859, [ Transports: CELLULAR Capabilities: INTERNET&NOT_RESTRICTED&TRUSTED&NOT_VPN Unwanted:  Uid: 10073] ]
07-26 20:06:00.122  1228  1228 V BackupManagerService: Scheduling immediate backup pass
07-26 20:06:00.126  1228  1228 W BackupManagerService: Backup pass but e=false p=true
07-26 20:06:00.126  1228  1461 I WatchlistLoggingHandler: No need to aggregate record yet.
07-26 20:06:00.126  1228  1461 I WatchlistLoggingHandler: Milliseconds spent on tryAggregateRecords(): 0
