07-27 08:30:04.138  2975  3013 E Volley  : [39693] BasicNetwork.performRequest: Unexpected response code 429 for https://www.googleapis.com/placesandroid/v1/getPlaceById?key=AIzaSyAf4nrRiEKvqzlRKTncQaAXMzb3ePYHr8Y
07-27 08:30:04.139  2975 24366 E ErrorUtils: Received generic error from server: 429
07-27 08:30:04.140  2975 24366 E AsyncOperation: serviceID=65, operation=GetPlaceById
07-27 08:30:04.140  2975 24366 E AsyncOperation: OperationException[Status{statusCode=ERROR, resolution=null}]
07-27 08:30:04.140  2975 24366 E AsyncOperation: 	at bkcm.a(:com.google.android.gms@202414028@20.24.14 (100400-319035315):1)
07-27 08:30:04.140  2975 24366 E AsyncOperation: 	at bkce.a(:com.google.android.gms@202414028@20.24.14 (100400-319035315):20)
07-27 08:30:04.140  2975 24366 E AsyncOperation: 	at aaas.run(:com.google.android.gms@202414028@20.24.14 (100400-319035315):9)
07-27 08:30:04.140  2975 24366 E AsyncOperation: 	at bnle.run(:com.google.android.gms@202414028@20.24.14 (100400-319035315):2)
07-27 08:30:04.140  2975 24366 E AsyncOperation: 	at smw.b(:com.google.android.gms@202414028@20.24.14 (100400-319035315):12)
07-27 08:30:04.140  2975 24366 E AsyncOperation: 	at smw.run(:com.google.android.gms@202414028@20.24.14 (100400-319035315):7)
07-27 08:30:04.140  2975 24366 E AsyncOperation: 	at java.util.concurrent.ThreadPoolExecutor.runWorker(ThreadPoolExecutor.java:1167)
07-27 08:30:04.140  2975 24366 E AsyncOperation: 	at java.util.concurrent.ThreadPoolExecutor$Worker.run(ThreadPoolExecutor.java:641)
07-27 08:30:04.140  2975 24366 E AsyncOperation: 	at ssu.run(:com.google.android.gms@202414028@20.24.14 (100400-319035315):0)
07-27 08:30:04.140  2975 24366 E AsyncOperation: 	at java.lang.Thread.run(Thread.java:764)
07-27 08:30:04.800 26577 26928 I chatty  : uid=10506(com.nick.noggin.debug) RxCachedThreadS expire 4 lines
07-27 08:30:04.802 26577 26933 I chatty  : uid=10506(com.nick.noggin.debug) RxCachedThreadS expire 2 lines
07-27 08:30:05.863   772  1035 I CHRE    : @ 2342381.750: [AR_CHRE] still: 87
07-27 08:30:09.063   772  1035 I CHRE    : @ 2342385.250: [AR_CHRE] still: 80
07-27 08:30:09.198   766   766 I /vendor/bin/hw/android.hardware.health@2.0-service.bonito: capacity: 3032865
07-27 08:30:09.201  1768  1768 D QtiCarrierConfigHelper: WARNING, no carrier configs on phone Id: 0
07-27 08:30:09.201   771   771 E android.hardware.power@1.3-service.bonito-libperfmgr: extract_stats: failed to open: /d/wlan0/power_stats Error = No such file or directory
07-27 08:30:09.201   771   771 E android.hardware.power@1.3-service.bonito-libperfmgr: getSubsystemLowPowerStats: failed to process wlan stats
07-27 08:30:09.248 27153 27153 E roid.apps.turb: Not starting debugger since process cannot load the jdwp agent.
07-27 08:30:09.275 27153 27153 I roid.apps.turb: The ClassLoaderContext is a special shared library.
07-27 08:30:09.342 27153 27172 W roid.apps.turb: Unsupported class loader
07-27 08:30:09.351 27153 27172 W roid.apps.turb: Skipping duplicate class check due to unsupported classloader
07-27 08:30:09.367 27153 27172 W DynamiteModule: Local module descriptor class for com.google.android.gms.crash not found.
07-27 08:30:09.387 27153 27172 I DynamiteLoaderV2: [71] Dynamitemodulesc
07-27 08:30:09.389 27153 27172 W roid.apps.turb: Unsupported class loader
07-27 08:30:09.422 26577 26950 I chatty  : uid=10506(com.nick.noggin.debug) pool-6-thread-1 expire 42 lines
07-27 08:30:09.445 27153 27172 I FirebaseCrashApiImpl: FirebaseCrashApiImpl created by ClassLoader ay[DexPathList[[zip file "/data/user_de/0/com.google.android.gms/app_chimera/m/0000008c/DynamiteModulesC.apk"],nativeLibraryDirectories=[/data/user_de/0/com.google.android.gms/app_chimera/m/0000008c/DynamiteModulesC.apk!/lib/arm64-v8a, /system/lib64, /system/product/lib64]]]
07-27 08:30:09.465 27153 27173 I DynamiteModule: Considering local module com.google.android.gms.flags:3 and remote module com.google.android.gms.flags:3
07-27 08:30:09.465 27153 27173 I DynamiteModule: Selected local version of com.google.android.gms.flags
07-27 08:30:09.474 27153 27173 W DynamiteModule: Local module descriptor class for com.google.android.gms.crash not found.
07-27 08:30:09.495 27153 27173 I FirebaseCrashApiImpl: FirebaseCrash reporting API initialized
07-27 08:30:09.496 27153 27173 W FirebaseCrashAnalytics: Unable to log event, missing Google Analytics for Firebase library
07-27 08:30:10.701  1625  1625 I chatty  : uid=10072(com.android.systemui) expire 219 lines
07-27 08:30:12.263   772  1035 I CHRE    : @ 2342388.250: [AR_CHRE] still: 98
07-27 08:30:14.803 26577 27054 I chatty  : uid=10506(com.nick.noggin.debug) RxCachedThreadS expire 2 lines
07-27 08:30:15.463   772  1035 I CHRE    : @ 2342391.500: [AR_CHRE] still: 92
07-27 08:30:17.620 22790 22790 I Finsky  : [2] wvk.a(21): SCH: onJobSchedulerWakeup with jobId 9002
07-27 08:30:17.623 22790 22790 I Finsky  : [2] wsm.a(19): Scheduling fallback job with id: 9034, and delay: 43200000 ms
07-27 08:30:17.627 22790 22790 I Finsky  : [2] wsm.a(9): Scheduling fallback in 64799997 (absolute: 6702158635)
07-27 08:30:17.651 22790 22790 I Finsky  : [2] wsv.handleMessage(8): SCH: DeviceState: DeviceState{currentTime=1595831417646, isCharging=false, isIdle=false, netAny=true, netNotRoaming=true, netUnmetered=true, batteryPercent=80.0}
07-27 08:30:17.666 22790 27192 I Finsky  : [4731] wvk.a(8): SCH: Jobs in database: 1-1337 3-795 3-796 3-797 20-23232323 21-333333333 26-1414141414 34-336 34-339 34-340 34-345 34-348 34-349 34-352 
07-27 08:30:17.669 22790 22790 I Finsky  : [2] wsw.a(16): SCH: Running job: 21-333333333
07-27 08:30:17.671 22790 22790 I Finsky  : [2] wsv.handleMessage(61): SCH: RunningQueue size: 1, PendingQueue size: 0
07-27 08:30:17.671 22790 22790 I Finsky  : [2] wsv.handleMessage(64): SCH: Running queue: 21-333333333 
07-27 08:30:17.675  1625  1639 I ndroid.systemu: Background concurrent copying GC freed 378939(19MB) AllocSpace objects, 0(0B) LOS objects, 50% free, 22MB/44MB, paused 218us total 137.721ms
07-27 08:30:17.680 22790 22836 I Finsky  : [4568] iqe.a(13): Dynamic config did not change, will not upload it.
07-27 08:30:17.681 22790 22836 I Finsky  : [4568] irh.a(1): Dynamic device configuration updated successfully.
07-27 08:30:17.681 22790 22836 I Finsky  : [4568] wuh.a(13): SCH: jobFinished: 21-333333333. TimeElapsed: 12ms.
07-27 08:30:17.682 22790 22790 I Finsky  : [2] wsw.a(36): SCH: Job 21-333333333 finished. Not rescheduling.
07-27 08:30:17.682 22790 22790 I Finsky  : [2] wsv.handleMessage(61): SCH: RunningQueue size: 0, PendingQueue size: 0
07-27 08:30:17.683 22790 22790 I Finsky  : [2] wsv.handleMessage(25): Executor finished
07-27 08:30:17.695 22790 22790 I Finsky  : [2] wvk.a(8): SCH: Jobs in database: 1-1337 3-795 3-796 3-797 20-23232323 26-1414141414 34-336 34-339 34-340 34-345 34-348 34-349 34-352 
07-27 08:30:17.698 22790 22790 I Finsky  : [2] wre.a(57): SCH: ConstraintMapping: 1-1337, 34-352,  -> L: 19548917ms, D: 62748917ms, C: false, I: false, N: 1
07-27 08:30:17.698 22790 22790 I Finsky  : [2] wre.a(57): SCH: ConstraintMapping: 3-796, 20-23232323,  -> L: 0ms, D: 82679889ms, C: true, I: false, N: 2
07-27 08:30:17.698 22790 22790 I Finsky  : [2] wre.a(57): SCH: ConstraintMapping: 3-797, 34-336, 34-339, 34-340, 34-345, 34-348, 34-349,  -> L: 0ms, D: 86282468ms, C: false, I: true, N: 2
07-27 08:30:17.699 22790 22790 I Finsky  : [2] wre.a(57): SCH: ConstraintMapping: 3-795, 34-336, 34-339, 34-340, 34-345, 34-348, 34-349,  -> L: 0ms, D: 86282454ms, C: true, I: true, N: 2
07-27 08:30:17.699 22790 22790 I Finsky  : [2] wre.a(57): SCH: ConstraintMapping: 26-1414141414,  -> L: 19837112ms, D: 20737112ms, C: false, I: false, N: 0
07-27 08:30:17.709 22790 22790 I Finsky  : [2] wtu.a(34): Cancelling existing jobscheduler jobs: 9003 9009 9007 9006 
07-27 08:30:17.710 22790 22790 I Finsky  : [2] wtu.a(27): Scheduling job Id: 9000, L: 19548917, D: 62748917, C: false, I: false, N: 1
07-27 08:30:17.712 22790 22790 I Finsky  : [2] wtu.a(10): Throttling wakeup for job 9001 (expected to run in 0 ms) due to recent wakeup
07-27 08:30:17.712 22790 22790 I Finsky  : [2] wtu.a(27): Scheduling job Id: 9001, L: 30000, D: 82679889, C: true, I: false, N: 2
07-27 08:30:17.714 22790 22790 I Finsky  : [2] wtu.a(10): Throttling wakeup for job 9004 (expected to run in 0 ms) due to recent wakeup
07-27 08:30:17.715 22790 22790 I Finsky  : [2] wtu.a(27): Scheduling job Id: 9004, L: 30000, D: 86282468, C: false, I: true, N: 2
07-27 08:30:17.716 22790 22790 I Finsky  : [2] wtu.a(10): Throttling wakeup for job 9005 (expected to run in 0 ms) due to recent wakeup
07-27 08:30:17.716 22790 22790 I Finsky  : [2] wtu.a(27): Scheduling job Id: 9005, L: 30000, D: 86282454, C: true, I: true, N: 2
07-27 08:30:17.718 22790 22790 I Finsky  : [2] wtu.a(27): Scheduling job Id: 9008, L: 19837112, D: 20737112, C: false, I: false, N: 0
07-27 08:30:18.663   772  1035 I CHRE    : @ 2342394.500: [AR_CHRE] still: 96
07-27 08:30:21.413 27153 27197 I FirebaseCrash: Sending crashes
07-27 08:30:21.514 26577 26950 I chatty  : uid=10506(com.nick.noggin.debug) pool-6-thread-1 expire 44 lines
07-27 08:30:21.655 26577 26948 I chatty  : uid=10506(com.nick.noggin.debug) NR_Harvester-1 expire 6 lines
07-27 08:30:21.863   772  1035 I CHRE    : @ 2342398.000: [AR_CHRE] still: 89
07-27 08:30:22.398 26577 26692 I chatty  : uid=10506(com.nick.noggin.debug) Adjust-pool-7-t expire 1 line
07-27 08:30:24.801 26577 26605 I chatty  : uid=10506(com.nick.noggin.debug) RxCachedThreadS expire 2 lines
07-27 08:30:25.064   772  1035 I CHRE    : @ 2342401.000: [AR_CHRE] still: 89
07-27 08:30:28.265   772  1035 I CHRE    : @ 2342404.250: [AR_CHRE] still: 95
07-27 08:30:28.804  1228  1237 I system_server: Background concurrent copying GC freed 524163(23MB) AllocSpace objects, 17(676KB) LOS objects, 38% free, 37MB/61MB, paused 177us total 125.272ms
07-27 08:30:30.317  1228  1496 I chatty  : uid=1000(system) Binder:1228_3 expire 2 lines
07-27 08:30:30.318  1228  1251 W libprocessgroup: kill(-24494, 9) failed: No such process
07-27 08:30:30.338  1228  1251 I chatty  : uid=1000(system) ActivityManager identical 3 lines
07-27 08:30:30.345  1228  1251 W libprocessgroup: kill(-24494, 9) failed: No such process
07-27 08:30:30.349   680   680 I Zygote  : Process 25968 exited due to signal (9)
07-27 08:30:30.352  1228  1251 W libprocessgroup: kill(-24494, 9) failed: No such process
07-27 08:30:30.354   680   680 I Zygote  : Process 24494 exited due to signal (9)
07-27 08:30:30.361  1228  1251 W libprocessgroup: kill(-24494, 9) failed: No such process
07-27 08:30:30.361  1228  1251 I libprocessgroup: Successfully killed process cgroup uid 10064 pid 24494 in 43ms
07-27 08:30:30.361  1228  1251 W libprocessgroup: kill(-25968, 9) failed: No such process
07-27 08:30:30.361  1228  1251 I libprocessgroup: Successfully killed process cgroup uid 10028 pid 25968 in 0ms
07-27 08:30:31.463   772  1035 I CHRE    : @ 2342407.500: [AR_CHRE] still: 92
07-27 08:30:33.903  2975 27146 W Conscrypt: Could not set socket write timeout: java.net.SocketException: Socket closed
07-27 08:30:33.903  2975 27146 W Conscrypt: 	at com.google.android.gms.org.conscrypt.Platform.setSocketWriteTimeout(:com.google.android.gms@202414028@20.24.14 (100400-319035315):2)
07-27 08:30:33.903  2975 27146 W Conscrypt: 	at com.google.android.gms.org.conscrypt.ConscryptFileDescriptorSocket.setSoWriteTimeout(:com.google.android.gms@202414028@20.24.14 (100400-319035315):0)
07-27 08:30:33.954  2975 27146 W Conscrypt: Could not set socket write timeout: java.net.SocketException: Socket closed
07-27 08:30:33.955  2975 27146 W Conscrypt: 	at com.google.android.gms.org.conscrypt.Platform.setSocketWriteTimeout(:com.google.android.gms@202414028@20.24.14 (100400-319035315):2)
07-27 08:30:33.955  2975 27146 W Conscrypt: 	at com.google.android.gms.org.conscrypt.ConscryptFileDescriptorSocket.setSoWriteTimeout(:com.google.android.gms@202414028@20.24.14 (100400-319035315):0)
07-27 08:30:34.387 26577 26950 I chatty  : uid=10506(com.nick.noggin.debug) pool-6-thread-1 expire 17 lines
07-27 08:30:34.663   772  1035 I CHRE    : @ 2342410.750: [AR_CHRE] still: 90
07-27 08:30:34.802 26577 27055 I chatty  : uid=10506(com.nick.noggin.debug) RxCachedThreadS expire 11 lines
07-27 08:30:37.863   772  1035 I CHRE    : @ 2342413.750: [AR_CHRE] still: 90
07-27 08:30:39.155 26577 26950 I chatty  : uid=10506(com.nick.noggin.debug) pool-6-thread-1 expire 37 lines
07-27 08:30:40.148  3061 18416 W Conscrypt: Could not set socket write timeout: java.net.SocketException: Socket closed
07-27 08:30:40.149  3061 18416 W Conscrypt: 	at com.google.android.gms.org.conscrypt.Platform.setSocketWriteTimeout(:com.google.android.gms@202414028@20.24.14 (100400-319035315):2)
07-27 08:30:40.149  3061 18416 W Conscrypt: 	at com.google.android.gms.org.conscrypt.ConscryptFileDescriptorSocket.setSoWriteTimeout(:com.google.android.gms@202414028@20.24.14 (100400-319035315):0)
07-27 08:30:40.204  3061 18416 W Conscrypt: Could not set socket write timeout: java.net.SocketException: Socket closed
07-27 08:30:40.205  3061 18416 W Conscrypt: 	at com.google.android.gms.org.conscrypt.Platform.setSocketWriteTimeout(:com.google.android.gms@202414028@20.24.14 (100400-319035315):2)
07-27 08:30:40.205  3061 18416 W Conscrypt: 	at com.google.android.gms.org.conscrypt.ConscryptFileDescriptorSocket.setSoWriteTimeout(:com.google.android.gms@202414028@20.24.14 (100400-319035315):0)
07-27 08:30:41.063   772  1035 I CHRE    : @ 2342417.250: [AR_CHRE] still: 82
07-27 08:30:44.263   772  1035 I CHRE    : @ 2342420.250: [AR_CHRE] still: 90
07-27 08:30:44.801 26577 26928 I chatty  : uid=10506(com.nick.noggin.debug) RxCachedThreadS expire 2 lines
07-27 08:30:44.804 26577 26715 I chatty  : uid=10506(com.nick.noggin.debug) RxCachedThreadS expire 2 lines
07-27 08:30:47.464   772  1035 I CHRE    : @ 2342423.500: [AR_CHRE] still: 89
07-27 08:30:48.190 26577 26577 I chatty  : uid=10506(com.nick.noggin.debug) expire 18 lines
07-27 08:30:50.628   751   751 W AshmemAllocator: ashmem_create_region(7680) returning hidl_memory(0x7cb442c100, 7680)
07-27 08:30:50.630   751   751 W AshmemAllocator: ashmem_create_region(7680) returning hidl_memory(0x7cb442c100, 7680)
07-27 08:30:50.634   754  8587 D audio_route: Apply path: speaker
07-27 08:30:50.634   754  8587 D audio_hw_primary: enable_snd_device: snd_device(103: vi-feedback)
07-27 08:30:50.635   754  8587 D audio_route: Apply path: vi-feedback
07-27 08:30:50.635   754  8587 E audio_hw_utils: audio_extn_utils_send_app_type_cfg: Failed to derive app_type for uc type : 0x1
07-27 08:30:50.635   754  8587 D ACDB-LOADER: ACDB -> send_audio_cal, acdb_id = 512, path = 1, app id = 0x11132, sample rate = 48000
07-27 08:30:50.635   754  8587 D ACDB-LOADER: ACDB -> send_asm_topology
07-27 08:30:50.635   754  8587 D ACDB-LOADER: ACDB -> ACDB_CMD_GET_AUDPROC_STREAM_TOPOLOGY_ID
07-27 08:30:50.635   754  8587 D ACDB-LOADER: ACDB -> send_adm_topology
07-27 08:30:50.635   754  8587 D ACDB-LOADER: ACDB -> ACDB_CMD_GET_AUDPROC_COMMON_TOPOLOGY_ID
07-27 08:30:50.635   754  8587 D ACDB-LOADER: ACDB -> send_audtable
07-27 08:30:50.635   754  8587 D ACDB-LOADER: ACDB -> ACDB_CMD_GET_AUDPROC_COMMON_TABLE_SIZE
07-27 08:30:50.635   754  8587 D ACDB-LOADER: ACDB -> ACDB_CMD_GET_AUDPROC_COMMON_TABLE
07-27 08:30:50.635   754  8587 D ACDB-LOADER: ACDB -> AUDIO_SET_AUDPROC_CAL
07-27 08:30:50.635   754  8587 D ACDB-LOADER: ACDB -> send_audvoltable
07-27 08:30:50.635   754  8587 D ACDB-LOADER: ACDB -> ACDB_CMD_GET_AUDPROC_VOL_STEP_TABLE_SIZE
07-27 08:30:50.635   754  8587 D ACDB-LOADER: ACDB -> ACDB_CMD_GET_AUDPROC_GAIN_DEP_STEP_TABLE, vol index 0
07-27 08:30:50.635   754  8587 D         : Failed to fetch the lookup information of the device 00000200 
07-27 08:30:50.635   754  8587 E ACDB-LOADER: Error: ACDB AudProc vol returned = -19
07-27 08:30:50.635   754  8587 D ACDB-LOADER: ACDB -> AUDIO_SET_VOL_CAL cal type = 12
07-27 08:30:50.635   754  8587 D ACDB-LOADER: ACDB -> ACDB_CMD_GET_AUDPROC_STREAM_TABLE_SIZE
07-27 08:30:50.635   754  8587 D ACDB-LOADER: ACDB -> send_audstrmtable
07-27 08:30:50.635   754  8587 D ACDB-LOADER: ACDB -> ACDB_CMD_GET_AUDPROC_STREAM_TABLE_V2
07-27 08:30:50.635   754  8587 D ACDB-LOADER: ACDB -> audstrm_cal->cal_type.cal_data.cal_size = 16
07-27 08:30:50.635   754  8587 D ACDB-LOADER: ACDB -> send_afe_topology
07-27 08:30:50.635   754  8587 D ACDB-LOADER: ACDB -> ACDB_CMD_GET_AFE_TOPOLOGY_ID
07-27 08:30:50.635   754  8587 D ACDB-LOADER: ACDB -> GET_AFE_TOPOLOGY_ID for adcd_id 512, Topology Id 10001ccc
07-27 08:30:50.635   754  8587 D ACDB-LOADER: ACDB -> send_afe_cal
07-27 08:30:50.635   754  8587 D ACDB-LOADER: ACDB -> ACDB_CMD_GET_AFE_COMMON_TABLE_SIZE
07-27 08:30:50.635   754  8587 D ACDB-LOADER: ACDB -> ACDB_CMD_GET_AFE_COMMON_TABLE
07-27 08:30:50.635   754  8587 D ACDB-LOADER: ACDB -> AUDIO_SET_AFE_CAL
07-27 08:30:50.635   754  8587 D ACDB-LOADER: ACDB -> send_hw_delay : acdb_id = 512 path = 1
07-27 08:30:50.635   754  8587 D ACDB-LOADER: ACDB -> ACDB_AVSYNC_INFO: ACDB_CMD_GET_DEVICE_PROPERTY
07-27 08:30:50.635   754  8587 D audio_hw_primary: enable_audio_route: usecase(24) apply and update mixer path: spkr-vi-record vi-feedback
07-27 08:30:50.635   754  8587 D audio_route: Apply path: spkr-vi-record vi-feedback
07-27 08:30:50.636   771   771 D android.hardware.power@1.3-service.bonito-libperfmgr: AUDIO STREAMING ON
07-27 08:30:50.637   751   751 W AshmemAllocator: ashmem_create_region(7680) returning hidl_memory(0x7cb442c100, 7680)
07-27 08:30:50.638   751   751 W AshmemAllocator: ashmem_create_region(7680) returning hidl_memory(0x7cb442c100, 7680)
07-27 08:30:50.663   772  1035 I CHRE    : @ 2342426.500: [AR_CHRE] still: 76
07-27 08:30:50.665   754  8587 D ACDB-LOADER: ACDB -> send_audio_cal, acdb_id = 513, path = 0, app id = 0x11130, sample rate = 48000
07-27 08:30:50.666   754  8587 D ACDB-LOADER: ACDB -> send_asm_topology
07-27 08:30:50.666   754  8587 D ACDB-LOADER: ACDB -> ACDB_CMD_GET_AUDPROC_STREAM_TOPOLOGY_ID
07-27 08:30:50.666   754  8587 D ACDB-LOADER: ACDB -> send_adm_topology
07-27 08:30:50.666   754  8587 D ACDB-LOADER: ACDB -> ACDB_CMD_GET_AUDPROC_COMMON_TOPOLOGY_ID
07-27 08:30:50.666   754  8587 D ACDB-LOADER: ACDB -> send_audtable
07-27 08:30:50.666   754  8587 D ACDB-LOADER: ACDB -> ACDB_CMD_GET_AUDPROC_COMMON_TABLE_SIZE
07-27 08:30:50.666   754  8587 D ACDB-LOADER: ACDB -> ACDB_CMD_GET_AUDPROC_COMMON_TABLE
07-27 08:30:50.666   754  8587 D ACDB-LOADER: ACDB -> AUDIO_SET_AUDPROC_CAL
07-27 08:30:50.666   754  8587 D ACDB-LOADER: ACDB -> send_audvoltable
07-27 08:30:50.666   754  8587 D ACDB-LOADER: ACDB -> ACDB_CMD_GET_AUDPROC_VOL_STEP_TABLE_SIZE
07-27 08:30:50.666   754  8587 D ACDB-LOADER: ACDB -> ACDB_CMD_GET_AUDPROC_GAIN_DEP_STEP_TABLE, vol index 0
07-27 08:30:50.666   754  8587 D         : Failed to fetch the lookup information of the device 00000201 
07-27 08:30:50.666   754  8587 E ACDB-LOADER: Error: ACDB AudProc vol returned = -19
07-27 08:30:50.666   754  8587 D ACDB-LOADER: ACDB -> AUDIO_SET_VOL_CAL cal type = 12
07-27 08:30:50.666   754  8587 D ACDB-LOADER: ACDB -> ACDB_CMD_GET_AUDPROC_STREAM_TABLE_SIZE
07-27 08:30:50.666   754  8587 D ACDB-LOADER: ACDB -> send_audstrmtable
07-27 08:30:50.666   754  8587 D ACDB-LOADER: ACDB -> ACDB_CMD_GET_AUDPROC_STREAM_TABLE_V2
07-27 08:30:50.666   754  8587 D ACDB-LOADER: ACDB -> audstrm_cal->cal_type.cal_data.cal_size = 488
07-27 08:30:50.666   754  8587 D ACDB-LOADER: ACDB -> send_afe_topology
07-27 08:30:50.666   754  8587 D ACDB-LOADER: ACDB -> ACDB_CMD_GET_AFE_TOPOLOGY_ID
07-27 08:30:50.666   754  8587 D ACDB-LOADER: ACDB -> GET_AFE_TOPOLOGY_ID for adcd_id 513, Topology Id 10000ccc
07-27 08:30:50.666   754  8587 D ACDB-LOADER: ACDB -> send_afe_cal
07-27 08:30:50.666   754  8587 D ACDB-LOADER: ACDB -> ACDB_CMD_GET_AFE_COMMON_TABLE_SIZE
07-27 08:30:50.666   754  8587 D ACDB-LOADER: ACDB -> ACDB_CMD_GET_AFE_COMMON_TABLE
07-27 08:30:50.666   754  8587 D ACDB-LOADER: ACDB -> AUDIO_SET_AFE_CAL
07-27 08:30:50.666   754  8587 D ACDB-LOADER: ACDB -> send_hw_delay : acdb_id = 513 path = 0
07-27 08:30:50.666   754  8587 D ACDB-LOADER: ACDB -> ACDB_AVSYNC_INFO: ACDB_CMD_GET_DEVICE_PROPERTY
07-27 08:30:50.666   754  8587 D audio_hw_primary: enable_audio_route: usecase(1) apply and update mixer path: low-latency-playback speaker
07-27 08:30:50.666   754  8587 D audio_route: Apply path: low-latency-playback speaker
07-27 08:30:50.723   754  8587 D audio_hw_primary: out_write: retry previous failed cal level set
07-27 08:30:50.724   771   771 D android.hardware.power@1.3-service.bonito-libperfmgr: AUDIO STREAMING OFF
07-27 08:30:50.730 26577 26582 I chatty  : uid=10506(com.nick.noggin.debug) Jit thread pool expire 1 line
07-27 08:30:50.748   754  1540 D msm8974_platform: Setting audio calibration for snd_device(2) acdb_id(513)
07-27 08:30:50.749   754  1540 D msm8974_platform: Setting audio calibration for snd_device(2) acdb_id(513)
07-27 08:30:50.786   586  1906 D SurfaceFlinger: duplicate layer name: changing com.nick.noggin.debug/com.viacom.android.neutron.kids.library.internal.home.NogginMainActivity to com.nick.noggin.debug/com.viacom.android.neutron.kids.library.internal.home.NogginMainActivity#1
07-27 08:30:50.822  7311  7311 I GoogleInputMethodService: GoogleInputMethodService.onFinishInput():3138 
07-27 08:30:50.822  7311  7311 I GoogleInputMethodService: GoogleInputMethodService.onStartInput():1808 
07-27 08:30:51.025 26577 27222 I chatty  : uid=10506(com.nick.noggin.debug) expire 2 lines
07-27 08:30:52.688   751   751 W AshmemAllocator: ashmem_create_region(7680) returning hidl_memory(0x7cb442c100, 7680)
07-27 08:30:52.690   751   751 W AshmemAllocator: ashmem_create_region(7680) returning hidl_memory(0x7cb442c100, 7680)
07-27 08:30:52.704 26577 26647 I chatty  : uid=10506(com.nick.noggin.debug) RenderThread expire 1 line
07-27 08:30:52.743  1228  3624 I chatty  : uid=1000(system) Binder:1228_14 expire 1 line
07-27 08:30:52.743  1228  1594 D Ethernet: got request NetworkRequest [ TRACK_DEFAULT id=7891, [ Capabilities: INTERNET&NOT_RESTRICTED&TRUSTED Unwanted:  Uid: 10506] ] with score 60
07-27 08:30:52.743  1228  1593 D WIFI_AWARE_FACTORY: got request NetworkRequest [ TRACK_DEFAULT id=7891, [ Capabilities: INTERNET&NOT_RESTRICTED&TRUSTED Unwanted:  Uid: 10506] ] with score 60
07-27 08:30:52.744  1228  1502 D WIFI    : got request NetworkRequest [ TRACK_DEFAULT id=7891, [ Capabilities: INTERNET&NOT_RESTRICTED&TRUSTED Unwanted:  Uid: 10506] ] with score 60
07-27 08:30:52.744  1768  1768 D PhoneSwitcherNetworkRequstListener: got request NetworkRequest [ TRACK_DEFAULT id=7891, [ Capabilities: INTERNET&NOT_RESTRICTED&TRUSTED Unwanted:  Uid: 10506] ] with score 60
07-27 08:30:52.744  1228  1502 D WIFI_UT : got request NetworkRequest [ TRACK_DEFAULT id=7891, [ Capabilities: INTERNET&NOT_RESTRICTED&TRUSTED Unwanted:  Uid: 10506] ] with score 60
07-27 08:30:52.778 26577 27230 I chatty  : uid=10506(com.nick.noggin.debug) expire 38 lines
07-27 08:30:52.783   862 32283 V C2Store : in init
07-27 08:30:52.783   862 32283 V C2Store : loading dll
07-27 08:30:52.800 26577 26803 I chatty  : uid=10506(com.nick.noggin.debug) HwBinder:26577_ expire 4 lines
07-27 08:30:52.804   862 27231 D SimpleC2Component: Using output block pool with poolID 0 => got 0 - 0
07-27 08:30:52.806  7311  7311 I GoogleInputMethodService: GoogleInputMethodService.onFinishInput():3138 
07-27 08:30:52.807  7311  7311 I GoogleInputMethodService: GoogleInputMethodService.onStartInput():1808 
07-27 08:30:52.814 27232 27232 E dboxed_process: Not starting debugger since process cannot load the jdwp agent.
07-27 08:30:52.824 22790 22803 I Finsky  : [4555] bmj.a(52): com.nick.noggin.debug: Account from first account - [Cah-LTgm34FmmzVan9z3kmDuyH85WJDqxbMp_MayjPI]
07-27 08:30:52.827 22790 22803 W Finsky  : [4555] fph.a(333): Billing unavailable for this package and user.
07-27 08:30:52.829 22790 22803 I Finsky  : [4555] bmj.a(52): com.nick.noggin.debug: Account from first account - [Cah-LTgm34FmmzVan9z3kmDuyH85WJDqxbMp_MayjPI]
07-27 08:30:52.830 22790 22803 W Finsky  : [4555] fph.a(333): Billing unavailable for this package and user.
07-27 08:30:52.832 22790 22803 I Finsky  : [4555] bmj.a(52): com.nick.noggin.debug: Account from first account - [Cah-LTgm34FmmzVan9z3kmDuyH85WJDqxbMp_MayjPI]
07-27 08:30:52.834 22790 22803 I Finsky  : [4555] bmj.a(52): com.nick.noggin.debug: Account from first account - [Cah-LTgm34FmmzVan9z3kmDuyH85WJDqxbMp_MayjPI]
07-27 08:30:52.835 22790 22803 W Finsky  : [4555] fph.a(333): Billing unavailable for this package and user.
07-27 08:30:52.838 22790 24213 I Finsky  : [4661] bmj.a(52): com.nick.noggin.debug: Account from first account - [Cah-LTgm34FmmzVan9z3kmDuyH85WJDqxbMp_MayjPI]
07-27 08:30:52.839 22790 24213 W Finsky  : [4661] fph.a(333): Billing unavailable for this package and user.
07-27 08:30:52.842 22790 24213 I Finsky  : [4661] bmj.a(52): com.nick.noggin.debug: Account from first account - [Cah-LTgm34FmmzVan9z3kmDuyH85WJDqxbMp_MayjPI]
07-27 08:30:52.851   586  1906 D SurfaceFlinger: duplicate layer name: changing com.nick.noggin.debug/com.viacom.android.neutron.kids.library.internal.home.NogginMainActivity to com.nick.noggin.debug/com.viacom.android.neutron.kids.library.internal.home.NogginMainActivity#1
07-27 08:30:52.864 27232 27232 I LoadedApk: No resource references to update in package com.android.chrome.autofill_assistant
07-27 08:30:52.866 27232 27232 I cr_ChildProcessService: Creating new ChildProcessService pid=27232
07-27 08:30:52.880 27232 27248 I cr_LibraryLoader: Loaded native library version number "84.0.4147.89"
07-27 08:30:52.881 27232 27248 I cr_CachingUmaRecorder: Flushed 1 samples from 1 histograms.
07-27 08:30:52.918  7311  7311 I GoogleInputMethodService: GoogleInputMethodService.onFinishInput():3138 
07-27 08:30:52.919  7311  7311 I GoogleInputMethodService: GoogleInputMethodService.onStartInput():1808 
07-27 08:30:53.078   862 32283 D BufferPoolAccessor: Destruction - bufferpool 0xee02c548 cached: 0/0M, 0/0% in use; allocs: 0, 0% recycled; transfers: 0, 0% unfetced
07-27 08:30:53.080   862 19493 V C2Store : in ~ComponentModule
07-27 08:30:53.080   862 19493 V C2Store : unloading dll
07-27 08:30:53.110 26577 26588 I chatty  : uid=10506(com.nick.noggin.debug) HeapTaskDaemon expire 1 line
07-27 08:30:53.130 26577 26586 I chatty  : uid=10506(com.nick.noggin.debug) FinalizerDaemon expire 1 line
07-27 08:30:53.451 26577 26841 I chatty  : uid=10506(com.nick.noggin.debug) JavaBridge expire 1 line
07-27 08:30:53.512 22790 24213 I Finsky  : [4661] bmj.a(52): com.nick.noggin.debug: Account from first account - [Cah-LTgm34FmmzVan9z3kmDuyH85WJDqxbMp_MayjPI]
07-27 08:30:53.548 26577 27050 I chatty  : uid=10506(com.nick.noggin.debug) RxCachedThreadS expire 23 lines
07-27 08:30:53.563 26577 27261 I chatty  : uid=10506(com.nick.noggin.debug) expire 2 lines
07-27 08:30:53.642 26577 26771 I chatty  : uid=10506(com.nick.noggin.debug) AudioThread expire 7 lines
07-27 08:30:53.643   789  1106 D AudioFlinger: Client defaulted notificationFrames to 1922 for frameCount 3844
07-27 08:30:53.647 27232 27248 I chromium: [INFO:audio_latency.cc(143)] audioHardwareBufferSize = 96
07-27 08:30:53.649   751   751 W AshmemAllocator: ashmem_create_region(15360) returning hidl_memory(0x7cb442c100, 15360)
07-27 08:30:53.651   751   751 W AshmemAllocator: ashmem_create_region(15360) returning hidl_memory(0x7cb442c100, 15360)
07-27 08:30:53.652   789  1106 W AudioFlinger: moveEffectChain_l() effect chain for session 0 not on source thread 0xeae03440
07-27 08:30:53.654   754  1540 D msm8974_platform: Setting audio calibration for snd_device(2) acdb_id(513)
07-27 08:30:53.655   754  1540 D msm8974_platform: Setting audio calibration for snd_device(2) acdb_id(513)
07-27 08:30:53.656   754  9034 D ACDB-LOADER: ACDB -> send_audio_cal, acdb_id = 513, path = 0, app id = 0x11134, sample rate = 48000
07-27 08:30:53.656   754  9034 D ACDB-LOADER: ACDB -> send_asm_topology
07-27 08:30:53.656   754  9034 D ACDB-LOADER: ACDB -> ACDB_CMD_GET_AUDPROC_STREAM_TOPOLOGY_ID
07-27 08:30:53.656   754  9034 D ACDB-LOADER: ACDB -> send_adm_topology
07-27 08:30:53.656   754  9034 D ACDB-LOADER: ACDB -> ACDB_CMD_GET_AUDPROC_COMMON_TOPOLOGY_ID
07-27 08:30:53.656   754  9034 D ACDB-LOADER: ACDB -> send_audtable
07-27 08:30:53.656   754  9034 D ACDB-LOADER: ACDB -> ACDB_CMD_GET_AUDPROC_COMMON_TABLE_SIZE
07-27 08:30:53.656   754  9034 D ACDB-LOADER: ACDB -> ACDB_CMD_GET_AUDPROC_COMMON_TABLE
07-27 08:30:53.657   754  9034 D ACDB-LOADER: ACDB -> AUDIO_SET_AUDPROC_CAL
07-27 08:30:53.657   754  9034 D ACDB-LOADER: ACDB -> send_audvoltable
07-27 08:30:53.657   754  9034 D ACDB-LOADER: ACDB -> ACDB_CMD_GET_AUDPROC_VOL_STEP_TABLE_SIZE
07-27 08:30:53.657   754  9034 D ACDB-LOADER: ACDB -> ACDB_CMD_GET_AUDPROC_GAIN_DEP_STEP_TABLE, vol index 0
07-27 08:30:53.657   754  9034 D         : Failed to fetch the lookup information of the device 00000201 
07-27 08:30:53.657   754  9034 E ACDB-LOADER: Error: ACDB AudProc vol returned = -19
07-27 08:30:53.657   754  9034 D ACDB-LOADER: ACDB -> AUDIO_SET_VOL_CAL cal type = 12
07-27 08:30:53.657   754  9034 D ACDB-LOADER: ACDB -> ACDB_CMD_GET_AUDPROC_STREAM_TABLE_SIZE
07-27 08:30:53.657   754  9034 D ACDB-LOADER: ACDB -> send_audstrmtable
07-27 08:30:53.657   754  9034 D ACDB-LOADER: ACDB -> ACDB_CMD_GET_AUDPROC_STREAM_TABLE_V2
07-27 08:30:53.657   754  9034 D ACDB-LOADER: ACDB -> audstrm_cal->cal_type.cal_data.cal_size = 488
07-27 08:30:53.657   754  9034 D ACDB-LOADER: ACDB -> send_afe_topology
07-27 08:30:53.657   754  9034 D ACDB-LOADER: ACDB -> ACDB_CMD_GET_AFE_TOPOLOGY_ID
07-27 08:30:53.657   754  9034 D ACDB-LOADER: ACDB -> GET_AFE_TOPOLOGY_ID for adcd_id 513, Topology Id 10000ccc
07-27 08:30:53.657   754  9034 D ACDB-LOADER: ACDB -> send_afe_cal
07-27 08:30:53.657   754  9034 D ACDB-LOADER: ACDB -> ACDB_CMD_GET_AFE_COMMON_TABLE_SIZE
07-27 08:30:53.657   754  9034 D ACDB-LOADER: ACDB -> ACDB_CMD_GET_AFE_COMMON_TABLE
07-27 08:30:53.657   754  9034 D ACDB-LOADER: ACDB -> AUDIO_SET_AFE_CAL
07-27 08:30:53.657   754  9034 D ACDB-LOADER: ACDB -> send_hw_delay : acdb_id = 513 path = 0
07-27 08:30:53.657   754  9034 D ACDB-LOADER: ACDB -> ACDB_AVSYNC_INFO: ACDB_CMD_GET_DEVICE_PROPERTY
07-27 08:30:53.657   754  9034 I soundtrigger: audio_extn_sound_trigger_update_stream_status: send event 3: usecase id 0, type 0
07-27 08:30:53.657   754  9034 D sound_trigger_platform: platform_stdev_check_and_update_concurrency: concurrency active 0, tx 0, rx 1, concurrency session_allowed 1
07-27 08:30:53.657   754  9034 D sound_trigger_hw: check_and_transit_cpe_ses_to_ape: enter: current ses 0x0
07-27 08:30:53.657   754  9034 D sound_trigger_hw: check_and_transit_cpe_ses_to_ape: other capture device active
07-27 08:30:53.657   754  9034 D sound_trigger_hw: check_and_transit_cpe_ses_to_ape:[10] switch session to NONE
07-27 08:30:53.657   754  9034 D sound_trigger_hw: idle_state_fn:[10] handle event id 8
07-27 08:30:53.657   754  9034 D sound_trigger_hw: check_and_transit_cpe_ses_to_ape:[10] switch session to ADSP mode
07-27 08:30:53.657   754  9034 D sound_trigger_hw: idle_state_fn:[10] handle event id 8
07-27 08:30:53.657   754  9034 D sound_trigger_hw: idle_state_fn:[10] handle event id 0
07-27 08:30:53.657   754  9034 D sound_trigger_hw: ape_reg_sm:[10] Enter
07-27 08:30:53.657   754  9034 D sound_trigger_platform: platform_stdev_send_calibration: sending lsm calibration for device(3) acdb_id(149) app_id 3
07-27 08:30:53.657   754  9034 D ACDB-LOADER: ACDB -> send_lsm_topology
07-27 08:30:53.657   754  9034 D ACDB-LOADER: ACDB -> ACDB_CMD_GET_LSM_TOPOLOGY_ID 
07-27 08:30:53.657   754  9034 D ACDB-LOADER: ACDB -> get_lsm_table
07-27 08:30:53.657   754  9034 D ACDB-LOADER: ACDB -> ACDB_CMD_GET_LSM_TABLE_SIZE
07-27 08:30:53.657   754  9034 D         : Failed to fetch the lookup information of the device 00000095 
07-27 08:30:53.657   754  9034 E ACDB-LOADER: Error: ACDB_CMD_GET_LSM_TABLE_SIZE Returned = -19
07-27 08:30:53.657   754  9034 D ACDB-LOADER: ACDB -> ACDB_CMD_GET_LSM_TABLE
07-27 08:30:53.657   754  9034 D         : Failed to fetch the lookup information of the device 00000095 
07-27 08:30:53.657   754  9034 E ACDB-LOADER: Error: ACDB LSM returned = -19
07-27 08:30:53.657   754  9034 D ACDB-LOADER: ACDB -> AUDIO_SET_LSM_CAL
07-27 08:30:53.657   754  9034 D sound_trigger_hw: ape_reg_sm: app_type=3 use_topo=1 cal status=0
07-27 08:30:53.657   754  9034 D sound_trigger_hw: ape_reg_sm: opening pcm device=14 topo 1
07-27 08:30:53.657   771   771 D android.hardware.power@1.3-service.bonito-libperfmgr: AUDIO STREAMING ON
07-27 08:30:53.661   754  9034 D sound_trigger_hw: ape_reg_sm:[10] Exit, status=0
07-27 08:30:53.661   754  9034 D sound_trigger_hw: session[10]: idle_state_fn ---> loaded_state_fn 
07-27 08:30:53.661   754  9034 D sound_trigger_hw: loaded_state_fn:[10] handle event id 2
07-27 08:30:53.661   754  9034 D sound_trigger_hw: ape_dereg_sm:[10] Enter
07-27 08:30:53.661   754 27268 D sound_trigger_hw: callback_thread_loop:[10] Enter
07-27 08:30:53.661   789  1106 D AudioFlinger: Client defaulted notificationFrames to 96 for frameCount 192
07-27 08:30:53.661   754 27268 D sound_trigger_hw: callback_thread_loop:[10] Exit
07-27 08:30:53.664   754  9034 D sound_trigger_hw: ape_dereg_sm:[10] Exit, status=0
07-27 08:30:53.664   754  9034 D sound_trigger_hw: ape_reg_sm:[10] Enter
07-27 08:30:53.664   754  9034 D sound_trigger_platform: platform_stdev_send_calibration: sending lsm calibration for device(3) acdb_id(149) app_id 3
07-27 08:30:53.664   754  9034 D ACDB-LOADER: ACDB -> send_lsm_topology
07-27 08:30:53.664   754  9034 D ACDB-LOADER: ACDB -> ACDB_CMD_GET_LSM_TOPOLOGY_ID 
07-27 08:30:53.664   754  9034 D ACDB-LOADER: ACDB -> get_lsm_table
07-27 08:30:53.664   754  9034 D ACDB-LOADER: ACDB -> ACDB_CMD_GET_LSM_TABLE_SIZE
07-27 08:30:53.664   754  9034 D         : Failed to fetch the lookup information of the device 00000095 
07-27 08:30:53.664   754  9034 E ACDB-LOADER: Error: ACDB_CMD_GET_LSM_TABLE_SIZE Returned = -19
07-27 08:30:53.664   754  9034 D ACDB-LOADER: ACDB -> ACDB_CMD_GET_LSM_TABLE
07-27 08:30:53.664   754  9034 D         : Failed to fetch the lookup information of the device 00000095 
07-27 08:30:53.664   754  9034 E ACDB-LOADER: Error: ACDB LSM returned = -19
07-27 08:30:53.664   754  9034 D ACDB-LOADER: ACDB -> AUDIO_SET_LSM_CAL
07-27 08:30:53.664   754  9034 D sound_trigger_hw: ape_reg_sm: app_type=3 use_topo=1 cal status=0
07-27 08:30:53.664   754  9034 D sound_trigger_hw: ape_reg_sm: opening pcm device=14 topo 1
07-27 08:30:53.667   754  9034 D sound_trigger_hw: ape_reg_sm:[10] Exit, status=0
07-27 08:30:53.667   754 27270 D sound_trigger_hw: callback_thread_loop:[10] Enter
07-27 08:30:53.667   754  9034 D sound_trigger_platform: platform_stdev_get_capture_device: available devices 0x80000004, device 0x80000004
07-27 08:30:53.667   754  9034 D sound_trigger_platform: platform_stdev_get_device_sample_rate: sample rate 16000
07-27 08:30:53.667   754  9034 D sound_trigger_platform: platform_stdev_send_calibration: sending device calibration for device(3) acdb_id(149)
07-27 08:30:53.667   754  9034 D ACDB-LOADER: ACDB -> send_adm_topology
07-27 08:30:53.667   754  9034 D ACDB-LOADER: ACDB -> ACDB_CMD_GET_AUDPROC_COMMON_TOPOLOGY_ID
07-27 08:30:53.667   754 27270 I sound_trigger_hw: callback_thread_loop:[10] Waiting for SNDRV_LSM_EVENT_STATUS_V3
07-27 08:30:53.667   754  9034 D ACDB-LOADER: ACDB -> send_audtable
07-27 08:30:53.667   754  9034 D ACDB-LOADER: ACDB -> ACDB_CMD_GET_AUDPROC_COMMON_TABLE_SIZE
07-27 08:30:53.667   754  9034 D ACDB-LOADER: ACDB -> ACDB_CMD_GET_AUDPROC_COMMON_TABLE
07-27 08:30:53.667   754  9034 D ACDB-LOADER: ACDB -> AUDIO_SET_AUDPROC_CAL
07-27 08:30:53.667   754  9034 D ACDB-LOADER: ACDB -> send_afe_topology
07-27 08:30:53.667   754  9034 D ACDB-LOADER: ACDB -> ACDB_CMD_GET_AFE_TOPOLOGY_ID
07-27 08:30:53.667   754  9034 D ACDB-LOADER: ACDB -> GET_AFE_TOPOLOGY_ID for adcd_id 149, Topology Id 12e18
07-27 08:30:53.667   754  9034 D ACDB-LOADER: ACDB -> send_afe_cal
07-27 08:30:53.667   754  9034 D ACDB-LOADER: ACDB -> ACDB_CMD_GET_AFE_COMMON_TABLE_SIZE
07-27 08:30:53.667   754  9034 D ACDB-LOADER: ACDB -> ACDB_CMD_GET_AFE_COMMON_TABLE
07-27 08:30:53.667   754  9034 D ACDB-LOADER: ACDB -> AUDIO_SET_AFE_CAL
07-27 08:30:53.667   754  9034 D sound_trigger_hw: sound_trigger_set_device: enable device (3) = listen-ape-handset-dmic
07-27 08:30:53.667   754  9034 D audio_route: Apply path: listen-ape-handset-dmic
07-27 08:30:53.667   751   751 W AshmemAllocator: ashmem_create_region(7680) returning hidl_memory(0x7cb442c100, 7680)
07-27 08:30:53.669   751   751 W AshmemAllocator: ashmem_create_region(7680) returning hidl_memory(0x7cb442c100, 7680)
07-27 08:30:53.673   754  9034 D sound_trigger_hw: ape_reg_sm_params:[10] Enter
07-27 08:30:53.673   754  9034 D sound_trigger_hw: ape_enable_use_case: enable use case = listen-voice-wakeup-1 preproc
07-27 08:30:53.674   754  9034 D audio_route: Apply path: echo-reference
07-27 08:30:53.676   754  9034 D audio_route: Apply path: listen-voice-wakeup-1 preproc
07-27 08:30:53.678   754  9034 D sound_trigger_hw: get_confidence_levels_payload: No smlib for uuid, sending opaque data
07-27 08:30:53.785   754  9034 D sound_trigger_hw: ape_start:[10] Enter
07-27 08:30:53.786   754  9034 D sound_trigger_hw: ape_start:[10] Exit, status=0
07-27 08:30:53.786   754  9034 D sound_trigger_hw: reg_hal_event_session: ST_EVENT_SESSION_REGISTER capture_handle 158 p_ses 0xf11108c0
07-27 08:30:53.786   754  9034 D sound_trigger_hw: session[10]: loaded_state_fn ---> active_state_fn 
07-27 08:30:53.786   754  9034 D sound_trigger_hw: check_and_transit_cpe_ses_to_ape: exit: ret 0
07-27 08:30:53.786   754  9034 D audio_hw_primary: enable_audio_route: usecase(0) apply and update mixer path: deep-buffer-playback speaker
07-27 08:30:53.786   754  9034 D audio_route: Apply path: deep-buffer-playback speaker
07-27 08:30:53.786   754  1097 I sound_trigger_hw: callback_thread_loop: Termination message
07-27 08:30:53.790   754  1097 D platform_realtek: platform_enable_dsp: Disable
07-27 08:30:53.808   754  9034 D audio_hw_primary: out_write: retry previous failed cal level set
07-27 08:30:53.809   771   771 D android.hardware.power@1.3-service.bonito-libperfmgr: AUDIO STREAMING OFF
07-27 08:30:53.809   771   771 D android.hardware.power@1.3-service.bonito-libperfmgr: AUDIO STREAMING ON
07-27 08:30:53.811   754  9037 D ACDB-LOADER: ACDB -> send_audio_cal, acdb_id = 513, path = 0, app id = 0x11130, sample rate = 48000
07-27 08:30:53.811   754  9037 D ACDB-LOADER: ACDB -> send_asm_topology
07-27 08:30:53.811   754  9037 D ACDB-LOADER: ACDB -> ACDB_CMD_GET_AUDPROC_STREAM_TOPOLOGY_ID
07-27 08:30:53.811   754  9037 D ACDB-LOADER: ACDB -> send_adm_topology
07-27 08:30:53.811   754  9037 D ACDB-LOADER: ACDB -> ACDB_CMD_GET_AUDPROC_COMMON_TOPOLOGY_ID
07-27 08:30:53.811   754  9037 D ACDB-LOADER: ACDB -> send_audtable
07-27 08:30:53.811   754  9037 D ACDB-LOADER: ACDB -> ACDB_CMD_GET_AUDPROC_COMMON_TABLE_SIZE
07-27 08:30:53.811   754  1097 I sound_trigger_hw: callback_thread_loop: Enter Suspend
07-27 08:30:53.811   754  9037 D ACDB-LOADER: ACDB -> ACDB_CMD_GET_AUDPROC_COMMON_TABLE
07-27 08:30:53.811   754  9037 D ACDB-LOADER: ACDB -> AUDIO_SET_AUDPROC_CAL
07-27 08:30:53.811   754  9037 D ACDB-LOADER: ACDB -> send_audvoltable
07-27 08:30:53.811   754  9037 D ACDB-LOADER: ACDB -> ACDB_CMD_GET_AUDPROC_VOL_STEP_TABLE_SIZE
07-27 08:30:53.811   754  9037 D ACDB-LOADER: ACDB -> ACDB_CMD_GET_AUDPROC_GAIN_DEP_STEP_TABLE, vol index 0
07-27 08:30:53.811   754  9037 D         : Failed to fetch the lookup information of the device 00000201 
07-27 08:30:53.811   754  9037 E ACDB-LOADER: Error: ACDB AudProc vol returned = -19
07-27 08:30:53.811   754  9037 D ACDB-LOADER: ACDB -> AUDIO_SET_VOL_CAL cal type = 12
07-27 08:30:53.811   754  9037 D ACDB-LOADER: ACDB -> ACDB_CMD_GET_AUDPROC_STREAM_TABLE_SIZE
07-27 08:30:53.811   754  9037 D ACDB-LOADER: ACDB -> send_audstrmtable
07-27 08:30:53.811   754  9037 D ACDB-LOADER: ACDB -> ACDB_CMD_GET_AUDPROC_STREAM_TABLE_V2
07-27 08:30:53.811   754  9037 D ACDB-LOADER: ACDB -> audstrm_cal->cal_type.cal_data.cal_size = 488
07-27 08:30:53.811   754  9037 D ACDB-LOADER: ACDB -> send_afe_topology
07-27 08:30:53.811   754  9037 D ACDB-LOADER: ACDB -> ACDB_CMD_GET_AFE_TOPOLOGY_ID
07-27 08:30:53.811   754  9037 D ACDB-LOADER: ACDB -> GET_AFE_TOPOLOGY_ID for adcd_id 513, Topology Id 10000ccc
07-27 08:30:53.811   754  9037 D ACDB-LOADER: ACDB -> send_afe_cal
07-27 08:30:53.811   754  9037 D ACDB-LOADER: ACDB -> ACDB_CMD_GET_AFE_COMMON_TABLE_SIZE
07-27 08:30:53.811   754  9037 D ACDB-LOADER: ACDB -> ACDB_CMD_GET_AFE_COMMON_TABLE
07-27 08:30:53.811   754  9037 D ACDB-LOADER: ACDB -> AUDIO_SET_AFE_CAL
07-27 08:30:53.811   754  9037 D ACDB-LOADER: ACDB -> send_hw_delay : acdb_id = 513 path = 0
07-27 08:30:53.811   754  9037 D ACDB-LOADER: ACDB -> ACDB_AVSYNC_INFO: ACDB_CMD_GET_DEVICE_PROPERTY
07-27 08:30:53.811   754  9037 D audio_hw_primary: enable_audio_route: usecase(5) apply and update mixer path: audio-ull-playback speaker
07-27 08:30:53.811   754  9037 D audio_route: Apply path: audio-ull-playback speaker
07-27 08:30:53.823   754  9037 D audio_hw_primary: out_write: retry previous failed cal level set
07-27 08:30:53.823   754  9037 W qc_adm  : margin check: adm_request_focus_v2(p) failed diff -240
07-27 08:30:53.823   754  9037 W qc_adm  : margin check: adm_abandon_focus(p) failed diff -240
07-27 08:30:53.824   754  1109 D msm8974_platform: Setting audio calibration for snd_device(2) acdb_id(513)
07-27 08:30:53.824   771   771 D android.hardware.power@1.3-service.bonito-libperfmgr: AUDIO STREAMING OFF
07-27 08:30:53.824   771   771 D android.hardware.power@1.3-service.bonito-libperfmgr: AUDIO LOW LATENCY ON
07-27 08:30:53.824   754  1109 D msm8974_platform: Setting audio calibration for snd_device(2) acdb_id(513)
07-27 08:30:53.825   754  1109 I chatty  : uid=1041(audioserver) HwBinder:754_2 identical 1 line
07-27 08:30:53.825   754  1109 D msm8974_platform: Setting audio calibration for snd_device(2) acdb_id(513)
07-27 08:30:53.829   754  9037 D qc_adm  : ns 1676979 > expected_ns 1000000 (skipped 0)
07-27 08:30:53.833   754  9037 D qc_adm  : ns 1666874 > expected_ns 1000000 (skipped 0)
07-27 08:30:53.837   754  9037 D qc_adm  : ns 1754530 > expected_ns 1000000 (skipped 0)
07-27 08:30:53.841   754  9037 D qc_adm  : ns 1794842 > expected_ns 1000000 (skipped 0)
07-27 08:30:53.842   754  9037 D qc_adm  : ns 2533540 > expected_ns 2000000 (skipped 0)
07-27 08:30:53.847   754  9037 D qc_adm  : ns 1665519 > expected_ns 1000000 (skipped 0)
07-27 08:30:53.851   754  9037 D qc_adm  : ns 1770570 > expected_ns 1000000 (skipped 0)
07-27 08:30:53.852   754  9037 D qc_adm  : ns 2503799 > expected_ns 2000000 (skipped 0)
07-27 08:30:53.857   754  9037 D qc_adm  : ns 1723278 > expected_ns 1000000 (skipped 0)
07-27 08:30:53.861   754  9037 D qc_adm  : ns 1753486 > expected_ns 1000000 (skipped 0)
07-27 08:30:53.900   789  1114 D AudioFlinger: mixer(0xea803680) throttle end: throttle time(34)
07-27 08:30:54.455 26577 27055 I chatty  : uid=10506(com.nick.noggin.debug) RxCachedThreadS expire 14 lines
07-27 08:30:54.550 22790 22865 D PaySecureElementClient: Felica app not found; returning isSecureElementAvailable = false!
07-27 08:30:54.565 22790 26844 I Finsky  : [4726] ezw.run(331): Skipping a request to /bulkAcquire since cache has all the records.
07-27 08:30:54.803 26577 26712 I chatty  : uid=10506(com.nick.noggin.debug) RxCachedThreadS expire 2 lines
07-27 08:30:54.825   754  9037 D qc_adm  : ns 1779744 > expected_ns 1000000 (skipped 273)
07-27 08:30:54.829   754  9037 D qc_adm  : ns 1720160 > expected_ns 1000000 (skipped 273)
07-27 08:30:54.833   754  9037 D qc_adm  : ns 1644952 > expected_ns 1000000 (skipped 273)
07-27 08:30:54.837   754  9037 D qc_adm  : ns 1754899 > expected_ns 1000000 (skipped 273)
07-27 08:30:54.841   754  9037 D qc_adm  : ns 1780263 > expected_ns 1000000 (skipped 273)
07-27 08:30:54.842   754  9037 D qc_adm  : ns 2511097 > expected_ns 2000000 (skipped 273)
07-27 08:30:54.847   754  9037 D qc_adm  : ns 1689950 > expected_ns 1000000 (skipped 273)
07-27 08:30:54.851   754  9037 D qc_adm  : ns 1751096 > expected_ns 1000000 (skipped 273)
07-27 08:30:54.855   754  9037 D qc_adm  : ns 1760418 > expected_ns 1000000 (skipped 273)
07-27 08:30:54.859   754  9037 D qc_adm  : ns 1621980 > expected_ns 1000000 (skipped 273)
07-27 08:30:54.863   754  9037 D qc_adm  : ns 1728699 > expected_ns 1000000 (skipped 273)
07-27 08:30:54.944   772  1035 I CHRE    : @ 2342431.000: [ImuCal] [NanoSensorCal:GYRO_RPS] Offset | Temperature [C]: -0.001400, 0.001482, 0.000646 | 33.20
07-27 08:30:54.944   772  1035 I CHRE    : @ 2342431.000: [ImuCal] [NanoSensorCal:GYRO_RPS] Temp Sensitivity: 0.000122, -0.000025, -0.000024
07-27 08:30:54.944   772  1035 I CHRE    : @ 2342431.000: [ImuCal] [NanoSensorCal:GYRO_RPS] Temp Intercept: -0.006009, 0.002626, 0.001489
07-27 08:30:55.382 26577 26604 I chatty  : uid=10506(com.nick.noggin.debug) RxCachedThreadS expire 23 lines
07-27 08:30:55.578 26577 26577 I chatty  : uid=10506(com.nick.noggin.debug) expire 16 lines
07-27 08:30:55.823  7311  7349 I PeriodicStatsRunner: PeriodicStatsRunner.call():175 call()
07-27 08:30:55.824  7311  7349 I PeriodicStatsRunner: PeriodicStatsRunner.call():179 No submit PeriodicStats since input started.
07-27 08:30:55.827   754  9037 D qc_adm  : ns 1536311 > expected_ns 1000000 (skipped 524)
07-27 08:30:55.831   754  9037 D qc_adm  : ns 1550061 > expected_ns 1000000 (skipped 524)
07-27 08:30:55.835   754  9037 D qc_adm  : ns 1570946 > expected_ns 1000000 (skipped 524)
07-27 08:30:55.841   754  9037 D qc_adm  : ns 1562560 > expected_ns 1000000 (skipped 524)
07-27 08:30:55.843   754  9037 D qc_adm  : ns 1733184 > expected_ns 1000000 (skipped 524)
07-27 08:30:55.847   754  9037 D qc_adm  : ns 1545736 > expected_ns 1000000 (skipped 524)
07-27 08:30:55.851   754  9037 D qc_adm  : ns 1568600 > expected_ns 1000000 (skipped 524)
07-27 08:30:55.853   754  9037 D qc_adm  : ns 1821360 > expected_ns 1000000 (skipped 524)
07-27 08:30:55.857   754  9037 D qc_adm  : ns 1545995 > expected_ns 1000000 (skipped 524)
07-27 08:30:55.861   754  9037 D qc_adm  : ns 1562453 > expected_ns 1000000 (skipped 524)
07-27 08:30:55.867   754  9037 D qc_adm  : ns 1556047 > expected_ns 1000000 (skipped 524)
07-27 08:30:56.127   754  1540 D audio_hw_primary: disable_audio_route: usecase(1) reset and update mixer path: low-latency-playback speaker
07-27 08:30:56.831   754  9037 D qc_adm  : ns 1571888 > expected_ns 1000000 (skipped 759)
07-27 08:30:56.833   754  9037 D qc_adm  : ns 1836107 > expected_ns 1000000 (skipped 759)
07-27 08:30:56.841   754  9037 D qc_adm  : ns 1573085 > expected_ns 1000000 (skipped 759)
07-27 08:30:56.843   754  9037 D qc_adm  : ns 1877095 > expected_ns 1000000 (skipped 759)
07-27 08:30:56.847   754  9037 D qc_adm  : ns 1578136 > expected_ns 1000000 (skipped 759)
07-27 08:30:56.851   754  9037 D qc_adm  : ns 1573032 > expected_ns 1000000 (skipped 759)
07-27 08:30:56.855   754  9037 D qc_adm  : ns 1573917 > expected_ns 1000000 (skipped 759)
07-27 08:30:56.859   754  9037 D qc_adm  : ns 1505271 > expected_ns 1000000 (skipped 759)
07-27 08:30:56.863   754  9037 D qc_adm  : ns 1539333 > expected_ns 1000000 (skipped 759)
07-27 08:30:56.867   754  9037 D qc_adm  : ns 1547561 > expected_ns 1000000 (skipped 759)
07-27 08:30:56.871   754  9037 D qc_adm  : ns 1571467 > expected_ns 1000000 (skipped 759)
07-27 08:30:57.809  7311  7349 I PeriodicStatsRunner: PeriodicStatsRunner.call():175 call()
07-27 08:30:57.809  7311  7349 I PeriodicStatsRunner: PeriodicStatsRunner.call():179 No submit PeriodicStats since input started.
07-27 08:30:57.833   754  9037 D qc_adm  : ns 1606059 > expected_ns 1000000 (skipped 997)
07-27 08:30:57.835   754  9037 D qc_adm  : ns 1993507 > expected_ns 1000000 (skipped 997)
07-27 08:30:57.839   754  9037 D qc_adm  : ns 1514913 > expected_ns 1000000 (skipped 997)
07-27 08:30:57.843   754  9037 D qc_adm  : ns 1571162 > expected_ns 1000000 (skipped 997)
07-27 08:30:57.847   754  9037 D qc_adm  : ns 1570485 > expected_ns 1000000 (skipped 997)
07-27 08:30:57.851   754  9037 D qc_adm  : ns 1574286 > expected_ns 1000000 (skipped 997)
07-27 08:30:57.855   754  9037 D qc_adm  : ns 1580588 > expected_ns 1000000 (skipped 997)
07-27 08:30:57.859   754  9037 D qc_adm  : ns 1526734 > expected_ns 1000000 (skipped 997)
07-27 08:30:57.861   754  9037 D qc_adm  : ns 1880275 > expected_ns 1000000 (skipped 997)
07-27 08:30:57.862   754  9037 D qc_adm  : ns 2604129 > expected_ns 2000000 (skipped 997)
07-27 08:30:57.867   754  9037 D qc_adm  : ns 1755118 > expected_ns 1000000 (skipped 997)
07-27 08:30:57.939  7311  7349 I PeriodicStatsRunner: PeriodicStatsRunner.call():175 call()
07-27 08:30:57.940  7311  7349 I PeriodicStatsRunner: PeriodicStatsRunner.call():179 No submit PeriodicStats since input started.
07-27 08:30:58.105  7311  7311 I GoogleInputMethodService: GoogleInputMethodService.onFinishInput():3138 
07-27 08:30:58.106  7311  7311 I GoogleInputMethodService: GoogleInputMethodService.onStartInput():1808 
07-27 08:30:58.216 26577 26841 I chatty  : uid=10506(com.nick.noggin.debug) JavaBridge expire 1 line
07-27 08:30:58.374 26577 27283 I chatty  : uid=10506(com.nick.noggin.debug) expire 2 lines
07-27 08:30:58.841   754  9037 D qc_adm  : ns 1567990 > expected_ns 1000000 (skipped 1250)
07-27 08:30:58.843   754  9037 D qc_adm  : ns 1775229 > expected_ns 1000000 (skipped 1250)
07-27 08:30:58.847   754  9037 D qc_adm  : ns 1572833 > expected_ns 1000000 (skipped 1250)
07-27 08:30:58.851   754  9037 D qc_adm  : ns 1574603 > expected_ns 1000000 (skipped 1250)
07-27 08:30:58.855   754  9037 D qc_adm  : ns 1573666 > expected_ns 1000000 (skipped 1250)
07-27 08:30:58.861   754  9037 D qc_adm  : ns 1519030 > expected_ns 1000000 (skipped 1250)
