07-26 20:06:00.139  1228  1250 I ActivityManager: Start proc 24494:com.google.android.apps.wellbeing/u0a64 for service com.google.android.apps.wellbeing/androidx.work.impl.background.systemjob.SystemJobService
07-26 20:06:00.502  1228  1250 I ActivityManager: Start proc 24531:com.google.android.deskclock/u0a125 for content provider com.google.android.deskclock/com.android.deskclock.provider.ClockContentProvider
07-26 20:06:03.865  1228  1248 W BroadcastQueue: Permission Denial: broadcasting Intent { act=com.google.android.checkin.CHECKIN_COMPLETE flg=0x1000010 (has extras) } from com.google.android.gms (pid=3061, uid=10028) is not exported from uid 10021 due to receiver com.android.vending/com.google.android.finsky.checkin.CheckinReceiver
07-26 20:06:05.330  1625  1625 I chatty  : uid=10072(com.android.systemui) expire 69 lines
07-26 20:06:06.662  1228  1520 D ConnectivityService: NetworkAgentInfo [WIFI () - 131] validation failed
07-26 20:06:17.752  1228  1520 D ConnectivityService: NetworkAgentInfo [WIFI () - 131] validation failed
07-26 20:06:20.418  1228  4640 I ActivityManager: Killing 24072:com.android.connectivity.metrics/u0a9 (adj 906): empty #17
07-26 20:06:20.419  1228  4640 I ActivityManager: Killing 23467:com.android.providers.calendar/u0a27 (adj 906): empty #18
07-26 20:06:20.420  1228  4640 I ActivityManager: Killing 23992:com.google.android.googlequicksearchbox/u0a73 (adj 906): empty #19
07-26 20:06:22.359  1228  4640 I ActivityManager: Killing 24102:com.google.android.apps.multidevice.client/u0a91 (adj 906): empty #17
07-26 20:06:24.231  1625  1625 I chatty  : uid=10072(com.android.systemui) expire 11 lines
07-26 20:06:35.012  1228  3597 I ActivityManager: Killing 24156:com.google.android.partnersetup/u0a13 (adj 906): empty #17
07-26 20:06:35.013  1228  3597 I ActivityManager: Killing 24118:com.google.android.euicc/u0a36 (adj 906): empty #18
07-26 20:35:19.030  1228  1520 D ConnectivityService: reportNetworkConnectivity(131, true) by 10028
07-26 20:35:19.031  1228  1520 D ConnectivityService: reportNetworkConnectivity(131, true) by 10028
07-26 21:04:10.021  1228  1520 D ConnectivityService: reportNetworkConnectivity(131, true) by 10028
07-26 21:04:10.021  1228  1520 D ConnectivityService: reportNetworkConnectivity(131, true) by 10028
07-26 21:33:01.013  1228  1520 D ConnectivityService: reportNetworkConnectivity(131, true) by 10028
07-26 21:33:01.014  1228  1520 D ConnectivityService: reportNetworkConnectivity(131, true) by 10028
07-26 21:33:01.156  1228  1520 D ConnectivityService: NetworkAgentInfo [WIFI () - 131] validation failed
07-26 21:38:00.038  1625  1625 I chatty  : uid=10072(com.android.systemui) expire 56 lines
07-26 22:00:00.954  1228  1228 D ConditionProviders.SCP: onReceive ScheduleConditionProvider.EVALUATE
07-26 22:00:00.955  1228  1228 D ConditionProviders.SCP: evaluateSubscriptionLocked cal=ScheduleCalendar[mDays={1, 2, 3, 4, 5, 6, 7}, mSchedule=ScheduleInfo{days=[1, 2, 3, 4, 5, 6, 7], startHour=22, startMinute=0, endHour=7, endMinute=0, exitAtAlarm=true, nextAlarm=Thu Jan 01 01:00:00 GMT+01:00 1970 (0)}], now=Sun Jul 26 22:00:00 GMT+02:00 2020 (1595793600954), nextUserAlarmTime=Thu Jan 01 01:00:00 GMT+01:00 1970 (0)
07-26 22:00:00.955  1228  1228 D ConditionProviders.SCP: notifyCondition condition://android/schedule?days=1.2.3.4.5.6.7&start=22.0&end=7.0&exitAtAlarm=true STATE_TRUE reason=meetsSchedule
07-26 22:00:00.956  1228  1228 D ConditionProviders.SCP: Scheduling evaluate for Mon Jul 27 07:00:00 GMT+02:00 2020 (1595826000000), in +8h59m59s46ms, now=Sun Jul 26 22:00:00 GMT+02:00 2020 (1595793600954)
07-26 22:00:01.034  1228  2253 V BackupManagerConstants: getKeyValueBackupIntervalMilliseconds(...) returns 14400000
07-26 22:00:01.035  1228  2253 V BackupManagerConstants: getKeyValueBackupFuzzMilliseconds(...) returns 600000
07-26 22:00:01.035  1228  2253 V BackupManagerConstants: getKeyValueBackupRequiredNetworkType(...) returns 1
07-26 22:00:01.035  1228  2253 V BackupManagerConstants: getKeyValueBackupRequireCharging(...) returns true
07-26 22:00:01.035  1228  2253 V KeyValueBackupJob: Scheduling k/v pass in 243 minutes
07-26 22:00:01.036  1228  1228 W ConditionProviders: Unable to subscribe to ComponentInfo{com.google.android.gms/com.google.android.location.settings.DrivingConditionProvider} condition://com.google.android.gms/false/4?provider=Driving
07-26 22:00:01.038  1228  1228 V SettingsProvider: Notifying for 0: content://settings/global/zen_mode_config_etag
07-26 22:01:51.994  1228  1520 D ConnectivityService: reportNetworkConnectivity(131, true) by 10028
07-26 22:01:51.995  1228  1520 D ConnectivityService: reportNetworkConnectivity(131, true) by 10028
07-26 22:18:00.107  1228  1520 D ConnectivityService: releasing NetworkRequest [ REQUEST id=7859, [ Transports: CELLULAR Capabilities: INTERNET&NOT_RESTRICTED&TRUSTED&NOT_VPN Unwanted:  Uid: 10073] ] (release request)
07-26 22:30:42.968  1228  1520 D ConnectivityService: reportNetworkConnectivity(131, true) by 10028
07-26 22:30:42.968  1228  1520 D ConnectivityService: reportNetworkConnectivity(131, true) by 10028
07-26 22:38:00.078  1228  1520 D ConnectivityService: NetworkAgentInfo [WIFI () - 131] validation failed
07-26 22:59:33.945  1228  1520 D ConnectivityService: reportNetworkConnectivity(131, true) by 10028
07-26 22:59:33.946  1228  1520 D ConnectivityService: reportNetworkConnectivity(131, true) by 10028
07-26 23:28:00.087  1625  1625 I chatty  : uid=10072(com.android.systemui) expire 15 lines
07-26 23:28:24.965  1228  1520 D ConnectivityService: reportNetworkConnectivity(131, true) by 10028
07-26 23:28:24.965  1228  1520 D ConnectivityService: reportNetworkConnectivity(131, true) by 10028
07-26 23:57:15.949  1228  1520 D ConnectivityService: reportNetworkConnectivity(131, true) by 10028
07-26 23:57:15.949  1228  1520 D ConnectivityService: reportNetworkConnectivity(131, true) by 10028
07-27 00:18:00.052  1228  1520 D ConnectivityService: NetworkAgentInfo [WIFI () - 131] validation failed
07-27 00:26:06.936  1228  1520 D ConnectivityService: reportNetworkConnectivity(131, true) by 10028
07-27 00:26:06.937  1228  1520 D ConnectivityService: reportNetworkConnectivity(131, true) by 10028
07-27 00:54:57.917  1228  1520 D ConnectivityService: reportNetworkConnectivity(131, true) by 10028
07-27 00:54:57.917  1228  1520 D ConnectivityService: reportNetworkConnectivity(131, true) by 10028
07-27 01:23:48.909  1228  1520 D ConnectivityService: reportNetworkConnectivity(131, true) by 10028
07-27 01:23:48.909  1228  1520 D ConnectivityService: reportNetworkConnectivity(131, true) by 10028
07-27 01:52:39.885  1228  1520 D ConnectivityService: reportNetworkConnectivity(131, true) by 10028
07-27 01:52:39.885  1228  1520 D ConnectivityService: reportNetworkConnectivity(131, true) by 10028
07-27 02:00:44.868  1228  1228 D DevicePolicyManager: updateSystemUpdateFreezePeriodsRecord
07-27 02:00:45.032  1228  3119 W BroadcastQueue: Background execution not allowed: receiving Intent { act=android.intent.action.DATE_CHANGED flg=0x20200010 } to com.google.android.apps.turbo/com.google.android.libraries.smartbattery.appusage.features.TimeChangedReceiver
07-27 02:00:45.032  1228  1248 W BroadcastQueue: Background execution not allowed: receiving Intent { act=android.intent.action.DATE_CHANGED flg=0x20200010 } to com.google.android.calendar/com.android.calendar.widget.CalendarAppWidgetProvider
07-27 02:00:45.032  1228  1248 W BroadcastQueue: Background execution not allowed: receiving Intent { act=android.intent.action.DATE_CHANGED flg=0x20200010 } to com.google.android.calendar/.widgetmonth.MonthViewWidgetProvider
07-27 02:00:45.032  1228  1248 W BroadcastQueue: Background execution not allowed: receiving Intent { act=android.intent.action.DATE_CHANGED flg=0x20200010 } to com.google.android.calendar/com.google.android.apps.calendar.usernotifications.NotificationsInitializer$NotificationsRelevantUpdatesReceiver
07-27 02:00:45.032  1228  1248 W BroadcastQueue: Background execution not allowed: receiving Intent { act=android.intent.action.DATE_CHANGED flg=0x20200010 } to com.google.android.gms/.chimera.GmsIntentOperationService$PersistentTrustedReceiver
07-27 02:00:45.053  1228  1250 I ActivityManager: Start proc 24612:com.android.providers.calendar/u0a27 for broadcast com.android.providers.calendar/.CalendarProviderBroadcastReceiver
07-27 02:00:45.054  1228  1520 D ConnectivityService: reportNetworkConnectivity(131, true) by 10028
07-27 02:00:45.104  1228  1520 I chatty  : uid=1000(system) ConnectivitySer identical 4 lines
07-27 02:00:45.105  1228  1520 D ConnectivityService: reportNetworkConnectivity(131, true) by 10028
07-27 02:00:45.350  1228  1250 I ActivityManager: Start proc 24644:com.google.android.calendar/u0a124 for broadcast com.google.android.calendar/com.android.calendar.widget.CalendarAppWidgetProvider
07-27 02:00:45.626  1228  1520 D ConnectivityService: NetworkAgentInfo [WIFI () - 131] validation failed
07-27 02:00:45.750  1625  1625 I chatty  : uid=10072(com.android.systemui) expire 12 lines
07-27 02:00:46.219  1228  4640 W ActivityManager: Unable to start service Intent { act=com.google.firebase.MESSAGING_EVENT pkg=com.google.android.googlequicksearchbox } U=0: not found
07-27 02:00:46.227  1228  2369 W ActivityManager: Unable to start service Intent { act=com.google.firebase.MESSAGING_EVENT pkg=com.google.android.googlequicksearchbox } U=0: not found
07-27 02:00:46.236  1228  2369 W ActivityManager: Unable to start service Intent { act=com.google.firebase.MESSAGING_EVENT pkg=com.google.android.googlequicksearchbox } U=0: not found
07-27 02:00:46.238  1228  2369 W BroadcastQueue: Background execution not allowed: receiving Intent { act=android.intent.action.DROPBOX_ENTRY_ADDED flg=0x10 (has extras) } to com.google.android.gms/.stats.service.DropBoxEntryAddedReceiver
07-27 02:00:46.238  1228  1248 W BroadcastQueue: Background execution not allowed: receiving Intent { act=android.intent.action.DROPBOX_ENTRY_ADDED flg=0x10 (has extras) } to com.google.android.gms/.chimera.GmsIntentOperationService$PersistentTrustedReceiver
07-27 02:00:46.239  1228  1248 W BroadcastQueue: Background execution not allowed: receiving Intent { act=android.intent.action.DROPBOX_ENTRY_ADDED flg=0x10 (has extras) } to com.google.android.gms/.stats.service.DropBoxEntryAddedReceiver
07-27 02:00:46.239  1228  1248 W BroadcastQueue: Background execution not allowed: receiving Intent { act=android.intent.action.DROPBOX_ENTRY_ADDED flg=0x10 (has extras) } to com.google.android.gms/.chimera.GmsIntentOperationService$PersistentTrustedReceiver
07-27 02:00:47.695  1228  3597 D ConnectivityService: requestNetwork for uid/pid:10073/1632 NetworkRequest [ REQUEST id=7860, [ Transports: CELLULAR Capabilities: INTERNET&NOT_RESTRICTED&TRUSTED&NOT_VPN Unwanted:  Uid: 10073] ]
07-27 02:00:49.532  1228  1250 I ActivityManager: Start proc 24779:com.google.android.gms.ui/u0a28 for service com.google.android.gms/.chimera.UiIntentOperationService
07-27 02:00:57.800  1228  1520 D ConnectivityService: NetworkAgentInfo [WIFI () - 131] validation failed
07-27 02:00:59.794  1625  1625 I chatty  : uid=10072(com.android.systemui) expire 68 lines
07-27 02:01:07.041  1228  4735 I ActivityManager: Killing 24030:com.android.vending:instant_app_installer/u0a21 (adj 906): empty #17
07-27 02:01:07.042  1228  4735 I ActivityManager: Killing 24176:com.google.intelligence.sense/u0a23 (adj 906): empty #18
07-27 02:01:15.173  1228  2368 I ActivityManager: Killing 24368:com.google.android.apps.wallpaper/u0a49 (adj 906): empty #17
07-27 02:04:48.523  1625  1625 I chatty  : uid=10072(com.android.systemui) expire 12 lines
07-27 02:07:59.807  1228  1520 D ConnectivityService: NetworkAgentInfo [WIFI () - 131] validation failed
07-27 02:30:06.916  1228  1520 D ConnectivityService: reportNetworkConnectivity(131, true) by 10028
07-27 02:30:06.985  1228  1520 D ConnectivityService: reportNetworkConnectivity(131, true) by 10028
07-27 02:58:58.850  1228  1520 D ConnectivityService: reportNetworkConnectivity(131, true) by 10028
07-27 02:58:58.850  1228  1520 D ConnectivityService: reportNetworkConnectivity(131, true) by 10028
07-27 03:27:49.827  1228  1520 D ConnectivityService: reportNetworkConnectivity(131, true) by 10028
07-27 03:27:49.827  1228  1520 D ConnectivityService: reportNetworkConnectivity(131, true) by 10028
07-27 03:47:59.892  1228  1520 D ConnectivityService: NetworkAgentInfo [WIFI () - 131] validation failed
07-27 03:56:40.841  1228  1520 D ConnectivityService: reportNetworkConnectivity(131, true) by 10028
07-27 03:56:40.842  1228  1520 D ConnectivityService: reportNetworkConnectivity(131, true) by 10028
07-27 04:25:31.893  1228  1520 D ConnectivityService: reportNetworkConnectivity(131, true) by 10028
07-27 04:25:31.893  1228  1520 D ConnectivityService: reportNetworkConnectivity(131, true) by 10028
07-27 04:54:22.788  1228  1520 D ConnectivityService: reportNetworkConnectivity(131, true) by 10028
07-27 04:54:22.789  1228  1520 D ConnectivityService: reportNetworkConnectivity(131, true) by 10028
07-27 04:57:59.721  1625  1625 I chatty  : uid=10072(com.android.systemui) expire 20 lines
07-27 05:23:13.697  1228  1520 D ConnectivityService: releasing NetworkRequest [ REQUEST id=7860, [ Transports: CELLULAR Capabilities: INTERNET&NOT_RESTRICTED&TRUSTED&NOT_VPN Unwanted:  Uid: 10073] ] (release request)
07-27 05:23:13.765  1228  1520 D ConnectivityService: reportNetworkConnectivity(131, true) by 10028
07-27 05:23:13.765  1228  1520 D ConnectivityService: reportNetworkConnectivity(131, true) by 10028
07-27 05:47:44.849  1228  1520 D ConnectivityService: NetworkAgentInfo [WIFI () - 131] validation failed
07-27 05:52:04.751  1228  1520 D ConnectivityService: reportNetworkConnectivity(131, true) by 10028
07-27 05:52:04.751  1228  1520 D ConnectivityService: reportNetworkConnectivity(131, true) by 10028
07-27 06:20:55.735  1228  1520 D ConnectivityService: reportNetworkConnectivity(131, true) by 10028
07-27 06:20:55.736  1228  1520 D ConnectivityService: reportNetworkConnectivity(131, true) by 10028
07-27 06:49:46.714  1228  1520 D ConnectivityService: reportNetworkConnectivity(131, true) by 10028
07-27 06:49:46.714  1228  1520 D ConnectivityService: reportNetworkConnectivity(131, true) by 10028
07-27 07:00:01.646  1228  1228 D ConditionProviders.SCP: onReceive ScheduleConditionProvider.EVALUATE
07-27 07:00:01.647  1228  1228 D ConditionProviders.SCP: evaluateSubscriptionLocked cal=ScheduleCalendar[mDays={1, 2, 3, 4, 5, 6, 7}, mSchedule=ScheduleInfo{days=[1, 2, 3, 4, 5, 6, 7], startHour=22, startMinute=0, endHour=7, endMinute=0, exitAtAlarm=true, nextAlarm=Thu Jan 01 01:00:00 GMT+01:00 1970 (0)}], now=Mon Jul 27 07:00:01 GMT+02:00 2020 (1595826001646), nextUserAlarmTime=Thu Jan 01 01:00:00 GMT+01:00 1970 (0)
07-27 07:00:01.647  1228  1228 D ConditionProviders.SCP: notifyCondition condition://android/schedule?days=1.2.3.4.5.6.7&start=22.0&end=7.0&exitAtAlarm=true STATE_FALSE reason=!meetsSchedule
07-27 07:00:01.648  1228  1228 D ConditionProviders.SCP: Scheduling evaluate for Mon Jul 27 22:00:00 GMT+02:00 2020 (1595880000000), in +14h59m58s354ms, now=Mon Jul 27 07:00:01 GMT+02:00 2020 (1595826001646)
07-27 07:00:01.649  1625  1625 I chatty  : uid=10072(com.android.systemui) expire 44 lines
07-27 07:00:01.717  1228  1228 W ConditionProviders: Unable to subscribe to ComponentInfo{com.google.android.gms/com.google.android.location.settings.DrivingConditionProvider} condition://com.google.android.gms/false/4?provider=Driving
07-27 07:00:01.719  1228  1228 V SettingsProvider: Notifying for 0: content://settings/global/zen_mode_config_etag
07-27 07:18:00.684  1228  1520 D ConnectivityService: NetworkAgentInfo [WIFI () - 131] validation failed
07-27 07:18:00.688  1625  1625 I chatty  : uid=10072(com.android.systemui) expire 11 lines
07-27 07:18:37.778  1228  1520 D ConnectivityService: reportNetworkConnectivity(131, true) by 10028
07-27 07:18:37.779  1228  1520 D ConnectivityService: reportNetworkConnectivity(131, true) by 10028
07-27 07:47:28.650  1228  1520 D ConnectivityService: reportNetworkConnectivity(131, true) by 10028
07-27 07:47:28.650  1228  1520 D ConnectivityService: reportNetworkConnectivity(131, true) by 10028
07-27 07:56:39.720  1228  1250 I ActivityManager: Start proc 24854:com.google.android.apps.messaging/u0a108 for broadcast com.google.android.apps.messaging/.shared.analytics.recurringmetrics.AnalyticsAlarmReceiver
07-27 07:56:39.741  1228  1250 I ActivityManager: Start proc 24866:android.process.media/u0a8 for content provider com.android.providers.downloads/.DownloadProvider
07-27 07:56:39.810  1228  1520 D ConnectivityService: reportNetworkConnectivity(131, true) by 10028
07-27 07:56:39.827  1228  1520 I chatty  : uid=1000(system) ConnectivitySer identical 2 lines
07-27 07:56:39.830  1228  1520 D ConnectivityService: reportNetworkConnectivity(131, true) by 10028
07-27 07:56:39.932  1228  1250 I ActivityManager: Start proc 24894:com.google.android.apps.maps/u0a128 for service com.google.android.apps.maps/com.google.android.apps.gmm.passiveassist.model.PassiveAssistDataStoreExpirationService
07-27 07:56:40.621  1228  9416 W ActivityManager: Background start not allowed: service Intent { cmp=com.google.android.apps.messaging/.shared.datamodel.action.execution.ActionExecutorImpl$EmptyService } to com.google.android.apps.messaging/.shared.datamodel.action.execution.ActionExecutorImpl$EmptyService from pid=24854 uid=10108 pkg=com.google.android.apps.messaging startFg?=false
07-27 07:56:40.805  1228  1909 W ActivityManager: Background start not allowed: service Intent { cmp=com.google.android.apps.messaging/.shared.datamodel.action.execution.ActionExecutorImpl$EmptyService } to com.google.android.apps.messaging/.shared.datamodel.action.execution.ActionExecutorImpl$EmptyService from pid=24854 uid=10108 pkg=com.google.android.apps.messaging startFg?=false
07-27 07:56:40.909  1228  4640 W ActivityManager: Background start not allowed: service Intent { cmp=com.google.android.apps.messaging/.shared.datamodel.action.execution.ActionExecutorImpl$EmptyService } to com.google.android.apps.messaging/.shared.datamodel.action.execution.ActionExecutorImpl$EmptyService from pid=24854 uid=10108 pkg=com.google.android.apps.messaging startFg?=false
07-27 07:56:41.123  1228  1909 D ConnectivityService: Returning UNBLOCKED NetworkInfo to uid=10014
07-27 07:56:41.243  1228  4735 W ActivityManager: Unable to start service Intent { act=com.google.firebase.MESSAGING_EVENT pkg=com.google.android.googlequicksearchbox } U=0: not found
07-27 07:56:41.261  1228  4735 W ActivityManager: Unable to start service Intent { act=com.google.firebase.MESSAGING_EVENT pkg=com.google.android.googlequicksearchbox } U=0: not found
07-27 07:56:41.279  1228  4640 D ActivityManager: Raise procstate to external provider: ProcessRecord{ac384dc 24612:com.android.providers.calendar/u0a27}
07-27 07:56:41.281  1228  4640 D ActivityManager: Raise procstate to external provider: ProcessRecord{ac384dc 24612:com.android.providers.calendar/u0a27}
07-27 07:56:41.283  1228  1909 D ActivityManager: Raise procstate to external provider: ProcessRecord{ac384dc 24612:com.android.providers.calendar/u0a27}
07-27 07:56:41.283  1228  5931 D ConnectivityService: requestNetwork for uid/pid:10128/24894 NetworkRequest [ TRACK_DEFAULT id=7861, [ Capabilities: INTERNET&NOT_RESTRICTED&TRUSTED Unwanted:  Uid: 10128] ]
07-27 07:56:41.286  1228  1909 D ActivityManager: Raise procstate to external provider: ProcessRecord{ac384dc 24612:com.android.providers.calendar/u0a27}
07-27 07:56:41.372  3061 18416 W PackageParser: Unknown element under <manifest>: queries at /data/user_de/0/com.google.android.gms/app_chimera/m/00000088/dl-AdsFdrDynamite.integ_21880100000.apk Binary XML file line #5
07-27 07:56:41.390  3061 18416 W PackageParser: Unknown element under <manifest>: queries at /data/user_de/0/com.google.android.gms/app_chimera/m/00000083/dl-Payments.integ_202390001100400.apk Binary XML file line #5
07-27 07:56:41.653  3061 18416 W PackageParser: Unknown element under <manifest>: queries at /data/user_de/0/com.google.android.gms/app_chimera/m/00000088/dl-AdsFdrDynamite.integ_21880100000.apk Binary XML file line #5
07-27 07:56:41.664  3061 18416 W PackageParser: Unknown element under <manifest>: queries at /data/user_de/0/com.google.android.gms/app_chimera/m/00000077/dl-Payments.integ_202112000100400.apk Binary XML file line #5
07-27 07:56:41.785  3061 18416 W PackageParser: Unknown element under <manifest>: queries at /data/user_de/0/com.google.android.gms/app_chimera/m/00000088/dl-AdsFdrDynamite.integ_21880100000.apk Binary XML file line #5
07-27 07:56:42.527  1228  5931 D ConnectivityService: requestNetwork for uid/pid:10073/1632 NetworkRequest [ REQUEST id=7863, [ Transports: CELLULAR Capabilities: INTERNET&NOT_RESTRICTED&TRUSTED&NOT_VPN Unwanted:  Uid: 10073] ]
07-27 07:56:42.716  1228  1250 I ActivityManager: Start proc 25081:com.google.android.dialer/u0a46 for service com.google.android.dialer/androidx.work.impl.background.systemjob.SystemJobService
07-27 07:56:42.760  1228  1250 I ActivityManager: Start proc 25096:com.google.android.configupdater/u0a51 for service com.google.android.configupdater/.MainJobService
07-27 07:56:42.778  1228  1250 I ActivityManager: Start proc 25109:com.google.android.partnersetup/u0a13 for service com.google.android.partnersetup/.InstalledAppJobService
07-27 07:56:42.800  1228  1250 I ActivityManager: Start proc 25124:com.google.android.setupwizard/u0a59 for service com.google.android.setupwizard/.deferred.DeferredSetupScheduler
07-27 07:56:42.815  1228  1250 I ActivityManager: Start proc 25138:com.google.android.apps.photos/u0a131 for service com.google.android.apps.photos/androidx.work.impl.background.systemjob.SystemJobService
07-27 07:56:42.861  1228  2369 W ActivityManager: Background start not allowed: service Intent { cmp=com.google.android.apps.messaging/.shared.datamodel.action.execution.ActionExecutorImpl$EmptyService } to com.google.android.apps.messaging/.shared.datamodel.action.execution.ActionExecutorImpl$EmptyService from pid=24854 uid=10108 pkg=com.google.android.apps.messaging startFg?=false
07-27 07:56:42.885  1228  1461 I WatchlistLoggingHandler: Start aggregating watchlist records.
07-27 07:56:42.887  1228  1228 V SettingsProvider: Notifying for 0: content://settings/global/network_watchlist_last_report_time
07-27 07:56:42.991  1228  2368 W BroadcastQueue: Background execution not allowed: receiving Intent { act=android.intent.action.DROPBOX_ENTRY_ADDED flg=0x10 (has extras) } to com.google.android.gms/.stats.service.DropBoxEntryAddedReceiver
07-27 07:56:42.994  1228  1248 W BroadcastQueue: Background execution not allowed: receiving Intent { act=android.intent.action.DROPBOX_ENTRY_ADDED flg=0x10 (has extras) } to com.google.android.gms/.chimera.GmsIntentOperationService$PersistentTrustedReceiver
07-27 07:56:43.000  1228  1461 I WatchlistLoggingHandler: Milliseconds spent on tryAggregateRecords(): 115
07-27 07:56:43.070  1228  1907 D ConnectivityService: Returning UNBLOCKED NetworkInfo to uid=10131
07-27 07:56:43.276  1228  2368 D ConnectivityService: Returning UNBLOCKED NetworkInfo to uid=10046
07-27 07:56:43.318  1228  1909 D ConnectivityService: requestNetwork for uid/pid:10046/25081 NetworkRequest [ TRACK_DEFAULT id=7864, [ Capabilities: INTERNET&NOT_RESTRICTED&TRUSTED Unwanted:  Uid: 10046] ]
07-27 07:56:43.395  1228  1250 I ActivityManager: Start proc 25238:com.google.android.GoogleCamera/u0a130 for content provider com.google.android.GoogleCamera/com.google.android.apps.camera.contentprovider.CameraContentProvider
07-27 07:56:43.596  1228  3512 W ActivityManager: No permission grants found for com.google.android.apps.photos
07-27 07:56:43.596  1228  3512 W ActivityManager: No permission grants found for com.google.android.apps.photos
07-27 07:56:43.714  1228  1248 W BroadcastQueue: Background execution not allowed: receiving Intent { act=android.intent.action.DROPBOX_ENTRY_ADDED flg=0x10 (has extras) } to com.google.android.gms/.stats.service.DropBoxEntryAddedReceiver
07-27 07:56:43.714  1228  1248 W BroadcastQueue: Background execution not allowed: receiving Intent { act=android.intent.action.DROPBOX_ENTRY_ADDED flg=0x10 (has extras) } to com.google.android.gms/.chimera.GmsIntentOperationService$PersistentTrustedReceiver
07-27 07:56:43.727  1228  3512 W ActivityManager: No permission grants found for com.google.android.apps.photos
07-27 07:56:43.733  1228  1909 W ActivityManager: No permission grants found for com.google.android.apps.photos
07-27 07:56:43.773  1228  1248 W BroadcastQueue: Background execution not allowed: receiving Intent { act=android.intent.action.DROPBOX_ENTRY_ADDED flg=0x10 (has extras) } to com.google.android.gms/.stats.service.DropBoxEntryAddedReceiver
07-27 07:56:43.773  1228  1248 W BroadcastQueue: Background execution not allowed: receiving Intent { act=android.intent.action.DROPBOX_ENTRY_ADDED flg=0x10 (has extras) } to com.google.android.gms/.chimera.GmsIntentOperationService$PersistentTrustedReceiver
07-27 07:56:43.817  1228  1907 I ActivityManager: Killing 24392:com.google.android.apps.carrier.log/u0a86 (adj 906): empty #17
07-27 07:56:43.822  1228  1907 W ActivityManager: No permission grants found for com.google.android.apps.photos
07-27 07:56:43.838  1228  1907 W ActivityManager: No permission grants found for com.google.android.apps.photos
07-27 07:56:45.371  1228  1248 W BroadcastQueue: Background execution not allowed: receiving Intent { act=android.intent.action.DROPBOX_ENTRY_ADDED flg=0x10 (has extras) } to com.google.android.gms/.stats.service.DropBoxEntryAddedReceiver
07-27 07:56:45.372  1228  1248 W BroadcastQueue: Background execution not allowed: receiving Intent { act=android.intent.action.DROPBOX_ENTRY_ADDED flg=0x10 (has extras) } to com.google.android.gms/.chimera.GmsIntentOperationService$PersistentTrustedReceiver
07-27 07:56:45.664  1228  2369 D ConnectivityService: requestNetwork for uid/pid:10108/24854 NetworkRequest [ TRACK_DEFAULT id=7865, [ Capabilities: INTERNET&NOT_RESTRICTED&TRUSTED Unwanted:  Uid: 10108] ]
07-27 07:56:45.749  1228  1248 W BroadcastQueue: Background execution not allowed: receiving Intent { act=android.intent.action.DROPBOX_ENTRY_ADDED flg=0x10 (has extras) } to com.google.android.gms/.stats.service.DropBoxEntryAddedReceiver
07-27 07:56:45.749  1228  1248 W BroadcastQueue: Background execution not allowed: receiving Intent { act=android.intent.action.DROPBOX_ENTRY_ADDED flg=0x10 (has extras) } to com.google.android.gms/.chimera.GmsIntentOperationService$PersistentTrustedReceiver
07-27 07:56:45.771  1228  1909 D ConnectivityService: requestNetwork for uid/pid:10108/24854 NetworkRequest [ TRACK_DEFAULT id=7867, [ Capabilities: INTERNET&NOT_RESTRICTED&TRUSTED Unwanted:  Uid: 10108] ]
07-27 07:56:46.571  1228  1520 D ConnectivityService: NetworkAgentInfo [WIFI () - 131] validation failed
07-27 07:56:46.784  1228  1248 W BroadcastQueue: Permission Denial: broadcasting Intent { act=com.google.android.checkin.CHECKIN_COMPLETE flg=0x1000010 (has extras) } from com.google.android.gms (pid=3061, uid=10028) is not exported from uid 10021 due to receiver com.android.vending/com.google.android.finsky.checkin.CheckinReceiver
07-27 07:56:51.474  1228  2368 W ActivityManager: Background start not allowed: service Intent { cmp=com.google.android.apps.messaging/.shared.datamodel.action.execution.ActionExecutorImpl$EmptyService } to com.google.android.apps.messaging/.shared.datamodel.action.execution.ActionExecutorImpl$EmptyService from pid=24854 uid=10108 pkg=com.google.android.apps.messaging startFg?=false
07-27 07:56:51.483  1228  2368 I chatty  : uid=1000(system) Binder:1228_E identical 1 line
07-27 07:56:51.742  1228  2368 W ActivityManager: Background start not allowed: service Intent { cmp=com.google.android.apps.messaging/.shared.datamodel.action.execution.ActionExecutorImpl$EmptyService } to com.google.android.apps.messaging/.shared.datamodel.action.execution.ActionExecutorImpl$EmptyService from pid=24854 uid=10108 pkg=com.google.android.apps.messaging startFg?=false
07-27 07:56:56.533  1625  1625 I chatty  : uid=10072(com.android.systemui) expire 77 lines
07-27 07:56:57.662  1228  1520 D ConnectivityService: NetworkAgentInfo [WIFI () - 131] validation failed
07-27 07:56:58.127  1228  5931 I ActivityManager: Killing 24531:com.google.android.deskclock/u0a125 (adj 906): empty #17
07-27 07:56:58.206  1228  1228 I Telecom : DefaultDialerCache: Refreshing default dialer for user 0: now com.google.android.dialer: DDC.oR@IkQ
07-27 07:57:02.995  1228  4640 I ActivityManager: Killing 24644:com.google.android.calendar/u0a124 (adj 906): empty #17
07-27 07:57:04.881  1228  4640 I ActivityManager: Killing 24894:com.google.android.apps.maps/u0a128 (adj 906): empty #17
07-27 07:57:04.883  1228  4640 I ActivityManager: Killing 24290:com.google.android.apps.turbo:aab/u0a32 (adj 906): empty #18
07-27 07:57:04.884  1228  4640 I ActivityManager: Killing 24222:com.google.android.apps.turbo/u0a32 (adj 906): empty #19
07-27 07:57:04.975  1228  3512 D ConnectivityService: ConnectivityService NetworkRequestInfo binderDied(NetworkRequest [ LISTEN id=7862, [ Capabilities: INTERNET&NOT_RESTRICTED&TRUSTED Unwanted:  Uid: 10128] ], android.os.BinderProxy@59ef1ce)
07-27 07:57:04.975  1228 11196 D ConnectivityService: ConnectivityService NetworkRequestInfo binderDied(NetworkRequest [ TRACK_DEFAULT id=7861, [ Capabilities: INTERNET&NOT_RESTRICTED&TRUSTED Unwanted:  Uid: 10128] ], android.os.BinderProxy@5ade8ef)
07-27 07:57:04.976  1228  1520 D ConnectivityService: releasing NetworkRequest [ TRACK_DEFAULT id=7861, [ Capabilities: INTERNET&NOT_RESTRICTED&TRUSTED Unwanted:  Uid: 10128] ] (release request)
07-27 07:57:07.684  1228  3597 I ActivityManager: Killing 24612:com.android.providers.calendar/u0a27 (adj 906): empty #17
07-27 08:26:01.632  1228  1520 D ConnectivityService: reportNetworkConnectivity(131, true) by 10028
07-27 08:26:01.686  1228  1520 D ConnectivityService: reportNetworkConnectivity(131, true) by 10028
07-27 08:26:53.702  1228  1261 I DisplayPowerController: Blocking screen on until initial contents have been drawn.
07-27 08:26:53.735  1228  1259 I DisplayManagerService: Display device changed state: "Built-in Screen", ON
07-27 08:26:53.790  1228  1261 I DisplayPowerController: Unblocked screen on after 87 ms
07-27 08:26:55.903  1228  1520 D ConnectivityService: NetworkAgentInfo [WIFI () - 131] validation failed
07-27 08:26:56.564  1625  1625 I chatty  : uid=10072(com.android.systemui) expire 10 lines
07-27 08:26:58.946  1228  1520 D ConnectivityService: NetworkAgentInfo [WIFI () - 131] validation failed
07-27 08:26:59.623  1228  1247 I ActivityManager: Killing 22730:com.google.android.apps.gcs/u0a14 (adj 906): empty #17
07-27 08:26:59.628  1228  1247 I ActivityManager: Killing 24302:com.google.android.as:nonpersistent/u0a11 (adj 906): empty #18
07-27 08:26:59.658  1228  4640 D ConnectivityService: ConnectivityService NetworkRequestInfo binderDied(NetworkRequest [ TRACK_DEFAULT id=7846, [ Capabilities: INTERNET&NOT_RESTRICTED&TRUSTED Unwanted:  Uid: 10014] ], android.os.BinderProxy@dc406e7)
07-27 08:26:59.658  1228  1520 D ConnectivityService: releasing NetworkRequest [ TRACK_DEFAULT id=7846, [ Capabilities: INTERNET&NOT_RESTRICTED&TRUSTED Unwanted:  Uid: 10014] ] (release request)
07-27 08:27:01.693  1228  1520 D ConnectivityService: releasing NetworkRequest [ REQUEST id=7863, [ Transports: CELLULAR Capabilities: INTERNET&NOT_RESTRICTED&TRUSTED&NOT_VPN Unwanted:  Uid: 10073] ] (release request)
07-27 08:27:03.420  1228  1445 I PowerManagerService: Waking up from dozing (uid=1000 reason=android.policy:POWER)...
07-27 08:27:03.420  1228  1228 W UsageStatsService: Event reported without a package name
07-27 08:27:03.432  1228  1261 I DreamManagerService: Gently waking up from dream.
07-27 08:27:03.432  1228  1257 I DreamManagerService: Performing gentle wake from dream.
07-27 08:27:03.433  1228  3624 I DreamManagerService: Leaving dreamland.
07-27 08:27:03.433  1228  1257 I DreamManagerService: Performing gentle wake from dream.
07-27 08:27:03.433  1228  1257 I DreamController: Stopping dream: name=ComponentInfo{com.android.systemui/com.android.systemui.doze.DozeService}, isTest=false, canDoze=true, userId=0
07-27 08:27:03.536  1228  1250 I ActivityManager: Start proc 25393:com.google.android.apps.scone/u0a52 for broadcast com.google.android.apps.scone/.awareness.AwarenessReceiver
07-27 08:27:03.797  1228  9534 W BroadcastQueue: Background execution not allowed: receiving Intent { act=android.intent.action.DROPBOX_ENTRY_ADDED flg=0x10 (has extras) } to com.google.android.gms/.stats.service.DropBoxEntryAddedReceiver
07-27 08:27:03.798  1228  1248 W BroadcastQueue: Background execution not allowed: receiving Intent { act=android.intent.action.DROPBOX_ENTRY_ADDED flg=0x10 (has extras) } to com.google.android.gms/.chimera.GmsIntentOperationService$PersistentTrustedReceiver
07-27 08:27:03.803  1228  9534 W BroadcastQueue: Background execution not allowed: receiving Intent { act=android.intent.action.DROPBOX_ENTRY_ADDED flg=0x10 (has extras) } to com.google.android.gms/.stats.service.DropBoxEntryAddedReceiver
07-27 08:27:03.803  1228  1248 W BroadcastQueue: Background execution not allowed: receiving Intent { act=android.intent.action.DROPBOX_ENTRY_ADDED flg=0x10 (has extras) } to com.google.android.gms/.chimera.GmsIntentOperationService$PersistentTrustedReceiver
07-27 08:27:05.020  1228  1520 D ConnectivityService: NetworkAgentInfo [WIFI () - 131] validation failed
07-27 08:27:07.143  1228  1248 W BroadcastQueue: Background execution not allowed: receiving Intent { act=android.intent.action.DROPBOX_ENTRY_ADDED flg=0x10 (has extras) } to com.google.android.gms/.stats.service.DropBoxEntryAddedReceiver
07-27 08:27:07.143  1228  1248 W BroadcastQueue: Background execution not allowed: receiving Intent { act=android.intent.action.DROPBOX_ENTRY_ADDED flg=0x10 (has extras) } to com.google.android.gms/.chimera.GmsIntentOperationService$PersistentTrustedReceiver
07-27 08:27:07.224  1228  1250 I ActivityManager: Start proc 25441:com.google.android.youtube.player/u0a127 for service com.google.android.youtube/.api.service.YouTubeService
07-27 08:27:07.298  1228  1228 W Looper  : Slow dispatch took 283ms main h=com.android.server.trust.TrustManagerService$2 c=null m=14
07-27 08:27:07.299  1228  1228 W Looper  : Slow delivery took 282ms main h=com.android.server.policy.BarController$BarHandler c=com.android.server.policy.StatusBarController$1$1@c2c1ac m=0
07-27 08:27:07.303  1228  1228 W Looper  : Drained
07-27 08:27:07.304  1228  1724 W UsageStatsService: Event reported without a package name
07-27 08:27:07.306  1228  1257 I UsbDeviceManager: Setting USB config to mtp
07-27 08:27:07.306  1228  1257 D UsbDeviceManager: setUsbConfig(5) request:277
07-27 08:27:07.306  1228 11750 I LockSettingsService: Unlocking user 0 with secret only, length 64
07-27 08:27:07.307  1228 11750 I LockSettingsService: Disabling escrow token on user 0
07-27 08:27:07.314  1228 11750 I LockSettingsService: Caching SP for user 0
07-27 08:27:07.323  1228  1228 I LockSettingsService: Removing SP from cache for user 0
07-27 08:27:07.333  1228  1248 W BroadcastQueue: Background execution not allowed: receiving Intent { act=android.intent.action.USER_PRESENT flg=0x24200010 } to com.android.chrome/org.chromium.chrome.browser.sharing.click_to_call.ClickToCallMessageHandler$PhoneUnlockedReceiver
07-27 08:27:07.333  1228  1248 W BroadcastQueue: Background execution not allowed: receiving Intent { act=android.intent.action.USER_PRESENT flg=0x24200010 } to com.google.android.gms/.auth.setup.devicesignals.LockScreenReceiver
07-27 08:27:07.333  1228  1248 W BroadcastQueue: Background execution not allowed: receiving Intent { act=android.intent.action.USER_PRESENT flg=0x24200010 } to com.google.android.gms/.trustagent.UserPresentBroadcastReceiver
07-27 08:27:07.333  1228  1248 W BroadcastQueue: Background execution not allowed: receiving Intent { act=android.intent.action.USER_PRESENT flg=0x24200010 } to com.google.android.gms/.chimera.GmsIntentOperationService$PersistentTrustedReceiver
07-27 08:27:07.377  1228  2362 I SoundTriggerHelper: startRecognition successful.
07-27 08:27:07.545  1228  5931 D ConnectivityService: requestNetwork for uid/pid:10127/25441 NetworkRequest [ TRACK_DEFAULT id=7868, [ Capabilities: INTERNET&NOT_RESTRICTED&TRUSTED Unwanted:  Uid: 10127] ]
07-27 08:27:07.727  1625  1625 I chatty  : uid=10072(com.android.systemui) expire 70 lines
07-27 08:27:07.916  1228  1451 E UsbDeviceManager: notifyCurrentFunction request:277 status:0
07-27 08:27:10.075  1228  1724 D ConnectivityService: requestNetwork for uid/pid:10073/1632 NetworkRequest [ REQUEST id=7870, [ Transports: CELLULAR Capabilities: INTERNET&NOT_RESTRICTED&TRUSTED&NOT_VPN Unwanted:  Uid: 10073] ]
07-27 08:27:10.670  1228  1724 I ActivityManager: START u0 {act=android.intent.action.DELETE dat=package:com.nick.noggin.debug flg=0x10800000 cmp=com.google.android.packageinstaller/com.android.packageinstaller.UninstallerActivity (has extras)} from uid 10042
07-27 08:27:10.709  1228  1250 I ActivityManager: Start proc 25534:com.google.android.packageinstaller/u0a58 for activity com.google.android.packageinstaller/com.android.packageinstaller.UninstallerActivity
07-27 08:27:11.101  1228  1520 D ConnectivityService: NetworkAgentInfo [WIFI () - 131] validation failed
07-27 08:27:11.408  1228  1248 I ActivityManager: Force stopping com.nick.noggin.debug appid=10500 user=0: deletePackageX
07-27 08:27:11.611  1228  1228 W Looper  : Slow dispatch took 102ms main h=com.android.server.notification.NotificationManagerService$WorkerHandler c=com.android.server.notification.NotificationManagerService$PostNotificationRunnable@6f9f38d m=0
07-27 08:27:11.713  1228  9534 I SoundTriggerHelper: startRecognition successful.
07-27 08:27:12.000  1228  1270 I ActivityManager: Force stopping com.nick.noggin.debug appid=10500 user=0: pkg removed
07-27 08:27:12.014  1228  1248 W BroadcastQueue: Background execution not allowed: receiving Intent { act=android.intent.action.PACKAGE_REMOVED dat=package:com.nick.noggin.debug flg=0x4000010 (has extras) } to com.android.musicfx/.Compatibility$Receiver
07-27 08:27:12.017  1228  1250 I ActivityManager: Start proc 25560:com.android.defcontainer/u0a68 for service com.android.defcontainer/.DefaultContainerService
07-27 08:27:12.017  1228  1257 E PackageManager: failed to find package com.nick.noggin.debug
07-27 08:27:12.017  1228  1257 E OverlayManager: Failed to change enabled overlays for com.nick.noggin.debug user 0
07-27 08:27:12.021  1228  1270 I ActivityManager: Force stopping com.nick.noggin.debug appid=10500 user=0: pkg removed
07-27 08:27:12.027  1228  1248 W BroadcastQueue: Background execution not allowed: receiving Intent { act=android.intent.action.PACKAGE_REMOVED dat=package:com.nick.noggin.debug flg=0x4000010 (has extras) } to com.android.vending/com.google.android.finsky.packagemanager.impl.PackageMonitorReceiverImpl$RegisteredReceiver
07-27 08:27:12.028  1228  1228 I ConditionProviders: Disallowing condition provider com.nick.noggin.debug
07-27 08:27:12.033  1228  1248 W BroadcastQueue: Background execution not allowed: receiving Intent { act=android.intent.action.PACKAGE_REMOVED dat=package:com.nick.noggin.debug flg=0x4000010 (has extras) } to com.android.vending/com.google.android.finsky.instantapps.appmanagement.InstantAppRemoveMonitor
07-27 08:27:12.033  1228  1248 W BroadcastQueue: Background execution not allowed: receiving Intent { act=android.intent.action.PACKAGE_REMOVED dat=package:com.nick.noggin.debug flg=0x4000010 (has extras) } to com.google.android.apps.maps/com.google.android.libraries.social.peoplekit.thirdparty.viewcontrollers.ThirdPartyReceiver
07-27 08:27:12.033  1228  1248 W BroadcastQueue: Background execution not allowed: receiving Intent { act=android.intent.action.PACKAGE_REMOVED dat=package:com.nick.noggin.debug flg=0x4000010 (has extras) } to com.google.android.apps.photos/com.google.android.libraries.social.peoplekit.thirdparty.viewcontrollers.ThirdPartyReceiver
07-27 08:27:12.033  1228  1248 W BroadcastQueue: Background execution not allowed: receiving Intent { act=android.intent.action.PACKAGE_REMOVED dat=package:com.nick.noggin.debug flg=0x4000010 (has extras) } to com.google.android.gms/.games.chimera.GamesSystemBroadcastReceiverProxy
07-27 08:27:12.033  1228  1248 W BroadcastQueue: Background execution not allowed: receiving Intent { act=android.intent.action.PACKAGE_REMOVED dat=package:com.nick.noggin.debug flg=0x4000010 (has extras) } to com.google.android.gms/.chimera.GmsIntentOperationService$PersistentTrustedReceiver
07-27 08:27:12.034  1228  1248 W BroadcastQueue: Background execution not allowed: receiving Intent { act=android.intent.action.PACKAGE_REMOVED dat=package:com.nick.noggin.debug flg=0x4000010 (has extras) } to com.google.android.googlequicksearchbox/com.google.android.apps.gsa.googlequicksearchbox.GelStubAppWatcher
07-27 08:27:12.084  1228  1250 I ActivityManager: Start proc 25589:com.android.keychain/1000 for service com.android.keychain/.KeyChainService
07-27 08:27:12.121  1228  1250 I ActivityManager: Start proc 25626:com.android.documentsui/u0a54 for broadcast com.android.documentsui/.PackageReceiver
07-27 08:27:12.246  1228  6776 I ActivityManager: Killing 25109:com.google.android.partnersetup/u0a13 (adj 906): empty #17
07-27 08:27:12.310  1228  1257 I UsbDeviceManager: Setting USB config to 
07-27 08:27:12.310  1228  1257 D UsbDeviceManager: setUsbConfig(1) request:278
07-27 08:27:12.332  1228  3624 I ActivityManager: Killing 24854:com.google.android.apps.messaging/u0a108 (adj 906): empty #17
07-27 08:27:12.361  1228  1250 I ActivityManager: Start proc 25657:com.google.android.apps.maps/u0a128 for broadcast com.google.android.apps.maps/com.google.android.libraries.social.peoplekit.thirdparty.viewcontrollers.ThirdPartyReceiver
07-27 08:27:12.370  1228  4640 D ConnectivityService: ConnectivityService NetworkRequestInfo binderDied(NetworkRequest [ TRACK_DEFAULT id=7865, [ Capabilities: INTERNET&NOT_RESTRICTED&TRUSTED Unwanted:  Uid: 10108] ], android.os.BinderProxy@59405b2)
07-27 08:27:12.371  1228  1239 D ConnectivityService: ConnectivityService NetworkRequestInfo binderDied(NetworkRequest [ LISTEN id=7866, [ Capabilities: INTERNET&NOT_RESTRICTED&TRUSTED Unwanted:  Uid: 10108] ], android.os.BinderProxy@36ed903)
07-27 08:27:12.371  1228 11186 D ConnectivityService: ConnectivityService NetworkRequestInfo binderDied(NetworkRequest [ TRACK_DEFAULT id=7867, [ Capabilities: INTERNET&NOT_RESTRICTED&TRUSTED Unwanted:  Uid: 10108] ], android.os.BinderProxy@7a38080)
07-27 08:27:12.371  1228  1520 D ConnectivityService: releasing NetworkRequest [ TRACK_DEFAULT id=7865, [ Capabilities: INTERNET&NOT_RESTRICTED&TRUSTED Unwanted:  Uid: 10108] ] (release request)
07-27 08:27:12.372  1228  1520 D ConnectivityService: releasing NetworkRequest [ TRACK_DEFAULT id=7867, [ Capabilities: INTERNET&NOT_RESTRICTED&TRUSTED Unwanted:  Uid: 10108] ] (release request)
07-27 08:27:12.379  1228  1250 I ActivityManager: Start proc 25667:com.google.android.apps.docs/u0a134 for content provider com.google.android.apps.docs/.storagebackend.StorageBackendContentProvider
07-27 08:27:12.398  1228  2365 I ActivityManager: Killing 25096:com.google.android.configupdater/u0a51 (adj 906): empty #17
07-27 08:27:12.688  1228  1239 D ConnectivityService: Returning BLOCKED NetworkInfo to uid=10128
07-27 08:27:12.918  1228  1897 E UsbDeviceManager: notifyCurrentFunction request:278 status:0
07-27 08:27:13.230  1228  1239 D ConnectivityService: requestNetwork for uid/pid:10128/25657 NetworkRequest [ TRACK_DEFAULT id=7871, [ Capabilities: INTERNET&NOT_RESTRICTED&TRUSTED Unwanted:  Uid: 10128] ]
07-27 08:27:13.691  1228  4735 I ActivityManager: Killing 25238:com.google.android.GoogleCamera/u0a130 (adj 906): empty #17
07-27 08:27:15.507  1228  1228 I ActivityManager: Killing 25124:com.google.android.setupwizard/u0a59 (adj 906): empty #17
07-27 08:27:15.514  1228 11196 W NotificationService: Toast already killed. pkg=com.google.android.packageinstaller callback=android.app.ITransientNotification$Stub$Proxy@bb59fff
07-27 08:27:16.680  1228  1228 V SettingsProvider: Notifying for 0: content://settings/system/screen_brightness
07-27 08:27:19.758  1228  1228 V SettingsProvider: Notifying for 0: content://settings/system/screen_brightness
07-27 08:27:20.219  1228  1520 D ConnectivityService: NetworkAgentInfo [WIFI () - 131] validation failed
07-27 08:27:20.304  1228  3512 I ActivityManager: Killing 19522:android.process.acore/u0a37 (adj 906): empty #17
07-27 08:27:20.718  1228  1250 I ActivityManager: Start proc 25818:com.google.android.inputmethod.latin:train/u0a117 for service com.google.android.inputmethod.latin/com.google.android.apps.inputmethod.libs.dvrnn.trainingservice.DvrnnTrainingRpcService
07-27 08:27:21.089  1228 11196 I ActivityManager: Killing 25081:com.google.android.dialer/u0a46 (adj 906): empty #17
07-27 08:27:21.114  1228 11196 D ConnectivityService: ConnectivityService NetworkRequestInfo binderDied(NetworkRequest [ TRACK_DEFAULT id=7864, [ Capabilities: INTERNET&NOT_RESTRICTED&TRUSTED Unwanted:  Uid: 10046] ], android.os.BinderProxy@bb265d5)
07-27 08:27:21.115  1228  1520 D ConnectivityService: releasing NetworkRequest [ TRACK_DEFAULT id=7864, [ Capabilities: INTERNET&NOT_RESTRICTED&TRUSTED Unwanted:  Uid: 10046] ] (release request)
07-27 08:27:26.503  1228  1228 W WindowManager: removeWindowToken: Attempted to remove non-existing token: android.os.Binder@12debaf
07-27 08:27:26.574  1625  1625 I chatty  : uid=10072(com.android.systemui) expire 11 lines
07-27 08:27:29.035  1228  1500 D WifiService: SAVE nid=0 config=* ID: 1 SSID: null PROVIDER-NAME: null BSSID: null FQDN: null PRIO: 0 HIDDEN: false
07-27 08:27:29.035  1228  1500 D WifiService:  NetworkSelectionStatus NETWORK_SELECTION_ENABLED
07-27 08:27:29.035  1228  1500 D WifiService:  hasEverConnected: false
07-27 08:27:29.035  1228  1500 D WifiService:  KeyMgmt: WPA_PSK Protocols:
07-27 08:27:29.035  1228  1500 D WifiService:  AuthAlgorithms:
07-27 08:27:29.035  1228  1500 D WifiService:  PairwiseCiphers:
07-27 08:27:29.035  1228  1500 D WifiService:  GroupCiphers:
07-27 08:27:29.035  1228  1500 D WifiService:  PSK: 
07-27 08:27:29.035  1228  1500 D WifiService: Enterprise config:
07-27 08:27:29.035  1228  1500 D WifiService: IP config:
07-27 08:27:29.035  1228  1500 D WifiService: IP assignment: DHCP
07-27 08:27:29.035  1228  1500 D WifiService: Proxy settings: STATIC
07-27 08:27:29.035  1228  1500 D WifiService: HTTP proxy: [192.168.0.103] 8888 xl=
07-27 08:27:29.035  1228  1500 D WifiService:  cuid=-1 luid=-1 lcuid=0 userApproved=USER_UNSPECIFIED noInternetAccessExpected=false 
07-27 08:27:29.035  1228  1500 D WifiService: recentFailure: Association Rejection code: 0
07-27 08:27:29.035  1228  1500 D WifiService:  uid=1000 name=android.uid.system:1000
07-27 08:27:29.088  1228  1248 W BroadcastQueue: Background execution not allowed: receiving Intent { act=android.intent.action.DROPBOX_ENTRY_ADDED flg=0x10 (has extras) } to com.google.android.gms/.stats.service.DropBoxEntryAddedReceiver
07-27 08:27:29.088  1228  1248 W BroadcastQueue: Background execution not allowed: receiving Intent { act=android.intent.action.DROPBOX_ENTRY_ADDED flg=0x10 (has extras) } to com.google.android.gms/.chimera.GmsIntentOperationService$PersistentTrustedReceiver
07-27 08:27:29.127  1228  1248 W BroadcastQueue: Background execution not allowed: receiving Intent { act=android.intent.action.DROPBOX_ENTRY_ADDED flg=0x10 (has extras) } to com.google.android.gms/.stats.service.DropBoxEntryAddedReceiver
07-27 08:27:29.128  1228  1248 W BroadcastQueue: Background execution not allowed: receiving Intent { act=android.intent.action.DROPBOX_ENTRY_ADDED flg=0x10 (has extras) } to com.google.android.gms/.chimera.GmsIntentOperationService$PersistentTrustedReceiver
07-27 08:27:29.140  1228  7148 D ConnectivityService: Returning BLOCKED NetworkInfo to uid=10116
07-27 08:27:29.173  1228  1248 W BroadcastQueue: Background execution not allowed: receiving Intent { act=android.intent.action.DROPBOX_ENTRY_ADDED flg=0x10 (has extras) } to com.google.android.gms/.stats.service.DropBoxEntryAddedReceiver
07-27 08:27:29.173  1228  1248 W BroadcastQueue: Background execution not allowed: receiving Intent { act=android.intent.action.DROPBOX_ENTRY_ADDED flg=0x10 (has extras) } to com.google.android.gms/.chimera.GmsIntentOperationService$PersistentTrustedReceiver
07-27 08:27:29.204  1228  1248 W BroadcastQueue: Background execution not allowed: receiving Intent { act=android.intent.action.DROPBOX_ENTRY_ADDED flg=0x10 (has extras) } to com.google.android.gms/.stats.service.DropBoxEntryAddedReceiver
07-27 08:27:29.204  1228  1248 W BroadcastQueue: Background execution not allowed: receiving Intent { act=android.intent.action.DROPBOX_ENTRY_ADDED flg=0x10 (has extras) } to com.google.android.gms/.chimera.GmsIntentOperationService$PersistentTrustedReceiver
07-27 08:27:29.205  1228  1520 D ConnectivityService: sending Proxy Broadcast for [192.168.0.103] 8888 xl=
07-27 08:27:30.365  1228  7148 I SoundTriggerHelper: startRecognition successful.
07-27 08:27:30.698  1228  7148 I ActivityManager: START u0 {act=android.intent.action.MAIN cat=[android.intent.category.LAUNCHER] flg=0x10200000 cmp=com.android.chrome/com.google.android.apps.chrome.Main bnds=[439,1820][640,2128]} from uid 10042
07-27 08:27:30.827  1228  7148 D ConnectivityService: requestNetwork for uid/pid:10116/31557 NetworkRequest [ TRACK_DEFAULT id=7874, [ Capabilities: INTERNET&NOT_RESTRICTED&TRUSTED Unwanted:  Uid: 10116] ]
07-27 08:27:30.846  1228  9534 D ConnectivityService: Returning UNBLOCKED NetworkInfo to uid=10116
