07-27 08:27:38.972  1228  1250 I ActivityManager: Start proc 25871:com.android.chrome:sandboxed_process7/u0i776 for webview_service com.android.chrome/org.chromium.content.app.SandboxedProcessService7
07-27 08:27:40.427  1228  1520 D ConnectivityService: NetworkAgentInfo [WIFI () - 131] validation failed
07-27 08:27:40.664  1625  1625 I chatty  : uid=10072(com.android.systemui) expire 69 lines
07-27 08:27:40.899  1228  1239 I ActivityManager: Killing 25871:com.android.chrome:sandboxed_process7/u0a116i776 (adj 0): isolated not needed
07-27 08:27:52.168  1228  1520 D ConnectivityService: releasing NetworkRequest [ REQUEST id=7870, [ Transports: CELLULAR Capabilities: INTERNET&NOT_RESTRICTED&TRUSTED&NOT_VPN Unwanted:  Uid: 10073] ] (release request)
07-27 08:27:54.320  1228  7148 I ActivityManager: Killing 24779:com.google.android.gms.ui/u0a28 (adj 906): empty #17
07-27 08:27:54.527  1228  1250 I ActivityManager: Start proc 25904:com.google.android.apps.turbo/u0a32 for broadcast com.google.android.apps.turbo/.nudges.broadcasts.BatteryStatusChangedReceiver
07-27 08:27:56.335  1228  7148 I ActivityManager: START u0 {flg=0x28000000 cmp=com.android.chrome/org.chromium.chrome.browser.download.DownloadActivity (has extras)} from uid 10116
07-27 08:27:56.354  1228  1520 D ConnectivityService: releasing NetworkRequest [ TRACK_DEFAULT id=7874, [ Capabilities: INTERNET&NOT_RESTRICTED&TRUSTED Unwanted:  Uid: 10116] ] (release request)
07-27 08:27:56.373  1228  7148 D ConnectivityService: requestNetwork for uid/pid:10116/31557 NetworkRequest [ TRACK_DEFAULT id=7876, [ Capabilities: INTERNET&NOT_RESTRICTED&TRUSTED Unwanted:  Uid: 10116] ]
07-27 08:27:56.578  1625  1625 I chatty  : uid=10072(com.android.systemui) expire 10 lines
07-27 08:27:58.148  1228  1520 D ConnectivityService: NetworkAgentInfo [WIFI () - 131] validation passed
07-27 08:27:58.163  1228  1520 D ConnectivityService: Setting DNS servers for network 131 to [/192.168.0.1]
07-27 08:27:58.163  1228  1520 D DnsManager: setDnsConfigurationForNetwork(131, [192.168.0.1], [], [1800, 25, 8, 64], , [192.168.0.1])
07-27 08:27:58.334  1228  1250 I ActivityManager: Start proc 25968:com.google.android.play.games.ui/u0a28 for content provider com.google.android.gms/.games.provider.NotificationStubContentProvider
07-27 08:27:59.718  1228  1250 I ActivityManager: Start proc 26009:com.google.android.gm/u0a107 for service com.google.android.gm/.provider.MailSyncAdapterService
07-27 08:28:00.059 26009 26009 D ActivityThread: Loading provider com.google.android.gm.sapi: com.google.android.gm.sapi.SapiUiProvider
07-27 08:28:00.526  1228  4735 W ActivityManager: Unable to start service Intent { cmp=com.google.android.gm/com.android.email.service.AttachmentService } U=0: not found
07-27 08:28:01.135  1228  1250 I ActivityManager: Start proc 26138:com.google.android.youtube/u0a127 for service com.google.android.youtube/androidx.work.impl.background.systemjob.SystemJobService
07-27 08:28:01.471  1228  1239 D ConnectivityService: requestNetwork for uid/pid:10127/26138 NetworkRequest [ TRACK_DEFAULT id=7878, [ Capabilities: INTERNET&NOT_RESTRICTED&TRUSTED Unwanted:  Uid: 10127] ]
07-27 08:28:01.633  1228  4735 D ConnectivityService: requestNetwork for uid/pid:10107/26009 NetworkRequest [ TRACK_DEFAULT id=7880, [ Capabilities: INTERNET&NOT_RESTRICTED&TRUSTED Unwanted:  Uid: 10107] ]
07-27 08:28:01.843  1228  1860 D ConnectivityService: requestNetwork for uid/pid:10127/26138 NetworkRequest [ TRACK_DEFAULT id=7882, [ Capabilities: INTERNET&NOT_RESTRICTED&TRUSTED Unwanted:  Uid: 10127] ]
07-27 08:28:02.133  1228  4735 W ActivityManager: Permission Denial: Accessing service ComponentInfo{com.google.android.music/com.google.android.music.dial.DialMediaRouteProviderService} from pid=26138, uid=10127 that is not exported from uid 10101
07-27 08:28:02.975  1228  1520 D ConnectivityService: releasing NetworkRequest [ TRACK_DEFAULT id=7882, [ Capabilities: INTERNET&NOT_RESTRICTED&TRUSTED Unwanted:  Uid: 10127] ] (release request)
07-27 08:28:06.065  1228  2353 D ConnectivityService: requestNetwork for uid/pid:10073/1632 NetworkRequest [ REQUEST id=7883, [ Transports: CELLULAR Capabilities: INTERNET&NOT_RESTRICTED&TRUSTED&NOT_VPN Unwanted:  Uid: 10073] ]
07-27 08:28:06.068  1228  1520 D ConnectivityService: reportNetworkConnectivity(131, false) by 10073
07-27 08:28:06.679  1228  1520 D ConnectivityService: NetworkAgentInfo [WIFI () - 131] validation passed
07-27 08:28:07.743  1625  1625 I chatty  : uid=10072(com.android.systemui) expire 71 lines
07-27 08:28:07.816  1228  2353 D ConnectivityService: requestNetwork for uid/pid:10127/26138 NetworkRequest [ TRACK_DEFAULT id=7884, [ Capabilities: INTERNET&NOT_RESTRICTED&TRUSTED Unwanted:  Uid: 10127] ]
07-27 08:28:07.906  1228  1520 D ConnectivityService: releasing NetworkRequest [ TRACK_DEFAULT id=7884, [ Capabilities: INTERNET&NOT_RESTRICTED&TRUSTED Unwanted:  Uid: 10127] ] (release request)
07-27 08:28:10.140  1228  1239 W ActivityManager: Permission Denial: Accessing service ComponentInfo{com.google.android.music/com.google.android.music.dial.DialMediaRouteProviderService} from pid=26138, uid=10127 that is not exported from uid 10101
07-27 08:28:12.545  1228  1248 W BroadcastQueue: Background execution not allowed: receiving Intent { act=android.intent.action.DROPBOX_ENTRY_ADDED flg=0x10 (has extras) } to com.google.android.gms/.stats.service.DropBoxEntryAddedReceiver
07-27 08:28:12.545  1228  1248 W BroadcastQueue: Background execution not allowed: receiving Intent { act=android.intent.action.DROPBOX_ENTRY_ADDED flg=0x10 (has extras) } to com.google.android.gms/.chimera.GmsIntentOperationService$PersistentTrustedReceiver
07-27 08:28:12.581  1228  1248 W BroadcastQueue: Background execution not allowed: receiving Intent { act=android.intent.action.DROPBOX_ENTRY_ADDED flg=0x10 (has extras) } to com.google.android.gms/.stats.service.DropBoxEntryAddedReceiver
07-27 08:28:12.581  1228  1248 W BroadcastQueue: Background execution not allowed: receiving Intent { act=android.intent.action.DROPBOX_ENTRY_ADDED flg=0x10 (has extras) } to com.google.android.gms/.chimera.GmsIntentOperationService$PersistentTrustedReceiver
07-27 08:28:15.611  1228  2353 I ActivityManager: Killing 23592:com.google.android.gms.unstable/u0a28 (adj 906): empty #17
07-27 08:28:17.570  1228  1250 I ActivityManager: Start proc 26372:com.android.vending:instant_app_installer/u0a21 for service com.android.vending/com.google.android.finsky.instantapps.statussync.EnabledStatusSyncService
07-27 08:28:18.008  1228 11196 D ConnectivityService: requestNetwork for uid/pid:10021/26372 NetworkRequest [ TRACK_DEFAULT id=7885, [ Capabilities: INTERNET&NOT_RESTRICTED&TRUSTED Unwanted:  Uid: 10021] ]
07-27 08:28:18.221  1228  1250 I ActivityManager: Start proc 26436:com.google.android.gms.unstable/u0a28 for service com.google.android.gms/.droidguard.DroidGuardService
07-27 08:28:18.612  1228  9416 I ActivityManager: Killing 25534:com.google.android.packageinstaller/u0a58 (adj 906): empty #17
07-27 08:28:18.673  1228  1259 W ActivityManager: setHasOverlayUi called on unknown pid: 25534
07-27 08:28:19.154  1228  1250 I ActivityManager: Start proc 26465:com.android.vending:download_service/u0a21 for service com.android.vending/com.google.android.finsky.ipcservers.downloadservice.DownloadServiceGrpcServerAndroidService
07-27 08:28:19.377  1228 11196 D ConnectivityService: requestNetwork for uid/pid:10021/26465 NetworkRequest [ TRACK_DEFAULT id=7887, [ Capabilities: INTERNET&NOT_RESTRICTED&TRUSTED Unwanted:  Uid: 10021] ]
07-27 08:28:19.995 26372 26422 E ActivityThread: Failed to find provider info for com.google.android.instantapps.supervisor.SupervisorArchiveProvider
07-27 08:28:20.001  1228  9416 I ActivityManager: Killing 25560:com.android.defcontainer/u0a68 (adj 906): empty #17
07-27 08:28:24.494  1228  9534 I ActivityManager: Killing 25589:com.android.keychain/1000 (adj 906): empty #17
07-27 08:28:26.352  1228  9416 I ActivityManager: Killing 25657:com.google.android.apps.maps/u0a128 (adj 906): empty #17
07-27 08:28:26.353  1228  9416 I ActivityManager: Killing 25626:com.android.documentsui/u0a54 (adj 906): empty #18
07-27 08:28:26.425  1228  3512 D ConnectivityService: ConnectivityService NetworkRequestInfo binderDied(NetworkRequest [ TRACK_DEFAULT id=7871, [ Capabilities: INTERNET&NOT_RESTRICTED&TRUSTED Unwanted:  Uid: 10128] ], android.os.BinderProxy@2739faa)
07-27 08:28:26.425  1228  4640 D ConnectivityService: ConnectivityService NetworkRequestInfo binderDied(NetworkRequest [ LISTEN id=7872, [ Capabilities: INTERNET&NOT_RESTRICTED&TRUSTED Unwanted:  Uid: 10128] ], android.os.BinderProxy@d5cf79b)
07-27 08:28:26.425  1228  1520 D ConnectivityService: releasing NetworkRequest [ TRACK_DEFAULT id=7871, [ Capabilities: INTERNET&NOT_RESTRICTED&TRUSTED Unwanted:  Uid: 10128] ] (release request)
07-27 08:28:26.587  1625  1625 I chatty  : uid=10072(com.android.systemui) expire 11 lines
07-27 08:28:32.549  1228  9416 I ActivityManager: Killing 25667:com.google.android.apps.docs/u0a134 (adj 906): empty #17
07-27 08:28:39.901  1228  9534 I ActivityManager: START u0 {act=android.intent.action.VIEW dat=content://com.android.chrome.FileProvider/downloads/nogginPlusDebug-62.8.0-b17287200-1337.apk typ=application/vnd.android.package-archive flg=0x10000003 cmp=com.google.android.packageinstaller/com.android.packageinstaller.InstallStart (has extras)} from uid 10116
07-27 08:28:39.920  1228  1520 D ConnectivityService: releasing NetworkRequest [ TRACK_DEFAULT id=7876, [ Capabilities: INTERNET&NOT_RESTRICTED&TRUSTED Unwanted:  Uid: 10116] ] (release request)
07-27 08:28:39.936  1228  1250 I ActivityManager: Start proc 26509:com.google.android.packageinstaller/u0a58 for activity com.google.android.packageinstaller/com.android.packageinstaller.InstallStart
07-27 08:28:40.011  1228  9534 I ActivityManager: START u0 {act=android.intent.action.VIEW dat=content://com.android.chrome.FileProvider/downloads/nogginPlusDebug-62.8.0-b17287200-1337.apk typ=application/vnd.android.package-archive flg=0x2000000 cmp=com.google.android.packageinstaller/com.android.packageinstaller.InstallStaging (has extras)} from uid 10058
07-27 08:28:40.207  1228  3119 I ActivityManager: START u0 {act=android.intent.action.VIEW dat=file:///data/user_de/0/com.google.android.packageinstaller/no_backup/package260199508447586469.apk flg=0x2010000 cmp=com.google.android.packageinstaller/com.android.packageinstaller.DeleteStagedFileOnResult (has extras)} from uid 10058
07-27 08:28:40.233  1228  9534 I ActivityManager: START u0 {act=android.intent.action.VIEW dat=file:///data/user_de/0/com.google.android.packageinstaller/no_backup/package260199508447586469.apk flg=0x10000 cmp=com.google.android.packageinstaller/com.android.packageinstaller.PackageInstallerActivity (has extras)} from uid 10058
07-27 08:28:40.275 26509 26509 W PackageParser: Unknown element under <manifest>: queries at /data/user_de/0/com.google.android.packageinstaller/no_backup/package260199508447586469.apk Binary XML file line #18
07-27 08:28:40.276 26509 26509 W PackageParser: No actions in intent filter at /data/user_de/0/com.google.android.packageinstaller/no_backup/package260199508447586469.apk Binary XML file line #164
07-27 08:28:40.276 26509 26509 W PackageParser: No actions in intent filter at /data/user_de/0/com.google.android.packageinstaller/no_backup/package260199508447586469.apk Binary XML file line #307
07-27 08:28:40.677  1625  1625 I chatty  : uid=10072(com.android.systemui) expire 69 lines
07-27 08:28:41.632  1228  3119 I ActivityManager: START u0 {dat=file:///data/user_de/0/com.google.android.packageinstaller/no_backup/package260199508447586469.apk flg=0x2000000 cmp=com.google.android.packageinstaller/com.android.packageinstaller.InstallInstalling (has extras)} from uid 10058
07-27 08:28:43.459  1228  1250 I ActivityManager: Start proc 26536:com.android.defcontainer/u0a68 for service com.android.defcontainer/.DefaultContainerService
07-27 08:28:43.771 22790 25613 W PackageParser: Unknown element under <manifest>: queries at /data/app/vmdl1295089954.tmp/base.apk Binary XML file line #18
07-27 08:28:43.772 22790 25613 W PackageParser: No actions in intent filter at /data/app/vmdl1295089954.tmp/base.apk Binary XML file line #164
07-27 08:28:43.773 22790 25613 W PackageParser: No actions in intent filter at /data/app/vmdl1295089954.tmp/base.apk Binary XML file line #307
07-27 08:28:45.369 22790 25613 W PackageParser: Unknown element under <manifest>: queries at /data/app/vmdl1295089954.tmp/base.apk Binary XML file line #18
07-27 08:28:45.371 22790 25613 W PackageParser: No actions in intent filter at /data/app/vmdl1295089954.tmp/base.apk Binary XML file line #164
07-27 08:28:45.372 22790 25613 W PackageParser: No actions in intent filter at /data/app/vmdl1295089954.tmp/base.apk Binary XML file line #307
07-27 08:28:45.678  1228  1270 W PackageParser: Unknown element under <manifest>: queries at /data/app/vmdl1295089954.tmp/base.apk Binary XML file line #18
07-27 08:28:45.680  1228  1270 W PackageParser: No actions in intent filter at /data/app/vmdl1295089954.tmp/base.apk Binary XML file line #164
07-27 08:28:45.680  1228  1270 W PackageParser: No actions in intent filter at /data/app/vmdl1295089954.tmp/base.apk Binary XML file line #307
07-27 08:28:45.884  1228  1270 V BackupManagerService: restoreAtInstall pkg=com.nick.noggin.debug token=17a restoreSet=0
07-27 08:28:45.885  1228  1270 V BackupManagerService: Finishing install immediately
07-27 08:28:45.895  1228  3597 I ActivityManager: Killing 25138:com.google.android.apps.photos/u0a131 (adj 906): empty #17
07-27 08:28:45.916  1228  3597 W BroadcastQueue: Skipping deliver [background] BroadcastRecord{7757ee7 u0 android.intent.action.PACKAGE_ADDED} to ReceiverList{7658b77 25138 com.google.android.apps.photos/10131/u0 remote:98ce976}: process gone or crashing
07-27 08:28:45.926  1228  1228 I Telecom : DefaultDialerCache: Refreshing default dialer for user 0: now com.google.android.dialer: DDC.oR@Ik4
07-27 08:28:45.947  1228  1907 W BroadcastQueue: Background execution not allowed: receiving Intent { act=android.intent.action.PACKAGE_ADDED dat=package:com.nick.noggin.debug flg=0x4000010 (has extras) } to com.android.musicfx/.Compatibility$Receiver
07-27 08:28:45.949  1228  1228 V BackupManagerConstants: getFullBackupIntervalMilliseconds(...) returns 86400000
07-27 08:28:45.962  1228  9534 I ActivityManager: START u0 {dat=file:///data/user_de/0/com.google.android.packageinstaller/no_backup/package260199508447586469.apk flg=0x2000000 cmp=com.google.android.packageinstaller/com.android.packageinstaller.InstallSuccess (has extras)} from uid 10058
07-27 08:28:45.978  1228  1248 W BroadcastQueue: Background execution not allowed: receiving Intent { act=android.intent.action.PACKAGE_ADDED dat=package:com.nick.noggin.debug flg=0x4000010 (has extras) } to com.android.vending/com.google.android.finsky.packagemanager.impl.PackageMonitorReceiverImpl$RegisteredReceiver
07-27 08:28:45.990  1228  1248 W BroadcastQueue: Background execution not allowed: receiving Intent { act=android.intent.action.PACKAGE_ADDED dat=package:com.nick.noggin.debug flg=0x4000010 (has extras) } to com.google.android.gms/.games.chimera.GamesSystemBroadcastReceiverProxy
07-27 08:28:45.991  1228  1248 W BroadcastQueue: Background execution not allowed: receiving Intent { act=android.intent.action.PACKAGE_ADDED dat=package:com.nick.noggin.debug flg=0x4000010 (has extras) } to com.google.android.gms/.gass.chimera.PackageChangeBroadcastReceiver
07-27 08:28:45.991  1228  1248 W BroadcastQueue: Background execution not allowed: receiving Intent { act=android.intent.action.PACKAGE_ADDED dat=package:com.nick.noggin.debug flg=0x4000010 (has extras) } to com.google.android.gms/.chimera.GmsIntentOperationService$PersistentTrustedReceiver
07-27 08:28:45.991  1228  1248 W BroadcastQueue: Background execution not allowed: receiving Intent { act=android.intent.action.PACKAGE_ADDED dat=package:com.nick.noggin.debug flg=0x4000010 (has extras) } to com.google.android.googlequicksearchbox/com.google.android.apps.gsa.googlequicksearchbox.GelStubAppWatcher
07-27 08:28:45.991  1228  1248 W BroadcastQueue: Background execution not allowed: receiving Intent { act=android.intent.action.PACKAGE_ADDED dat=package:com.nick.noggin.debug flg=0x4000010 (has extras) } to com.google.android.ims/.receivers.RcsAutoStartReceiver
07-27 08:28:46.107  1228  1520 D ConnectivityService: releasing NetworkRequest [ REQUEST id=7883, [ Transports: CELLULAR Capabilities: INTERNET&NOT_RESTRICTED&TRUSTED&NOT_VPN Unwanted:  Uid: 10073] ] (release request)
07-27 08:28:48.489  1228  2253 V BackupManagerConstants: getFullBackupRequiredNetworkType(...) returns 2
07-27 08:28:48.490  1228  2253 V BackupManagerConstants: getFullBackupRequireCharging(...) returns true
07-27 08:28:52.930  1228  1907 I ActivityManager: START u0 {act=android.intent.action.MAIN cat=[android.intent.category.LAUNCHER] flg=0x10000000 pkg=com.nick.noggin.debug cmp=com.nick.noggin.debug/com.viacom.android.neutron.MainScreen} from uid 10058
07-27 08:28:52.974  1228  1250 I ActivityManager: Start proc 26577:com.nick.noggin.debug/u0a506 for activity com.nick.noggin.debug/com.viacom.android.neutron.MainScreen
07-27 08:28:56.593  1625  1625 I chatty  : uid=10072(com.android.systemui) expire 80 lines
07-27 08:29:01.130 26577 26692 E ActivityThread: Failed to find provider info for com.facebook.katana.provider.AttributionIdProvider
07-27 08:29:01.564  1228  1907 I ActivityManager: Killing 25818:com.google.android.inputmethod.latin:train/u0a117 (adj 906): empty #17
07-27 08:29:02.302  1228  1250 I ActivityManager: Start proc 26734:com.android.chrome:webview_service/u0a116 for service com.android.chrome/org.chromium.android_webview.services.VariationsSeedServer
07-27 08:29:02.364  1228  1250 I ActivityManager: Start proc 26750:com.android.chrome:sandboxed_process0/u0i777 for webview_service com.nick.noggin.debug/org.chromium.content.app.SandboxedProcessService0
07-27 08:29:02.520  1228  6081 D ConnectivityService: requestNetwork for uid/pid:10506/26577 NetworkRequest [ TRACK_DEFAULT id=7889, [ Capabilities: INTERNET&NOT_RESTRICTED&TRUSTED Unwanted:  Uid: 10506] ]
07-27 08:29:06.236  1228  1228 I Telecom : DefaultDialerCache: Refreshing default dialer for user 0: now com.google.android.dialer: DDC.oR@IlI
--------- beginning of main
07-27 08:29:06.739   781 26670 W QC2V4l2Codec: [XavcD_1156] unknown/unsupported param index = 0xD200180A
07-27 08:29:06.739   858 26650 D NuPlayerDriver: notifyListener_l(0xf1cd3200), (6, 0, 0, -1), loop setting(0, 0)
07-27 08:29:06.742   781 26670 W QC2V4l2Codec: [XavcD_1156] unknown/unsupported param index = 0xD200180A
07-27 08:29:06.941   781 26670 W QC2V4l2Codec: [XavcD_1156] unknown/unsupported param index = 0xD200180A
07-27 08:29:06.976   781 26670 W QC2V4l2Codec: [XavcD_1156] unknown/unsupported param index = 0xD200180A
07-27 08:29:07.009   781 26670 W QC2V4l2Codec: [XavcD_1156] unknown/unsupported param index = 0xD200180A
07-27 08:29:07.043   781 26670 W QC2V4l2Codec: [XavcD_1156] unknown/unsupported param index = 0xD200180A
07-27 08:29:07.075   781 26670 W QC2V4l2Codec: [XavcD_1156] unknown/unsupported param index = 0xD200180A
07-27 08:29:07.242   781 26670 W QC2V4l2Codec: [XavcD_1156] unknown/unsupported param index = 0xD200180A
07-27 08:29:07.248 26577 26841 I chatty  : uid=10506(com.nick.noggin.debug) JavaBridge expire 4 lines
07-27 08:29:07.275   781 26670 W QC2V4l2Codec: [XavcD_1156] unknown/unsupported param index = 0xD200180A
07-27 08:29:07.477   781 26670 W QC2V4l2Codec: [XavcD_1156] unknown/unsupported param index = 0xD200180A
07-27 08:29:07.485  3061 23737 I Icing   : Indexing com.google.android.gms-apps from com.google.android.gms
07-27 08:29:07.542   781 26670 W QC2V4l2Codec: [XavcD_1156] unknown/unsupported param index = 0xD200180A
07-27 08:29:07.576   781 26670 W QC2V4l2Codec: [XavcD_1156] unknown/unsupported param index = 0xD200180A
07-27 08:29:07.602  3061 23737 I Icing   : Indexing done com.google.android.gms-apps
07-27 08:29:07.608   781 26670 W QC2V4l2Codec: [XavcD_1156] unknown/unsupported param index = 0xD200180A
07-27 08:29:07.877   781 26670 W QC2V4l2Codec: [XavcD_1156] unknown/unsupported param index = 0xD200180A
07-27 08:29:07.899 26577 26577 I chatty  : uid=10506(com.nick.noggin.debug) expire 8 lines
07-27 08:29:07.942   781 26670 W QC2V4l2Codec: [XavcD_1156] unknown/unsupported param index = 0xD200180A
07-27 08:29:07.945  7311  7349 I PeriodicStatsRunner: PeriodicStatsRunner.call():175 call()
07-27 08:29:07.945  7311  7349 I PeriodicStatsRunner: PeriodicStatsRunner.call():179 No submit PeriodicStats since input started.
07-27 08:29:07.975   781 26670 W QC2V4l2Codec: [XavcD_1156] unknown/unsupported param index = 0xD200180A
07-27 08:29:08.022 26577 26604 I chatty  : uid=10506(com.nick.noggin.debug) RxCachedThreadS expire 23 lines
07-27 08:29:08.043   781 26670 W QC2V4l2Codec: [XavcD_1156] unknown/unsupported param index = 0xD200180A
07-27 08:29:08.177   781 26670 W QC2V4l2Codec: [XavcD_1156] unknown/unsupported param index = 0xD200180A
07-27 08:29:08.231 26577 26631 I chatty  : uid=10506(com.nick.noggin.debug) pool-5-thread-2 expire 1 line
07-27 08:29:08.243   781 26670 W QC2V4l2Codec: [XavcD_1156] unknown/unsupported param index = 0xD200180A
07-27 08:29:08.260   772  1035 I CHRE    : @ 2342324.250: [AR_CHRE] still: 100
07-27 08:29:08.275   781 26670 W QC2V4l2Codec: [XavcD_1156] unknown/unsupported param index = 0xD200180A
07-27 08:29:08.643   781 26670 W QC2V4l2Codec: [XavcD_1156] unknown/unsupported param index = 0xD200180A
07-27 08:29:08.648   858 26667 I NuPlayerDecoder: [video] saw output EOS
07-27 08:29:08.968   754  9037 I chatty  : uid=1041(audioserver) writer expire 87 lines
07-27 08:29:09.206   858 26650 D NuPlayerDriver: notifyListener_l(0xf1cd3200), (2, 0, 0, -1), loop setting(0, 0)
07-27 08:29:09.207   858 26650 D NuPlayerDriver: notifyListener_l(0xf1cd3200), (211, 0, 0, 20), loop setting(0, 0)
07-27 08:29:09.209   858 29541 D NuPlayerDriver: start(0xf1cd3200), state is 6, eos is 1
07-27 08:29:09.209   858 26650 D NuPlayerDriver: notifyListener_l(0xf1cd3200), (211, 0, 0, 20), loop setting(0, 0)
07-27 08:29:09.210   858 26650 D NuPlayerDriver: notifyListener_l(0xf1cd3200), (211, 0, 0, 20), loop setting(0, 0)
07-27 08:29:09.210  1228  6081 I MediaFocusControl: abandonAudioFocus() from uid/pid 10506/26577 clientId=android.media.AudioManager@695c460
07-27 08:29:09.223   858 26667 I NuPlayerDecoder: [OMX.qcom.video.decoder.avc] resubmitting CSD
07-27 08:29:09.225   858 26667 I NuPlayerDecoder: [OMX.qcom.video.decoder.avc] resubmitting CSD
07-27 08:29:09.225   781 26670 W QC2V4l2Codec: [XavcD_1156] unknown/unsupported param index = 0xD200180A
07-27 08:29:09.269   781 26670 W QC2V4l2Codec: [XavcD_1156] unknown/unsupported param index = 0xD200180A
07-27 08:29:09.270   858 26650 D NuPlayerDriver: notifyListener_l(0xf1cd3200), (211, 0, 0, 20), loop setting(0, 0)
07-27 08:29:09.270   858 26650 D NuPlayerDriver: notifyListener_l(0xf1cd3200), (6, 0, 0, -1), loop setting(0, 0)
07-27 08:29:09.273   781 26670 W QC2V4l2Codec: [XavcD_1156] unknown/unsupported param index = 0xD200180A
07-27 08:29:09.539   781 26670 W QC2V4l2Codec: [XavcD_1156] unknown/unsupported param index = 0xD200180A
07-27 08:29:09.560  7311  7311 I GoogleInputMethodService: GoogleInputMethodService.onFinishInput():3138 
07-27 08:29:09.561  7311  7311 I GoogleInputMethodService: GoogleInputMethodService.onStartInput():1808 
07-27 08:29:09.571   781 26670 W QC2V4l2Codec: [XavcD_1156] unknown/unsupported param index = 0xD200180A
07-27 08:29:09.639   781 26670 W QC2V4l2Codec: [XavcD_1156] unknown/unsupported param index = 0xD200180A
07-27 08:29:09.672   781 26670 W QC2V4l2Codec: [XavcD_1156] unknown/unsupported param index = 0xD200180A
07-27 08:29:09.939   781 26670 W QC2V4l2Codec: [XavcD_1156] unknown/unsupported param index = 0xD200180A
07-27 08:29:09.973   781 26670 W QC2V4l2Codec: [XavcD_1156] unknown/unsupported param index = 0xD200180A
07-27 08:29:10.006   781 26670 W QC2V4l2Codec: [XavcD_1156] unknown/unsupported param index = 0xD200180A
07-27 08:29:10.073   781 26670 W QC2V4l2Codec: [XavcD_1156] unknown/unsupported param index = 0xD200180A
07-27 08:29:10.372   781 26670 W QC2V4l2Codec: [XavcD_1156] unknown/unsupported param index = 0xD200180A
07-27 08:29:10.406   781 26670 W QC2V4l2Codec: [XavcD_1156] unknown/unsupported param index = 0xD200180A
07-27 08:29:10.473   781 26670 W QC2V4l2Codec: [XavcD_1156] unknown/unsupported param index = 0xD200180A
07-27 08:29:10.806   781 26670 W QC2V4l2Codec: [XavcD_1156] unknown/unsupported param index = 0xD200180A
07-27 08:29:10.826  7311  7311 I GoogleInputMethodService: GoogleInputMethodService.onStartInput():1808 
07-27 08:29:10.827  7311  7311 W SessionManager: SessionManager.beginSession():53 Try to begin an already begun session [INPUT_SESSION], end it first
07-27 08:29:10.829  7311  7311 I GoogleInputMethodService: GoogleInputMethodService.onStartInputView():1924 
07-27 08:29:10.839   781 26670 W QC2V4l2Codec: [XavcD_1156] unknown/unsupported param index = 0xD200180A
07-27 08:29:10.852  7311  7311 I KeyboardViewUtil: KeyboardViewUtil.getKeyboardHeightRatio():182 systemKeyboardHeightRatio:1.200000; userKeyboardHeightRatio:1.000000.
07-27 08:29:10.852  7311  7311 I AndroidIME: AbstractIme.onActivate():84 LatinIme.onActivate() : EditorInfo = Package = com.nick.noggin.debug : Type = Email : Learning = Disable : Suggestion = Show : AutoCorrection = Disable : Microphone = DisabledMic : NoPersonalizedLearning = Disable : AutoStartVoiceInput = Disable, IncognitoMode = false
07-27 08:29:10.852  7311  7311 I Delight5Facilitator: Delight5Facilitator.initializeForIme():561 initializeForIme() : Locale = [en_US], layout = qwerty
07-27 08:29:10.853  7311  7311 I VoiceInputManagerWrapper: VoiceInputManagerWrapper.cancelShutdown():55 cancelShutdown()
07-27 08:29:10.853  7311  7311 I VoiceInputManagerWrapper: VoiceInputManagerWrapper.syncLanguagePacks():67 syncLanguagePacks()
07-27 08:29:10.854  7311 29558 I SpeechFactory: SpeechRecognitionFactory.maybeScheduleAutoPackDownloadForFallback():160 maybeScheduleAutoPackDownloadForFallback()
07-27 08:29:10.854  7311  7311 I LatinIme: LatinIme.updateEnableInlineSuggestionsOnDecoderSideFlags():1077 inline flag updated to:false
07-27 08:29:10.854  7311 29558 I FallbackOnDeviceRecognitionProvider: FallbackOnDeviceRecognitionProvider.maybeScheduleAutoPackDownload():196 maybeScheduleAutoPackDownload() for language tag en-US
07-27 08:29:10.857  7311  7311 I KeyboardWrapper: KeyboardWrapper.consumeEvent():271 Skip consuming an event as current keyboard is deactivated (state=0, keyboard existence=true)
07-27 08:29:10.858  7311  7311 I KeyboardViewController: KeyboardViewController.hide():879 Requesting to hide sub view with id 2131432573 softkey_holder_fixed_candidates which doesn't exist in current keyboard view
07-27 08:29:10.858  7311  7311 I KeyboardViewController: KeyboardViewController.hide():879 Requesting to hide sub view with id 2131429585 scrollable_suggestion_strip_overlay which doesn't exist in current keyboard view
07-27 08:29:10.886  7311  7311 I KeyboardManager: KeyboardManager.requestKeyboard():133 Using cached keyboard prime, imeId=ime_english_united_states
07-27 08:29:10.886  7311  7311 W KeyboardModeManager: KeyboardModeManager.setInputView():302 setInputView() : inputView = com.google.android.apps.inputmethod.libs.framework.core.InputView{adf070d V.E...... ......ID 0,0-1080,2022}
07-27 08:29:10.886  7311  7311 I ConversationToQueryExtension: ConversationToQueryExtension.isEnabledForHostApp():254 Conv2Query not enabled due to current app [com.nick.noggin.debug] not in whitelist
07-27 08:29:10.887  7311  7311 I ConversationToQueryExtension: ConversationToQueryExtension.onActivate():164 onActivate() : Disabled by unsupported host app
07-27 08:29:10.887  7311  7311 I CurrentMicStatusHolder: CurrentMicStatusHolder.onStartInputView():79 Current Mic status = {MicIconHidden-EmailInputType,}
07-27 08:29:10.887  7311  7311 I VoiceImeExtension: VoiceImeExtension.shouldStartVoiceInputAutomatically():343 No private IME option set to start voice input.
07-27 08:29:10.887  7311 25809 I FederatedC2QExtension: FederatedC2QExtension.setupModelDownloading():391 Already registered manifest.
07-27 08:29:10.905   781 26670 W QC2V4l2Codec: [XavcD_1156] unknown/unsupported param index = 0xD200180A
07-27 08:29:10.939   781 26670 W QC2V4l2Codec: [XavcD_1156] unknown/unsupported param index = 0xD200180A
07-27 08:29:11.005   781 26670 W QC2V4l2Codec: [XavcD_1156] unknown/unsupported param index = 0xD200180A
07-27 08:29:11.039   781 26670 W QC2V4l2Codec: [XavcD_1156] unknown/unsupported param index = 0xD200180A
07-27 08:29:11.173   781 26670 W QC2V4l2Codec: [XavcD_1156] unknown/unsupported param index = 0xD200180A
07-27 08:29:11.175   858 26667 I NuPlayerDecoder: [video] saw output EOS
07-27 08:29:11.463   772  1035 I CHRE    : @ 2342327.500: [AR_CHRE] still: 74
07-27 08:29:11.545   781 26670 I QC2Comp : [XavcD_1156] Stats: Works: Q(474)/Done(474)| Work-Rate: Q(31.6/s Avg=31.5/s) Done(31.597/s Avg=31.532/s)| Stream: 30.00fps 115.6Kbps| Pending(0) i/p-done(0)
07-27 08:29:11.656  7311 32363 I TiresiasImpl: TiresiasImpl.resetSession():1283 resetSession(): Reset failed, no active session.
07-27 08:29:11.677  7311  7847 W native  : neural_spatial_model.cc:390 Output symbol table doesn't contain symbol: @
07-27 08:29:11.678  7311  7847 W native  : neural_spatial_model.cc:390 Output symbol table doesn't contain symbol: !
07-27 08:29:11.678  7311  7847 W native  : neural_spatial_model.cc:390 Output symbol table doesn't contain symbol: #
07-27 08:29:11.678  7311  7847 W native  : neural_spatial_model.cc:390 Output symbol table doesn't contain symbol: %
07-27 08:29:11.678  7311  7847 W native  : neural_spatial_model.cc:390 Output symbol table doesn't contain symbol: &
07-27 08:29:11.678  7311  7847 W native  : neural_spatial_model.cc:390 Output symbol table doesn't contain symbol: *
07-27 08:29:11.678  7311  7847 W native  : neural_spatial_model.cc:390 Output symbol table doesn't contain symbol: +
07-27 08:29:11.678  7311  7847 W native  : neural_spatial_model.cc:390 Output symbol table doesn't contain symbol: /
07-27 08:29:11.678  7311  7847 W native  : neural_spatial_model.cc:390 Output symbol table doesn't contain symbol: =
07-27 08:29:11.678  7311  7847 W native  : neural_spatial_model.cc:390 Output symbol table doesn't contain symbol: ?
07-27 08:29:11.678  7311  7847 W native  : neural_spatial_model.cc:390 Output symbol table doesn't contain symbol: ^
07-27 08:29:11.678  7311  7847 W native  : neural_spatial_model.cc:390 Output symbol table doesn't contain symbol: _
07-27 08:29:11.678  7311  7847 W native  : neural_spatial_model.cc:390 Output symbol table doesn't contain symbol: `
07-27 08:29:11.678  7311  7847 W native  : neural_spatial_model.cc:390 Output symbol table doesn't contain symbol: {
07-27 08:29:11.678  7311  7847 W native  : neural_spatial_model.cc:390 Output symbol table doesn't contain symbol: |
07-27 08:29:11.678  7311  7847 W native  : neural_spatial_model.cc:390 Output symbol table doesn't contain symbol: }
07-27 08:29:11.678  7311  7847 W native  : neural_spatial_model.cc:390 Output symbol table doesn't contain symbol: ~
07-27 08:29:11.737   858 26650 D NuPlayerDriver: notifyListener_l(0xf1cd3200), (2, 0, 0, -1), loop setting(0, 0)
07-27 08:29:11.737   858 26650 D NuPlayerDriver: notifyListener_l(0xf1cd3200), (211, 0, 0, 20), loop setting(0, 0)
07-27 08:29:11.738   858 29541 D NuPlayerDriver: start(0xf1cd3200), state is 6, eos is 1
07-27 08:29:11.739   858 26650 D NuPlayerDriver: notifyListener_l(0xf1cd3200), (211, 0, 0, 20), loop setting(0, 0)
07-27 08:29:11.739   858 26650 D NuPlayerDriver: notifyListener_l(0xf1cd3200), (211, 0, 0, 20), loop setting(0, 0)
07-27 08:29:11.739  1228  3597 I MediaFocusControl: abandonAudioFocus() from uid/pid 10506/26577 clientId=android.media.AudioManager@695c460
07-27 08:29:11.744   858 26668 D BufferPoolAccessor: bufferpool 0xf1fcb0c8 : 12(15310080 size) total buffers - 10(12758400 size) used buffers - 439/478 (recycle/alloc) - 81/468 (fetch/transfer)
07-27 08:29:11.748   858 26667 I NuPlayerDecoder: [OMX.qcom.video.decoder.avc] resubmitting CSD
07-27 08:29:11.750   781 26670 W QC2V4l2Codec: [XavcD_1156] unknown/unsupported param index = 0xD200180A
07-27 08:29:11.750   858 26667 I NuPlayerDecoder: [OMX.qcom.video.decoder.avc] resubmitting CSD
07-27 08:29:11.787   858 26650 D NuPlayerDriver: notifyListener_l(0xf1cd3200), (211, 0, 0, 20), loop setting(0, 0)
07-27 08:29:11.787   781 26670 W QC2V4l2Codec: [XavcD_1156] unknown/unsupported param index = 0xD200180A
07-27 08:29:11.787   858 26650 D NuPlayerDriver: notifyListener_l(0xf1cd3200), (6, 0, 0, -1), loop setting(0, 0)
07-27 08:29:11.791   781 26670 W QC2V4l2Codec: [XavcD_1156] unknown/unsupported param index = 0xD200180A
07-27 08:29:11.796   781 26670 W QC2V4l2Codec: [XavcD_1156] unknown/unsupported param index = 0xD200180A
07-27 08:29:11.802  7311 32363 I TiresiasImpl: TiresiasImpl.resetSession():1283 resetSession(): Reset failed, no active session.
07-27 08:29:11.806   781 26670 W QC2V4l2Codec: [XavcD_1156] unknown/unsupported param index = 0xD200180A
07-27 08:29:11.957   781 26670 W QC2V4l2Codec: [XavcD_1156] unknown/unsupported param index = 0xD200180A
07-27 08:29:11.990   781 26670 W QC2V4l2Codec: [XavcD_1156] unknown/unsupported param index = 0xD200180A
07-27 08:29:12.024   781 26670 W QC2V4l2Codec: [XavcD_1156] unknown/unsupported param index = 0xD200180A
07-27 08:29:12.026  7311 32363 I TiresiasImpl: TiresiasImpl.resetSession():1283 resetSession(): Reset failed, no active session.
07-27 08:29:12.056   781 26670 W QC2V4l2Codec: [XavcD_1156] unknown/unsupported param index = 0xD200180A
07-27 08:29:12.391   781 26670 W QC2V4l2Codec: [XavcD_1156] unknown/unsupported param index = 0xD200180A
07-27 08:29:12.455  7311 32363 I TiresiasImpl: TiresiasImpl.resetSession():1283 resetSession(): Reset failed, no active session.
07-27 08:29:12.457   781 26670 W QC2V4l2Codec: [XavcD_1156] unknown/unsupported param index = 0xD200180A
07-27 08:29:12.924   781 26670 W QC2V4l2Codec: [XavcD_1156] unknown/unsupported param index = 0xD200180A
07-27 08:29:12.991   781 26670 W QC2V4l2Codec: [XavcD_1156] unknown/unsupported param index = 0xD200180A
07-27 08:29:13.023   781 26670 W QC2V4l2Codec: [XavcD_1156] unknown/unsupported param index = 0xD200180A
07-27 08:29:13.090   781 26670 W QC2V4l2Codec: [XavcD_1156] unknown/unsupported param index = 0xD200180A
07-27 08:29:13.098  7311  7311 I GoogleInputMethodService: GoogleInputMethodService.onStartInput():1808 
07-27 08:29:13.099  7311  7311 W SessionManager: SessionManager.beginSession():53 Try to begin an already begun session [INPUT_SESSION], end it first
07-27 08:29:13.099  7311  7311 W SessionManager: SessionManager.endSession():96 Child session [INPUT_VIEW_SESSION] is not ended while ending session [{INPUT_SESSION=1595831350827, INPUT_VIEW_SESSION=1595831350829, IME_SESSION=1595831350852, TRAINING_CACHE_SESSION=1595831350852}], ending it now.
07-27 08:29:13.099  7311  7311 W SessionManager: SessionManager.endSession():96 Child session [IME_SESSION] is not ended while ending session [{INPUT_SESSION=1595831350827, INPUT_VIEW_SESSION=1595831350829, IME_SESSION=1595831350852, TRAINING_CACHE_SESSION=1595831350852}], ending it now.
07-27 08:29:13.099  7311  7311 W SessionManager: SessionManager.endSession():96 Child session [TRAINING_CACHE_SESSION] is not ended while ending session [{INPUT_SESSION=1595831350827, INPUT_VIEW_SESSION=1595831350829, IME_SESSION=1595831350852, TRAINING_CACHE_SESSION=1595831350852}], ending it now.
07-27 08:29:13.102  7311  7311 W TooltipLifecycleManager: TooltipLifecycleManager.dismissTooltip():130 dismissTooltip(): tooltip with id inline_suggestion_tooltip not found in tooltipManager.
07-27 08:29:13.102  7311  7311 W TooltipLifecycleManager: TooltipLifecycleManager.dismissTooltip():130 dismissTooltip(): tooltip with id inline_suggestion_tooltip not found in tooltipManager.
07-27 08:29:13.106  7311  7311 I KeyboardWrapper: KeyboardWrapper.consumeEvent():271 Skip consuming an event as current keyboard is deactivated (state=0, keyboard existence=true)
07-27 08:29:13.106  7311  7311 I VoiceInputManagerWrapper: VoiceInputManagerWrapper.shutdown():77 shutdown()
07-27 08:29:13.106  7311  7311 W SessionManager: SessionManager.endSession():88 Try to end a not begun session [TRAINING_CACHE_SESSION].
07-27 08:29:13.107  7311  7311 I AndroidIME: AbstractIme.onDeactivate():161 LatinIme.onDeactivate()
07-27 08:29:13.107  7311  7311 W SessionManager: SessionManager.endSession():88 Try to end a not begun session [IME_SESSION].
07-27 08:29:13.107  7311  7311 E SessionManager: SessionManager.beginSession():60 Try to begin a session [IME_SESSION] whose parent [INPUT_VIEW_SESSION] hasn't begun.
07-27 08:29:13.108  7311  7311 I AndroidIME: AbstractIme.onActivate():84 PasswordIme.onActivate() : EditorInfo = Package = com.nick.noggin.debug : Type = Password : Learning = Disable : Suggestion = Hide : AutoCorrection = Disable : Microphone = Hide : NoPersonalizedLearning = Disable : AutoStartVoiceInput = Disable, IncognitoMode = false
07-27 08:29:13.115  7311  7311 I KeyboardViewHelper: KeyboardViewHelper.getView():180 Get view with height ratio:1.200000; experiment height ratio:1.000000.
07-27 08:29:13.124   781 26670 W QC2V4l2Codec: [XavcD_1156] unknown/unsupported param index = 0xD200180A
07-27 08:29:13.137  7311  7311 W TooltipLifecycleManager: TooltipLifecycleManager.dismissTooltip():130 dismissTooltip(): tooltip with id inline_suggestion_tooltip not found in tooltipManager.
07-27 08:29:13.149  7311  7311 I GoogleInputMethodService: GoogleInputMethodService.onStartInputView():1924 
07-27 08:29:13.161  7311  7311 I KeyboardViewUtil: KeyboardViewUtil.getKeyboardHeightRatio():182 systemKeyboardHeightRatio:1.200000; userKeyboardHeightRatio:1.000000.
07-27 08:29:13.161  7311  7311 I AndroidIME: AbstractIme.onDeactivate():161 PasswordIme.onDeactivate()
07-27 08:29:13.162  7311  7311 I AndroidIME: AbstractIme.onActivate():84 PasswordIme.onActivate() : EditorInfo = Package = com.nick.noggin.debug : Type = Password : Learning = Disable : Suggestion = Hide : AutoCorrection = Disable : Microphone = Hide : NoPersonalizedLearning = Disable : AutoStartVoiceInput = Disable, IncognitoMode = false
07-27 08:29:13.168  7311  7311 W KeyboardModeManager: KeyboardModeManager.setInputView():302 setInputView() : inputView = com.google.android.apps.inputmethod.libs.framework.core.InputView{adf070d V.E...... ......ID 0,0-1080,2088}
07-27 08:29:13.168  7311  7311 I ConversationToQueryExtension: ConversationToQueryExtension.isEnabledForHostApp():254 Conv2Query not enabled due to current app [com.nick.noggin.debug] not in whitelist
07-27 08:29:13.168  7311  7311 I ConversationToQueryExtension: ConversationToQueryExtension.onActivate():164 onActivate() : Disabled by unsupported host app
07-27 08:29:13.169  7311  7311 I CurrentMicStatusHolder: CurrentMicStatusHolder.onStartInputView():79 Current Mic status = {MicIconHidden-PasswordOrNumberOrDateInputType,}
07-27 08:29:13.169  7311  7311 I VoiceImeExtension: VoiceImeExtension.shouldStartVoiceInputAutomatically():343 No private IME option set to start voice input.
07-27 08:29:13.171  7311 25812 I FederatedC2QExtension: FederatedC2QExtension.setupModelDownloading():391 Already registered manifest.
07-27 08:29:13.190   781 26670 W QC2V4l2Codec: [XavcD_1156] unknown/unsupported param index = 0xD200180A
07-27 08:29:13.201  7311  7321 I putmethod.lati: Background concurrent copying GC freed 78067(3MB) AllocSpace objects, 17(704KB) LOS objects, 49% free, 13MB/27MB, paused 563us total 101.517ms
07-27 08:29:13.223   781 26670 W QC2V4l2Codec: [XavcD_1156] unknown/unsupported param index = 0xD200180A
07-27 08:29:13.690   781 26670 W QC2V4l2Codec: [XavcD_1156] unknown/unsupported param index = 0xD200180A
07-27 08:29:13.693   858 26667 I NuPlayerDecoder: [video] saw output EOS
07-27 08:29:14.254   858 26650 D NuPlayerDriver: notifyListener_l(0xf1cd3200), (2, 0, 0, -1), loop setting(0, 0)
07-27 08:29:14.255   858 26650 D NuPlayerDriver: notifyListener_l(0xf1cd3200), (211, 0, 0, 20), loop setting(0, 0)
07-27 08:29:14.256   858 29541 D NuPlayerDriver: start(0xf1cd3200), state is 6, eos is 1
07-27 08:29:14.256   858 26650 D NuPlayerDriver: notifyListener_l(0xf1cd3200), (211, 0, 0, 20), loop setting(0, 0)
07-27 08:29:14.256   858 26650 D NuPlayerDriver: notifyListener_l(0xf1cd3200), (211, 0, 0, 20), loop setting(0, 0)
07-27 08:29:14.257  1228  1496 I MediaFocusControl: abandonAudioFocus() from uid/pid 10506/26577 clientId=android.media.AudioManager@695c460
07-27 08:29:14.266   858 26667 I NuPlayerDecoder: [OMX.qcom.video.decoder.avc] resubmitting CSD
07-27 08:29:14.267   858 26667 I NuPlayerDecoder: [OMX.qcom.video.decoder.avc] resubmitting CSD
07-27 08:29:14.267   781 26670 W QC2V4l2Codec: [XavcD_1156] unknown/unsupported param index = 0xD200180A
07-27 08:29:14.305   858 26650 D NuPlayerDriver: notifyListener_l(0xf1cd3200), (211, 0, 0, 20), loop setting(0, 0)
07-27 08:29:14.305   781 26670 W QC2V4l2Codec: [XavcD_1156] unknown/unsupported param index = 0xD200180A
07-27 08:29:14.305   858 26650 D NuPlayerDriver: notifyListener_l(0xf1cd3200), (6, 0, 0, -1), loop setting(0, 0)
07-27 08:29:14.308   781 26670 W QC2V4l2Codec: [XavcD_1156] unknown/unsupported param index = 0xD200180A
07-27 08:29:14.575   781 26670 W QC2V4l2Codec: [XavcD_1156] unknown/unsupported param index = 0xD200180A
07-27 08:29:14.598  7311  7349 I PeriodicStatsRunner: PeriodicStatsRunner.call():175 call()
07-27 08:29:14.598  7311  7349 I PeriodicStatsRunner: PeriodicStatsRunner.call():179 No submit PeriodicStats since input started.
07-27 08:29:14.608   781 26670 W QC2V4l2Codec: [XavcD_1156] unknown/unsupported param index = 0xD200180A
07-27 08:29:14.741   781 26670 W QC2V4l2Codec: [XavcD_1156] unknown/unsupported param index = 0xD200180A
07-27 08:29:14.808   781 26670 W QC2V4l2Codec: [XavcD_1156] unknown/unsupported param index = 0xD200180A
07-27 08:29:14.908   781 26670 W QC2V4l2Codec: [XavcD_1156] unknown/unsupported param index = 0xD200180A
07-27 08:29:14.934   754  1109 I chatty  : uid=1041(audioserver) HwBinder:754_2 expire 2 lines
07-27 08:29:14.943   789  1104 I chatty  : uid=1041(audioserver) ApmOutput expire 1 line
07-27 08:29:14.975   781 26670 W QC2V4l2Codec: [XavcD_1156] unknown/unsupported param index = 0xD200180A
07-27 08:29:15.009   781 26670 W QC2V4l2Codec: [XavcD_1156] unknown/unsupported param index = 0xD200180A
07-27 08:29:15.042   781 26670 W QC2V4l2Codec: [XavcD_1156] unknown/unsupported param index = 0xD200180A
07-27 08:29:15.975   781 26670 W QC2V4l2Codec: [XavcD_1156] unknown/unsupported param index = 0xD200180A
07-27 08:29:16.020   754  9037 I chatty  : uid=1041(audioserver) writer expire 12 lines
07-27 08:29:16.042   781 26670 W QC2V4l2Codec: [XavcD_1156] unknown/unsupported param index = 0xD200180A
07-27 08:29:16.175   781 26670 I chatty  : uid=1046(mediacodec) vendor.qti.medi identical 49 lines
07-27 08:29:16.207   781 26670 W QC2V4l2Codec: [XavcD_1156] unknown/unsupported param index = 0xD200180A
07-27 08:29:16.209   858 26667 I NuPlayerDecoder: [video] saw output EOS
07-27 08:29:16.316 26577 26834 I chatty  : uid=10506(com.nick.noggin.debug) RxCachedThreadS expire 2 lines
07-27 08:29:16.545   781 26670 I QC2Comp : [XavcD_1156] Stats: Works: Q(632)/Done(632)| Work-Rate: Q(31.6/s Avg=31.5/s) Done(31.598/s Avg=31.548/s)| Stream: 30.00fps 115.6Kbps| Pending(0) i/p-done(0)
07-27 08:29:16.772   858 26650 D NuPlayerDriver: notifyListener_l(0xf1cd3200), (2, 0, 0, -1), loop setting(0, 0)
07-27 08:29:16.773   858 26650 D NuPlayerDriver: notifyListener_l(0xf1cd3200), (211, 0, 0, 20), loop setting(0, 0)
07-27 08:29:16.774   858 29541 D NuPlayerDriver: start(0xf1cd3200), state is 6, eos is 1
07-27 08:29:16.774   858 26650 D NuPlayerDriver: notifyListener_l(0xf1cd3200), (211, 0, 0, 20), loop setting(0, 0)
07-27 08:29:16.775   858 26650 D NuPlayerDriver: notifyListener_l(0xf1cd3200), (211, 0, 0, 20), loop setting(0, 0)
07-27 08:29:16.775  1228  6081 I MediaFocusControl: abandonAudioFocus() from uid/pid 10506/26577 clientId=android.media.AudioManager@695c460
07-27 08:29:16.778   858 26668 D BufferPoolAccessor: bufferpool 0xf1fcb0c8 : 12(15310080 size) total buffers - 10(12758400 size) used buffers - 587/636 (recycle/alloc) - 109/624 (fetch/transfer)
07-27 08:29:16.784   858 26667 I NuPlayerDecoder: [OMX.qcom.video.decoder.avc] resubmitting CSD
07-27 08:29:16.785   858 26667 I NuPlayerDecoder: [OMX.qcom.video.decoder.avc] resubmitting CSD
07-27 08:29:16.785   781 26670 W QC2V4l2Codec: [XavcD_1156] unknown/unsupported param index = 0xD200180A
07-27 08:29:16.822   781 26670 W QC2V4l2Codec: [XavcD_1156] unknown/unsupported param index = 0xD200180A
07-27 08:29:16.822   858 26650 D NuPlayerDriver: notifyListener_l(0xf1cd3200), (211, 0, 0, 20), loop setting(0, 0)
07-27 08:29:16.822   858 26650 D NuPlayerDriver: notifyListener_l(0xf1cd3200), (6, 0, 0, -1), loop setting(0, 0)
07-27 08:29:16.825   781 26670 W QC2V4l2Codec: [XavcD_1156] unknown/unsupported param index = 0xD200180A
07-27 08:29:16.841   781 26670 W QC2V4l2Codec: [XavcD_1156] unknown/unsupported param index = 0xD200180A
07-27 08:29:16.841  7311  7311 I GoogleInputMethodService: GoogleInputMethodService.onFinishInputView():2135 
07-27 08:29:16.843  7311  7311 I AndroidIME: AbstractIme.onDeactivate():161 PasswordIme.onDeactivate()
07-27 08:29:16.850  7311  7311 I GoogleInputMethodService: GoogleInputMethodService.onStartInput():1808 
07-27 08:29:16.850   781 26670 W QC2V4l2Codec: [XavcD_1156] unknown/unsupported param index = 0xD200180A
07-27 08:29:16.850  7311  7311 W SessionManager: SessionManager.beginSession():53 Try to begin an already begun session [INPUT_SESSION], end it first
07-27 08:29:16.857   781 26670 W QC2V4l2Codec: [XavcD_1156] unknown/unsupported param index = 0xD200180A
07-27 08:29:16.924   781 26670 W QC2V4l2Codec: [XavcD_1156] unknown/unsupported param index = 0xD200180A
07-27 08:29:16.991   781 26670 W QC2V4l2Codec: [XavcD_1156] unknown/unsupported param index = 0xD200180A
07-27 08:29:17.024   781 26670 W QC2V4l2Codec: [XavcD_1156] unknown/unsupported param index = 0xD200180A
07-27 08:29:17.058   781 26670 W QC2V4l2Codec: [XavcD_1156] unknown/unsupported param index = 0xD200180A
07-27 08:29:17.925   781 26670 W QC2V4l2Codec: [XavcD_1156] unknown/unsupported param index = 0xD200180A
07-27 08:29:17.932   754  1098 I chatty  : uid=1041(audioserver) HwBinder:754_1 expire 3 lines
07-27 08:29:17.958   781 26670 W QC2V4l2Codec: [XavcD_1156] unknown/unsupported param index = 0xD200180A
07-27 08:29:17.982   754  9037 I chatty  : uid=1041(audioserver) writer expire 69 lines
07-27 08:29:18.025   781 26670 W QC2V4l2Codec: [XavcD_1156] unknown/unsupported param index = 0xD200180A
07-27 08:29:18.225   781 26670 W QC2V4l2Codec: [XavcD_1156] unknown/unsupported param index = 0xD200180A
07-27 08:29:18.251  1768  1768 D ImsResolver: maybeAddedImsService, packageName: com.nick.noggin.debug
07-27 08:29:18.252  1228  1445 I InputReader: Reconfiguring input devices.  changes=0x00000010
07-27 08:29:18.255  1228  1228 I Telecom : DefaultDialerCache: Refreshing default dialer for user 0: now com.google.android.dialer: DDC.oR@IlM
07-27 08:29:18.257   781 26670 W QC2V4l2Codec: [XavcD_1156] unknown/unsupported param index = 0xD200180A
07-27 08:29:18.267  2281  2281 D RegisteredNfcFServicesCache: Service unchanged, not updating
07-27 08:29:18.275  1768  1768 E PhoneInterfaceManager: [PhoneIntfMgr] getCarrierPackageNamesForIntent: No UICC
07-27 08:29:18.275  1768  1768 D CarrierSvcBindHelper: No carrier app for: 0
07-27 08:29:18.281  2975 26908 I Fitness : OnPackageChangedOperation got intent: Intent { act=android.intent.action.PACKAGE_CHANGED dat=package:com.nick.noggin.debug flg=0x45000010 cmp=com.google.android.gms/.chimera.PersistentIntentOperationService (has extras) } [CONTEXT service_id=17 ]
07-27 08:29:18.313  2975 26914 I Fitness : FitCleanupIntentOperation received Intent android.intent.action.PACKAGE_CHANGED [CONTEXT service_id=17 ]
07-27 08:29:18.324   781 26670 W QC2V4l2Codec: [XavcD_1156] unknown/unsupported param index = 0xD200180A
07-27 08:29:18.358   781 26670 W QC2V4l2Codec: [XavcD_1156] unknown/unsupported param index = 0xD200180A
07-27 08:29:18.366  3061  3146 I Icing   : IndexChimeraService.getServiceInterface callingPackage=com.google.android.gms componentName=AppsCorpus serviceId=36
07-27 08:29:18.374  3061 18416 I GmsCoreXrpcWrapper: Returning a channel provider with trafficStatsTag=12803
07-27 08:29:18.391   781 26670 W QC2V4l2Codec: [XavcD_1156] unknown/unsupported param index = 0xD200180A
07-27 08:29:18.393  3061  3146 I Icing   : IndexChimeraService.getServiceInterface callingPackage=com.google.android.gms componentName=null serviceId=30
07-27 08:29:18.393  3061 18416 I Icing   : Usage reports ok 0, Failed Usage reports 0, indexed 0, rejected 0
07-27 08:29:18.395  3061 18416 I Icing   : Indexing com.google.android.gms-internal.3p:MobileApplication from com.google.android.gms using seqno 0
07-27 08:29:18.397  3061 18416 I chatty  : uid=10028(com.google.android.gms) lowpool[42] identical 1 line
07-27 08:29:18.398  3061 18416 I Icing   : Indexing com.google.android.gms-internal.3p:MobileApplication from com.google.android.gms using seqno 0
07-27 08:29:18.408  3061 18416 I GmsCoreXrpcWrapper: Returning a channel provider with trafficStatsTag=12803
07-27 08:29:18.414  3061 18416 I Icing   : Usage reports ok 0, Failed Usage reports 0, indexed 0, rejected 0
07-27 08:29:18.459   781 26670 W QC2V4l2Codec: [XavcD_1156] unknown/unsupported param index = 0xD200180A
07-27 08:29:18.725   781 26670 W QC2V4l2Codec: [XavcD_1156] unknown/unsupported param index = 0xD200180A
